<html>
<body>
<pre>
<h1>礦ision Build Log</h1>
<h2>Tool Versions:</h2>
IDE-Version: μVision V5.20.0.0
Copyright (C) 2016 ARM Ltd and ARM Germany GmbH. All rights reserved.
License Information: liang 梁锦龙, dgut, LIC=WHY12-94X6F-8R6XR-KUJ4E-DFA8B-VAIEM
 
Tool Versions:
Toolchain:       MDK-ARM Plus  Version: 5.20
Toolchain Path:  D:\Program Files\keil\ARM\ARMCC\Bin
C Compiler:      Armcc.exe V5.06 update 2 (build 183)
Assembler:       Armasm.exe V5.06 update 2 (build 183)
Linker/Locator:  ArmLink.exe V5.06 update 2 (build 183)
Library Manager: ArmAr.exe V5.06 update 2 (build 183)
Hex Converter:   FromElf.exe V5.06 update 2 (build 183)
CPU DLL:         SARMCM3.DLL V5.20
Dialog DLL:      DCM.DLL V1.13.7.0
Target DLL:      Segger\JL2CM3.dll V2.99.20.0
Dialog DLL:      TCM.DLL V1.14.9.0
 
<h2>Project:</h2>
E:\嵌入式文件与资料\Keil\Charge_Test\Charge_Test\Poject\project.uvprojx
Project File Date:  01/22/2018

<h2>Output:</h2>
*** Using Compiler 'V5.06 update 2 (build 183)', folder: 'D:\Program Files\keil\ARM\ARMCC\Bin'
Build target 'Target 1'
compiling main.c...
..\SYSTEM\main.c(68): warning:  #177-D: variable "fsrc" was declared but never referenced
  		FIL fsrc;	  		//?募?1
..\SYSTEM\main.c(70): warning:  #177-D: variable "str" was declared but never referenced
  		char str[20];
..\SYSTEM\main.c(72): warning:  #550-D: variable "Temp_struct" was set but never used
  		TestData_Type Temp_struct;
..\SYSTEM\main.c(45): warning:  #177-D: variable "led0_thread" was declared but never referenced
  static struct rt_thread led0_thread;//?叱炭??瓶?
..\SYSTEM\main.c(48): warning:  #177-D: variable "rt_led0_thread_stack" was declared but never referenced
  static rt_uint8_t rt_led0_thread_stack[256];//?叱?栈
..\SYSTEM\main.c(53): warning:  #177-D: function "led0_thread_entry" was declared but never referenced
  static void led0_thread_entry(void* parameter)
..\SYSTEM\main.c: 6 warnings, 0 errors
linking...
Program Size: Code=34288 RO-data=1976 RW-data=348 ZI-data=5300  
".\Objects\project.axf" - 0 Error(s), 6 Warning(s).

<h2>Software Packages used:</h2>

Package Vendor: rt-thread
                http://www.rt-thread.org/download/mdk/rt-thread.rtthread.2.1.1.pack
                rt-thread.RT-Thread::RTOS:shell:2.1.2
                RT-Thread Software Components
   * Component: shell Version: 2.1.2
   * Component: device drivers Version: 2.1.2
   * Component: kernel Version: 2.1.2

Package Vendor: ARM
                http://www.keil.com/pack/ARM.CMSIS.4.5.0.pack
                ARM::CMSIS:CORE:4.3.0
                CMSIS (Cortex Microcontroller Software Interface Standard)
   * Component: CORE Version: 4.3.0

<h2>Collection of Component include folders:</h2>
  E:\嵌入式文件与资料\Keil\Charge_Test\Charge_Test\Poject\RTE
  E:\嵌入式文件与资料\Keil\Charge_Test\Charge_Test\Poject\RTE\RTOS
  D:\Program Files\keil\ARM\PACK\ARM\CMSIS\4.5.0\CMSIS\Include
  D:\Program Files\keil\ARM\PACK\Keil\STM32F4xx_DFP\2.10.0\Drivers\CMSIS\Device\ST\STM32F4xx\Include
  D:\Program Files\keil\ARM\PACK\rt-thread\rtthread\2.1.1\components\drivers\include
  D:\Program Files\keil\ARM\PACK\rt-thread\rtthread\2.1.1\components\finsh
  D:\Program Files\keil\ARM\PACK\rt-thread\rtthread\2.1.1\include

<h2>Collection of Component Files used:</h2>

   * Component: rt-thread.RT-Thread::RTOS:shell:2.1.2
      Source file:   components\finsh\msh.c
      Source file:   components\finsh\shell.c
      Source file:   components\finsh\cmd.c
      Source file:   components\finsh\symbol.c
      Source file:   components\finsh\msh_file.c
      Source file:   components\finsh\msh_cmd.c

   * Component: rt-thread.RT-Thread::RTOS:device drivers:2.1.2
      Source file:   components\drivers\src\completion.c
      Source file:   components\drivers\src\pipe.c
      Source file:   components\drivers\src\portal.c
      Include file:  components\drivers\include\rtdevice.h
      Source file:   components\drivers\src\ringbuffer.c
      Source file:   components\drivers\src\workqueue.c

   * Component: rt-thread.RT-Thread::RTOS:kernel:2.1.2
      Source file:   src\object.c
      Source file:   src\thread.c
      Source file:   src\clock.c
      Source file:   src\components.c
      Source file:   src\ipc.c
      Include file:  bsp\rtconfig.h
      Source file:   src\scheduler.c
      Source file:   src\timer.c
      Source file:   src\idle.c
      Source file:   src\kservice.c
      Source file:   libcpu\arm\cortex-m4\cpuport.c
      Source file:   src\mem.c
      Source file:   bsp\board.c
      Source file:   src\irq.c
      Source file:   src\device.c
      Source file:   libcpu\arm\cortex-m4\context_rvds.S

   * Component: ARM::CMSIS:CORE:4.3.0
Build Time Elapsed:  00:00:01
</pre>
</body>
</html>
