Component: ARM Compiler 5.06 update 6 (build 750) Tool: armlink [4d35ed]

==============================================================================

Section Cross References

    startup_stm32f40_41xxx.o(RESET) refers to startup_stm32f40_41xxx.o(STACK) for __initial_sp
    startup_stm32f40_41xxx.o(RESET) refers to startup_stm32f40_41xxx.o(.text) for Reset_Handler
    startup_stm32f40_41xxx.o(RESET) refers to stm32f4xx_it.o(i.NMI_Handler) for NMI_Handler
    startup_stm32f40_41xxx.o(RESET) refers to context_rvds.o(.text) for HardFault_Handler
    startup_stm32f40_41xxx.o(RESET) refers to stm32f4xx_it.o(i.MemManage_Handler) for MemManage_Handler
    startup_stm32f40_41xxx.o(RESET) refers to stm32f4xx_it.o(i.BusFault_Handler) for BusFault_Handler
    startup_stm32f40_41xxx.o(RESET) refers to stm32f4xx_it.o(i.UsageFault_Handler) for UsageFault_Handler
    startup_stm32f40_41xxx.o(RESET) refers to stm32f4xx_it.o(i.SVC_Handler) for SVC_Handler
    startup_stm32f40_41xxx.o(RESET) refers to stm32f4xx_it.o(i.DebugMon_Handler) for DebugMon_Handler
    startup_stm32f40_41xxx.o(RESET) refers to board.o(i.SysTick_Handler) for SysTick_Handler
    startup_stm32f40_41xxx.o(RESET) refers to rtc.o(i.RTC_WKUP_IRQHandler) for RTC_WKUP_IRQHandler
    startup_stm32f40_41xxx.o(RESET) refers to wkup.o(i.EXTI0_IRQHandler) for EXTI0_IRQHandler
    startup_stm32f40_41xxx.o(RESET) refers to usart1.o(i.USART1_IRQHandler) for USART1_IRQHandler
    startup_stm32f40_41xxx.o(RESET) refers to usart2.o(i.USART2_IRQHandler) for USART2_IRQHandler
    startup_stm32f40_41xxx.o(RESET) refers to usart3.o(i.USART3_IRQHandler) for USART3_IRQHandler
    startup_stm32f40_41xxx.o(RESET) refers to rtc.o(i.RTC_Alarm_IRQHandler) for RTC_Alarm_IRQHandler
    startup_stm32f40_41xxx.o(RESET) refers to sdio_sdcard.o(i.SDIO_IRQHandler) for SDIO_IRQHandler
    startup_stm32f40_41xxx.o(RESET) refers to usbd_usr.o(i.OTG_FS_IRQHandler) for OTG_FS_IRQHandler
    startup_stm32f40_41xxx.o(.text) refers to system_stm32f4xx.o(i.SystemInit) for SystemInit
    startup_stm32f40_41xxx.o(.text) refers to entry.o(.ARM.Collect$$$$00000000) for __main
    main.o(i.main) refers to app.o(i.Main_entry) for Main_entry
    system_stm32f4xx.o(i.SystemCoreClockUpdate) refers to system_stm32f4xx.o(.data) for SystemCoreClock
    system_stm32f4xx.o(i.SystemInit) refers to system_stm32f4xx.o(i.SetSysClock) for SetSysClock
    led.o(i.LED_Init) refers to stm32f4xx_rcc.o(i.RCC_AHB1PeriphClockCmd) for RCC_AHB1PeriphClockCmd
    led.o(i.LED_Init) refers to stm32f4xx_gpio.o(i.GPIO_Init) for GPIO_Init
    led.o(i.LED_Init) refers to stm32f4xx_gpio.o(i.GPIO_SetBits) for GPIO_SetBits
    sdio_sdcard.o(i.CmdError) refers to stm32f4xx_sdio.o(i.SDIO_GetFlagStatus) for SDIO_GetFlagStatus
    sdio_sdcard.o(i.CmdError) refers to stm32f4xx_sdio.o(i.SDIO_ClearFlag) for SDIO_ClearFlag
    sdio_sdcard.o(i.CmdResp1Error) refers to stm32f4xx_sdio.o(i.SDIO_GetFlagStatus) for SDIO_GetFlagStatus
    sdio_sdcard.o(i.CmdResp1Error) refers to stm32f4xx_sdio.o(i.SDIO_ClearFlag) for SDIO_ClearFlag
    sdio_sdcard.o(i.CmdResp2Error) refers to stm32f4xx_sdio.o(i.SDIO_ClearFlag) for SDIO_ClearFlag
    sdio_sdcard.o(i.CmdResp2Error) refers to stm32f4xx_sdio.o(i.SDIO_GetFlagStatus) for SDIO_GetFlagStatus
    sdio_sdcard.o(i.CmdResp3Error) refers to stm32f4xx_sdio.o(i.SDIO_GetFlagStatus) for SDIO_GetFlagStatus
    sdio_sdcard.o(i.CmdResp3Error) refers to stm32f4xx_sdio.o(i.SDIO_ClearFlag) for SDIO_ClearFlag
    sdio_sdcard.o(i.CmdResp6Error) refers to stm32f4xx_sdio.o(i.SDIO_GetFlagStatus) for SDIO_GetFlagStatus
    sdio_sdcard.o(i.CmdResp6Error) refers to stm32f4xx_sdio.o(i.SDIO_ClearFlag) for SDIO_ClearFlag
    sdio_sdcard.o(i.CmdResp7Error) refers to stm32f4xx_sdio.o(i.SDIO_ClearFlag) for SDIO_ClearFlag
    sdio_sdcard.o(i.FindSCR) refers to stm32f4xx_sdio.o(i.SDIO_SendCommand) for SDIO_SendCommand
    sdio_sdcard.o(i.FindSCR) refers to sdio_sdcard.o(i.CmdResp1Error) for CmdResp1Error
    sdio_sdcard.o(i.FindSCR) refers to stm32f4xx_sdio.o(i.SDIO_DataConfig) for SDIO_DataConfig
    sdio_sdcard.o(i.FindSCR) refers to stm32f4xx_sdio.o(i.SDIO_GetFlagStatus) for SDIO_GetFlagStatus
    sdio_sdcard.o(i.FindSCR) refers to stm32f4xx_sdio.o(i.SDIO_ClearFlag) for SDIO_ClearFlag
    sdio_sdcard.o(i.FindSCR) refers to sdio_sdcard.o(.bss) for SDIO_CmdInitStructure
    sdio_sdcard.o(i.FindSCR) refers to sdio_sdcard.o(.data) for RCA
    sdio_sdcard.o(i.IsCardProgramming) refers to stm32f4xx_sdio.o(i.SDIO_SendCommand) for SDIO_SendCommand
    sdio_sdcard.o(i.IsCardProgramming) refers to stm32f4xx_sdio.o(i.SDIO_GetFlagStatus) for SDIO_GetFlagStatus
    sdio_sdcard.o(i.IsCardProgramming) refers to stm32f4xx_sdio.o(i.SDIO_ClearFlag) for SDIO_ClearFlag
    sdio_sdcard.o(i.IsCardProgramming) refers to sdio_sdcard.o(.data) for RCA
    sdio_sdcard.o(i.IsCardProgramming) refers to sdio_sdcard.o(.bss) for SDIO_CmdInitStructure
    sdio_sdcard.o(i.SDEnWideBus) refers to sdio_sdcard.o(i.FindSCR) for FindSCR
[...]
    list_thread                              0x0800ab35   Thumb Code    10  cmd.o(i.list_thread)
    list_timer                               0x0800ab45   Thumb Code    10  cmd.o(i.list_timer)
    $Super$$main                             0x0800ab55   Thumb Code    10  main.o(i.main)
    main_thread_entry                        0x0800ab5f   Thumb Code    14  components.o(i.main_thread_entry)
    msh_auto_complete                        0x0800abf5   Thumb Code   138  msh_1.o(i.msh_auto_complete)
    msh_exec                                 0x0800ac95   Thumb Code    82  msh_1.o(i.msh_exec)
    msh_help                                 0x0800ad5d   Thumb Code    64  msh_1.o(i.msh_help)
    msh_is_used                              0x0800add1   Thumb Code     4  msh_1.o(i.msh_is_used)
    mtk                                      0x0800ae6f   Thumb Code    32  msh.o(i.mtk)
    my_atoi                                  0x0800ae8f   Thumb Code    46  csv_database.o(i.my_atoi)
    my_itoa                                  0x0800aebd   Thumb Code    96  csv_database.o(i.my_itoa)
    my_strncpy                               0x0800af1d   Thumb Code    24  csv_database.o(i.my_strncpy)
    mycmd                                    0x0800af35   Thumb Code    12  msh.o(i.mycmd)
    page                                     0x0800afad   Thumb Code    18  msh.o(i.page)
    print                                    0x0800b039   Thumb Code    34  msh.o(i.print)
    put_fat                                  0x0800b1f9   Thumb Code   310  ff.o(i.put_fat)
    qc                                       0x0800b32f   Thumb Code    24  msh.o(i.qc)
    rt_application_init                      0x0800b3ed   Thumb Code    32  components.o(i.rt_application_init)
    rt_components_board_init                 0x0800b419   Thumb Code    38  components.o(i.rt_components_board_init)
    rt_components_init                       0x0800b465   Thumb Code    44  components.o(i.rt_components_init)
    rt_console_get_device                    0x0800b4d5   Thumb Code     6  kservice.o(i.rt_console_get_device)
    rt_console_set_device                    0x0800b4e1   Thumb Code    48  kservice.o(i.rt_console_set_device)
    rt_device_close                          0x0800b515   Thumb Code    54  device.o(i.rt_device_close)
    rt_device_find                           0x0800b54d   Thumb Code    76  device.o(i.rt_device_find)
    rt_device_open                           0x0800b59d   Thumb Code   110  device.o(i.rt_device_open)
    rt_device_read                           0x0800b645   Thumb Code    62  device.o(i.rt_device_read)
    rt_device_register                       0x0800b683   Thumb Code    52  device.o(i.rt_device_register)
    rt_device_set_rx_indicate                0x0800b6b7   Thumb Code     8  device.o(i.rt_device_set_rx_indicate)
    rt_device_write                          0x0800b6bf   Thumb Code    62  device.o(i.rt_device_write)
    rt_enter_critical                        0x0800b6fd   Thumb Code    28  scheduler.o(i.rt_enter_critical)
    rt_exit_critical                         0x0800b71d   Thumb Code    54  scheduler.o(i.rt_exit_critical)
    rt_free                                  0x0800b759   Thumb Code   116  mem.o(i.rt_free)
    rt_hw_board_init                         0x0800b7e5   Thumb Code   174  board.o(i.rt_hw_board_init)
    rt_hw_console_output                     0x0800b8f1   Thumb Code    74  usart2.o(i.rt_hw_console_output)
    rt_hw_hard_fault_exception               0x0800b941   Thumb Code   112  cpuport.o(i.rt_hw_hard_fault_exception)
    rt_hw_stack_init                         0x0800ba51   Thumb Code    74  cpuport.o(i.rt_hw_stack_init)
    rt_hw_usart_init                         0x0800baa1   Thumb Code    74  usart2.o(i.rt_hw_usart_init)
    rt_interrupt_enter                       0x0800bb11   Thumb Code    42  irq.o(i.rt_interrupt_enter)
    rt_interrupt_get_nest                    0x0800bb45   Thumb Code     6  irq.o(i.rt_interrupt_get_nest)
    rt_interrupt_leave                       0x0800bb51   Thumb Code    42  irq.o(i.rt_interrupt_leave)
    rt_kprintf                               0x0800bc15   Thumb Code    96  kservice.o(i.rt_kprintf)
    rt_malloc                                0x0800bd31   Thumb Code   360  mem.o(i.rt_malloc)
    rt_mb_create                             0x0800beb9   Thumb Code    82  ipc.o(i.rt_mb_create)
    rt_mb_init                               0x0800bf0b   Thumb Code    62  ipc.o(i.rt_mb_init)
    rt_mb_recv                               0x0800bf49   Thumb Code   300  ipc.o(i.rt_mb_recv)
    rt_mb_send                               0x0800c07d   Thumb Code    18  ipc.o(i.rt_mb_send)
    rt_mb_send_wait                          0x0800c091   Thumb Code   266  ipc.o(i.rt_mb_send_wait)
    rt_memmove                               0x0800c1a1   Thumb Code    66  kservice.o(i.rt_memmove)
    rt_memset                                0x0800c1e3   Thumb Code    72  kservice.o(i.rt_memset)
    rt_object_allocate                       0x0800c22d   Thumb Code    90  object.o(i.rt_object_allocate)
    rt_object_delete                         0x0800c291   Thumb Code    50  object.o(i.rt_object_delete)
    rt_object_detach                         0x0800c2c9   Thumb Code    44  object.o(i.rt_object_detach)
    rt_object_init                           0x0800c2f9   Thumb Code    76  object.o(i.rt_object_init)
    rt_object_is_systemobject                0x0800c34d   Thumb Code    18  object.o(i.rt_object_is_systemobject)
    rt_ringbuffer_get                        0x0800c41b   Thumb Code   164  ringbuffer.o(i.rt_ringbuffer_get)
    rt_ringbuffer_init                       0x0800c4bf   Thumb Code    48  ringbuffer.o(i.rt_ringbuffer_init)
    rt_ringbuffer_putchar_force              0x0800c4ef   Thumb Code   126  ringbuffer.o(i.rt_ringbuffer_putchar_force)
    rt_schedule                              0x0800c599   Thumb Code   118  scheduler.o(i.rt_schedule)
    rt_schedule_insert_thread                0x0800c62d   Thumb Code    64  scheduler.o(i.rt_schedule_insert_thread)
    rt_schedule_remove_thread                0x0800c675   Thumb Code    76  scheduler.o(i.rt_schedule_remove_thread)
    rt_sem_init                              0x0800c6c9   Thumb Code    38  ipc.o(i.rt_sem_init)
    rt_sem_release                           0x0800c6f1   Thumb Code    76  ipc.o(i.rt_sem_release)
    rt_sem_take                              0x0800c741   Thumb Code   152  ipc.o(i.rt_sem_take)
    rt_set_errno                             0x0800c7e1   Thumb Code    36  kservice.o(i.rt_set_errno)
    rt_show_version                          0x0800c809   Thumb Code    38  kservice.o(i.rt_show_version)
    rt_strlen                                0x0800c8b9   Thumb Code    18  kservice.o(i.rt_strlen)
    rt_strncmp                               0x0800c8cb   Thumb Code    40  kservice.o(i.rt_strncmp)
    rt_strncpy                               0x0800c8f3   Thumb Code    52  kservice.o(i.rt_strncpy)
    rt_system_heap_init                      0x0800c929   Thumb Code   160  mem.o(i.rt_system_heap_init)
    rt_system_scheduler_init                 0x0800ca21   Thumb Code    52  scheduler.o(i.rt_system_scheduler_init)
    rt_system_scheduler_start                0x0800ca6d   Thumb Code    36  scheduler.o(i.rt_system_scheduler_start)
    rt_system_timer_init                     0x0800ca9d   Thumb Code    24  timer.o(i.rt_system_timer_init)
    rt_system_timer_thread_init              0x0800cab9   Thumb Code     2  timer.o(i.rt_system_timer_thread_init)
    rt_thread_create                         0x0800cabb   Thumb Code    80  thread.o(i.rt_thread_create)
    rt_thread_delay                          0x0800cb0b   Thumb Code    12  thread.o(i.rt_thread_delay)
    rt_thread_delete                         0x0800cb19   Thumb Code    56  thread.o(i.rt_thread_delete)
    rt_thread_exit                           0x0800cb55   Thumb Code    76  thread.o(i.rt_thread_exit)
    rt_thread_idle_excute                    0x0800cbc1   Thumb Code   114  idle.o(i.rt_thread_idle_excute)
    rt_thread_idle_init                      0x0800cc39   Thumb Code    38  idle.o(i.rt_thread_idle_init)
    rt_thread_init                           0x0800cc75   Thumb Code    52  thread.o(i.rt_thread_init)
    rt_thread_resume                         0x0800cca9   Thumb Code    74  thread.o(i.rt_thread_resume)
    rt_thread_self                           0x0800ccf9   Thumb Code     6  thread.o(i.rt_thread_self)
    rt_thread_sleep                          0x0800cd05   Thumb Code    62  thread.o(i.rt_thread_sleep)
    rt_thread_startup                        0x0800cd49   Thumb Code    44  thread.o(i.rt_thread_startup)
    rt_thread_suspend                        0x0800cd75   Thumb Code    72  thread.o(i.rt_thread_suspend)
    rt_thread_timeout                        0x0800cdc1   Thumb Code    32  thread.o(i.rt_thread_timeout)
    rt_thread_yield                          0x0800cde1   Thumb Code    88  thread.o(i.rt_thread_yield)
    rt_tick_get                              0x0800ce41   Thumb Code     6  clock.o(i.rt_tick_get)
    rt_tick_increase                         0x0800ce4d   Thumb Code    42  clock.o(i.rt_tick_increase)
    rt_timer_check                           0x0800ce7d   Thumb Code   136  timer.o(i.rt_timer_check)
    rt_timer_control                         0x0800cf0d   Thumb Code    56  timer.o(i.rt_timer_control)
    rt_timer_detach                          0x0800cf45   Thumb Code    32  timer.o(i.rt_timer_detach)
    rt_timer_init                            0x0800cf65   Thumb Code    46  timer.o(i.rt_timer_init)
    rt_timer_start                           0x0800cf95   Thumb Code   256  timer.o(i.rt_timer_start)
    rt_timer_stop                            0x0800d0a1   Thumb Code    66  timer.o(i.rt_timer_stop)
    rt_vsnprintf                             0x0800d209   Thumb Code   800  kservice.o(i.rt_vsnprintf)
    rtthread_startup                         0x0800d541   Thumb Code    42  components.o(i.rtthread_startup)
    showadc                                  0x0800d6a5   Thumb Code    46  msh.o(i.showadc)
    showtime                                 0x0800d6ed   Thumb Code    58  msh.o(i.showtime)
    sw                                       0x0800d7b1   Thumb Code    16  msh.o(i.sw)
    uart1_init                               0x0800d8dd   Thumb Code   172  usart1.o(i.uart1_init)
    uart2_init                               0x0800d991   Thumb Code   172  usart2.o(i.uart2_init)
    uart_irq_handler                         0x0800da45   Thumb Code    66  usart2.o(i.uart_irq_handler)
    version                                  0x0800dac3   Thumb Code    10  cmd.o(i.version)
    __rti_rt_hw_usart_init_name              0x0800dacc   Data          17  usart2.o(.constdata)
    __fsym___cmd_mycmd_name                  0x0800dadd   Data          12  msh.o(.constdata)
    __fsym___cmd_print_name                  0x0800dae9   Data          12  msh.o(.constdata)
    __fsym___cmd_dac_name                    0x0800daf5   Data          10  msh.o(.constdata)
    __fsym___cmd_showadc_name                0x0800daff   Data          14  msh.o(.constdata)
    __fsym___cmd_sw_name                     0x0800db0d   Data           9  msh.o(.constdata)
    __fsym___cmd_showtime_name               0x0800db16   Data          15  msh.o(.constdata)
    __fsym___cmd_page_name                   0x0800db25   Data          11  msh.o(.constdata)
    __fsym___cmd_mtk_name                    0x0800db30   Data          10  msh.o(.constdata)
    __fsym___cmd_qc_name                     0x0800db3a   Data           9  msh.o(.constdata)
    __fsym_hello_name                        0x0800db44   Data           6  cmd.o(.constdata)
    __fsym_version_name                      0x0800db4a   Data           8  cmd.o(.constdata)
    __fsym___cmd_version_name                0x0800db52   Data          14  cmd.o(.constdata)
    __fsym_list_thread_name                  0x0800db60   Data          12  cmd.o(.constdata)
    __fsym___cmd_list_thread_name            0x0800db6c   Data          18  cmd.o(.constdata)
    __fsym_list_sem_name                     0x0800db7e   Data           9  cmd.o(.constdata)
    __fsym___cmd_list_sem_name               0x0800db87   Data          15  cmd.o(.constdata)
    __fsym_list_event_name                   0x0800db96   Data          11  cmd.o(.constdata)
    __fsym___cmd_list_event_name             0x0800dba1   Data          17  cmd.o(.constdata)
    __fsym_list_mutex_name                   0x0800dbb2   Data          11  cmd.o(.constdata)
    __fsym___cmd_list_mutex_name             0x0800dbbd   Data          17  cmd.o(.constdata)
    __fsym_list_mailbox_name                 0x0800dbce   Data          13  cmd.o(.constdata)
    __fsym___cmd_list_mailbox_name           0x0800dbdb   Data          19  cmd.o(.constdata)
    __fsym_list_mempool_name                 0x0800dbee   Data          13  cmd.o(.constdata)
    __fsym___cmd_list_mempool_name           0x0800dbfb   Data          19  cmd.o(.constdata)
    __fsym_list_timer_name                   0x0800dc0e   Data          11  cmd.o(.constdata)
    __fsym___cmd_list_timer_name             0x0800dc19   Data          17  cmd.o(.constdata)
    __fsym_list_device_name                  0x0800dc2a   Data          12  cmd.o(.constdata)
    __fsym___cmd_list_device_name            0x0800dc36   Data          18  cmd.o(.constdata)
    __fsym_list_name                         0x0800dc48   Data           5  cmd.o(.constdata)
    __fsym___cmd_help_name                   0x0800dca0   Data          11  msh_1.o(.constdata)
    __fsym___cmd_ps_name                     0x0800dcab   Data           9  msh_cmd.o(.constdata)
    __fsym___cmd_time_name                   0x0800dcb4   Data          11  msh_cmd.o(.constdata)
    __fsym___cmd_free_name                   0x0800dcbf   Data          11  msh_cmd.o(.constdata)
    __rti_finsh_system_init_name             0x0800dcca   Data          18  shell.o(.constdata)
    __rti_rti_start_name                     0x0800dcdc   Data          10  components.o(.constdata)
    __rti_rti_board_start_name               0x0800dce6   Data          16  components.o(.constdata)
    __rti_rti_board_end_name                 0x0800dcf6   Data          14  components.o(.constdata)
    __rti_rti_end_name                       0x0800dd04   Data           8  components.o(.constdata)
    __lowest_bit_bitmap                      0x0800dd0c   Data         256  kservice.o(.constdata)
    __fsym_list_mem_name                     0x0800de2e   Data           9  mem.o(.constdata)
    __rt_init_desc_rti_start                 0x0800df98   Data           8  components.o(.rti_fn.0)
    __rt_init_desc_rti_board_start           0x0800dfa0   Data           8  components.o(.rti_fn.0.end)
    __rt_init_desc_rt_hw_usart_init          0x0800dfa8   Data           8  usart2.o(.rti_fn.1)
    __rt_init_desc_rti_board_end             0x0800dfb0   Data           8  components.o(.rti_fn.1.end)
    __rt_init_desc_finsh_system_init         0x0800dfb8   Data           8  shell.o(.rti_fn.3)
    __rt_init_desc_rti_end                   0x0800dfc0   Data           8  components.o(.rti_fn.6.end)
    FSymTab$$Base                            0x0800dfc8   Number         0  msh.o(FSymTab)
    __fsym___cmd_mycmd                       0x0800dfc8   Data           8  msh.o(FSymTab)
    __fsym___cmd_print                       0x0800dfd0   Data           8  msh.o(FSymTab)
    __fsym___cmd_dac                         0x0800dfd8   Data           8  msh.o(FSymTab)
    __fsym___cmd_showadc                     0x0800dfe0   Data           8  msh.o(FSymTab)
    __fsym___cmd_sw                          0x0800dfe8   Data           8  msh.o(FSymTab)
    __fsym___cmd_showtime                    0x0800dff0   Data           8  msh.o(FSymTab)
    __fsym___cmd_page                        0x0800dff8   Data           8  msh.o(FSymTab)
    __fsym___cmd_mtk                         0x0800e000   Data           8  msh.o(FSymTab)
    __fsym___cmd_qc                          0x0800e008   Data           8  msh.o(FSymTab)
    __fsym_hello                             0x0800e010   Data           8  cmd.o(FSymTab)
    __fsym_version                           0x0800e018   Data           8  cmd.o(FSymTab)
    __fsym___cmd_version                     0x0800e020   Data           8  cmd.o(FSymTab)
    __fsym_list_thread                       0x0800e028   Data           8  cmd.o(FSymTab)
    __fsym___cmd_list_thread                 0x0800e030   Data           8  cmd.o(FSymTab)
    __fsym_list_sem                          0x0800e038   Data           8  cmd.o(FSymTab)
    __fsym___cmd_list_sem                    0x0800e040   Data           8  cmd.o(FSymTab)
    __fsym_list_event                        0x0800e048   Data           8  cmd.o(FSymTab)
    __fsym___cmd_list_event                  0x0800e050   Data           8  cmd.o(FSymTab)
    __fsym_list_mutex                        0x0800e058   Data           8  cmd.o(FSymTab)
    __fsym___cmd_list_mutex                  0x0800e060   Data           8  cmd.o(FSymTab)
    __fsym_list_mailbox                      0x0800e068   Data           8  cmd.o(FSymTab)
    __fsym___cmd_list_mailbox                0x0800e070   Data           8  cmd.o(FSymTab)
    __fsym_list_mempool                      0x0800e078   Data           8  cmd.o(FSymTab)
    __fsym___cmd_list_mempool                0x0800e080   Data           8  cmd.o(FSymTab)
    __fsym_list_timer                        0x0800e088   Data           8  cmd.o(FSymTab)
    __fsym___cmd_list_timer                  0x0800e090   Data           8  cmd.o(FSymTab)
    __fsym_list_device                       0x0800e098   Data           8  cmd.o(FSymTab)
    __fsym___cmd_list_device                 0x0800e0a0   Data           8  cmd.o(FSymTab)
    __fsym_list                              0x0800e0a8   Data           8  cmd.o(FSymTab)
    __fsym___cmd_help                        0x0800e0b0   Data           8  msh_1.o(FSymTab)
    __fsym___cmd_ps                          0x0800e0b8   Data           8  msh_cmd.o(FSymTab)
    __fsym___cmd_time                        0x0800e0c0   Data           8  msh_cmd.o(FSymTab)
    __fsym___cmd_free                        0x0800e0c8   Data           8  msh_cmd.o(FSymTab)
    __fsym_list_mem                          0x0800e0d0   Data           8  mem.o(FSymTab)
    FSymTab$$Limit                           0x0800e0d8   Number         0  mem.o(FSymTab)
    Region$$Table$$Base                      0x0800e0d8   Number         0  anon$$obj.o(Region$$Table)
    Region$$Table$$Limit                     0x0800e0f8   Number         0  anon$$obj.o(Region$$Table)
    SystemCoreClock                          0x20000000   Data           4  system_stm32f4xx.o(.data)
    AHBPrescTable                            0x20000004   Data          16  system_stm32f4xx.o(.data)
    TransferError                            0x2000001e   Data           1  sdio_sdcard.o(.data)
    TransferEnd                              0x2000001f   Data           1  sdio_sdcard.o(.data)
    tempbuff                                 0x20000020   Data           4  sdio_sdcard.o(.data)
    HMI_TestLimit                            0x20000058   Data           1  hmi.o(.data)
    OSRunning                                0x2000005e   Data           1  delay.o(.data)
    __stdout                                 0x20000060   Data           4  usart1.o(.data)
    HMI_RX_FLAG                              0x20000064   Data           1  usart1.o(.data)
    UASRT1_RX_BUFFER_LEN                     0x20000065   Data           1  usart1.o(.data)
    USART1_0XFF_FLAG                         0x20000066   Data           1  usart1.o(.data)
    USART3_RX_Size                           0x20000067   Data           1  usart3.o(.data)
    USART3_RX_Flag                           0x20000068   Data           1  usart3.o(.data)
    Device_STA                               0x200000b0   Data           1  app.o(.data)
    HMI_Event                                0x200000b1   Data           1  app.o(.data)
    Standard_val                             0x200000b2   Data           1  app.o(.data)
    SET_TEST_MODE                            0x200000b4   Data           4  usbd_core.o(.data)
    USBD_DCD_INT_cb                          0x200000b8   Data          44  usbd_core.o(.data)
    USBD_DCD_INT_fops                        0x200000e4   Data           4  usbd_core.o(.data)
    USBD_ep_status                           0x200000e8   Data           4  usbd_req.o(.data)
    USBD_default_cfg                         0x200000ec   Data           4  usbd_req.o(.data)
    USBD_cfg_status                          0x200000f0   Data           4  usbd_req.o(.data)
    shell                                    0x200000f8   Data           4  shell.o(.data)
    _syscall_table_begin                     0x200000fc   Data           4  symbol.o(.data)
    _syscall_table_end                       0x20000100   Data           4  symbol.o(.data)
    _sysvar_table_begin                      0x20000104   Data           4  symbol.o(.data)
    _sysvar_table_end                        0x20000108   Data           4  symbol.o(.data)
    rt_interrupt_from_thread                 0x2000010c   Data           4  cpuport.o(.data)
    rt_interrupt_to_thread                   0x20000110   Data           4  cpuport.o(.data)
    rt_thread_switch_interrupt_flag          0x20000114   Data           4  cpuport.o(.data)
    rt_interrupt_nest                        0x2000012c   Data           1  irq.o(.data)
    rt_object_container                      0x20000158   Data         128  object.o(.data)
    rt_object_trytake_hook                   0x200001e0   Data           4  object.o(.data)
    rt_object_take_hook                      0x200001e4   Data           4  object.o(.data)
    rt_object_put_hook                       0x200001e8   Data           4  object.o(.data)
    rt_current_thread                        0x200001f0   Data           4  scheduler.o(.data)
    rt_current_priority                      0x200001f4   Data           1  scheduler.o(.data)
    rt_thread_ready_priority_group           0x200001f8   Data           4  scheduler.o(.data)
    rt_thread_defunct                        0x200001fc   Data           8  scheduler.o(.data)
    SDIO_InitStructure                       0x20000228   Data          24  sdio_sdcard.o(.bss)
    SDIO_CmdInitStructure                    0x20000240   Data          20  sdio_sdcard.o(.bss)
    SDIO_DataInitStructure                   0x20000254   Data          24  sdio_sdcard.o(.bss)
    SDCardInfo                               0x20000290   Data          88  sdio_sdcard.o(.bss)
    SDIO_DATA_BUFFER                         0x200002e8   Data         512  sdio_sdcard.o(.bss)
    HLW8032REG_Structure                     0x200004e8   Data          36  hlw8032.o(.bss)
    HLW8032Data_Structure                    0x2000050c   Data          12  hlw8032.o(.bss)
    USART_RX_BUF                             0x20000518   Data         200  usart1.o(.bss)
    uart2_device                             0x200005e0   Data          92  usart2.o(.bss)
    USART3_RX_BUF                            0x2000063c   Data         100  usart3.o(.bss)
    fat                                      0x200006a0   Data         560  exfuns.o(.bss)
    Fsrc1                                    0x200008d0   Data         552  exfuns.o(.bss)
    Fsrc                                     0x20000af8   Data         552  exfuns.o(.bss)
    fileinfo                                 0x20000d20   Data          24  exfuns.o(.bss)
    dir                                      0x20000d38   Data          28  exfuns.o(.bss)
    Global_str                               0x20000e3c   Data         100  app.o(.bss)
    TestParameters_Structure                 0x20000ea0   Data          64  app.o(.bss)
    USB_OTG_dev                              0x20000ee0   Data        1524  usbd_usr.o(.bss)
    rt_thread_priority_table                 0x200019f8   Data          64  scheduler.o(.bss)
    Image$$RW_IRAM1$$ZI$$Limit               0x20001e38   Number         0  anon$$obj.o ABSOLUTE
    __initial_sp                             0x20001e38   Data           0  startup_stm32f40_41xxx.o(STACK)



==============================================================================

Memory Map of the image

  Image Entry point : 0x08000189

  Load Region LR_IROM1 (Base: 0x08000000, Size: 0x0000e31c, Max: 0x00100000, ABSOLUTE, COMPRESSED[0x0000e184])

    Execution Region ER_IROM1 (Exec base: 0x08000000, Load base: 0x08000000, Size: 0x0000e0f8, Max: 0x00100000, ABSOLUTE)

    Exec Addr    Load Addr    Size         Type   Attr      Idx    E Section Name        Object

    0x08000000   0x08000000   0x00000188   Data   RO            3    RESET               startup_stm32f40_41xxx.o
    0x08000188   0x08000188   0x00000000   Code   RO         7834  * .ARM.Collect$$$$00000000  mc_w.l(entry.o)
    0x08000188   0x08000188   0x00000004   Code   RO         8134    .ARM.Collect$$$$00000001  mc_w.l(entry2.o)
    0x0800018c   0x0800018c   0x00000004   Code   RO         8137    .ARM.Collect$$$$00000004  mc_w.l(entry5.o)
    0x08000190   0x08000190   0x00000000   Code   RO         8139    .ARM.Collect$$$$00000008  mc_w.l(entry7b.o)
    0x08000190   0x08000190   0x00000000   Code   RO         8141    .ARM.Collect$$$$0000000A  mc_w.l(entry8b.o)
    0x08000190   0x08000190   0x00000008   Code   RO         8142    .ARM.Collect$$$$0000000B  mc_w.l(entry9a.o)
    0x08000198   0x08000198   0x00000000   Code   RO         8144    .ARM.Collect$$$$0000000D  mc_w.l(entry10a.o)
    0x08000198   0x08000198   0x00000000   Code   RO         8146    .ARM.Collect$$$$0000000F  mc_w.l(entry11a.o)
    0x08000198   0x08000198   0x00000004   Code   RO         8135    .ARM.Collect$$$$00002712  mc_w.l(entry2.o)
    0x0800019c   0x0800019c   0x00000010   Code   RO         1456    .emb_text           sys.o
    0x080001ac   0x080001ac   0x00000024   Code   RO            4    .text               startup_stm32f40_41xxx.o
    0x080001d0   0x080001d0   0x0000010c   Code   RO         6583    .text               context_rvds.o
    0x080002dc   0x080002dc   0x00000062   Code   RO         7837    .text               mc_w.l(uldiv.o)
    0x0800033e   0x0800033e   0x00000062   Code   RO         7839    .text               mc_w.l(ldiv.o)
    0x080003a0   0x080003a0   0x00000024   Code   RO         7841    .text               mc_w.l(memcpya.o)
    0x080003c4   0x080003c4   0x00000024   Code   RO         7843    .text               mc_w.l(memseta.o)
    0x080003e8   0x080003e8   0x00000018   Code   RO         7845    .text               mc_w.l(strcat.o)
    0x08000400   0x08000400   0x0000000e   Code   RO         7847    .text               mc_w.l(strlen.o)
    0x0800040e   0x0800040e   0x00000012   Code   RO         7851    .text               mc_w.l(strcpy.o)
    0x08000420   0x08000420   0x0000001e   Code   RO         7853    .text               mc_w.l(strncmp.o)
    0x0800043e   0x0800043e   0x0000014e   Code   RO         8118    .text               mf_w.l(dadd.o)
    0x0800058c   0x0800058c   0x000000e4   Code   RO         8120    .text               mf_w.l(dmul.o)
    0x08000670   0x08000670   0x000000de   Code   RO         8122    .text               mf_w.l(ddiv.o)
    0x0800074e   0x0800074e   0x0000001a   Code   RO         8126    .text               mf_w.l(dfltui.o)
    0x08000768   0x08000768   0x00000032   Code   RO         8130    .text               mf_w.l(dfixui.o)
    0x0800079a   0x0800079a   0x00000026   Code   RO         8132    .text               mf_w.l(f2d.o)
    0x080007c0   0x080007c0   0x0000002c   Code   RO         8148    .text               mc_w.l(uidiv.o)
    0x080007ec   0x080007ec   0x0000001e   Code   RO         8150    .text               mc_w.l(llshl.o)
    0x0800080a   0x0800080a   0x00000020   Code   RO         8152    .text               mc_w.l(llushr.o)
    0x0800082a   0x0800082a   0x00000024   Code   RO         8154    .text               mc_w.l(llsshr.o)
    0x0800084e   0x0800084e   0x00000000   Code   RO         8156    .text               mc_w.l(iusefp.o)
    0x0800084e   0x0800084e   0x000000ba   Code   RO         8157    .text               mf_w.l(depilogue.o)
    0x08000908   0x08000908   0x00000030   Code   RO         8159    .text               mf_w.l(dfixul.o)
    0x08000938   0x08000938   0x00000030   Code   RO         8161    .text               mf_w.l(cdrcmple.o)
    0x08000968   0x08000968   0x00000024   Code   RO         8163    .text               mc_w.l(init.o)
    0x0800098c   0x0800098c   0x00000056   Code   RO         8173    .text               mc_w.l(__dczerorl2.o)
    0x080009e2   0x080009e2   0x0000000e   Code   RO         6658    i.$Sub$$main        components.o
    0x080009f0   0x080009f0   0x00000016   Code   RO         3422    i.ADC_Cmd           stm32f4xx_adc.o
    0x08000a06   0x08000a06   0x00000002   PAD
    0x08000a08   0x08000a08   0x00000030   Code   RO         3423    i.ADC_CommonInit    stm32f4xx_adc.o
    0x08000a38   0x08000a38   0x00000008   Code   RO         3434    i.ADC_GetConversionValue  stm32f4xx_adc.o
    0x08000a40   0x08000a40   0x00000012   Code   RO         3435    i.ADC_GetFlagStatus  stm32f4xx_adc.o
    0x08000a52   0x08000a52   0x00000002   PAD
    0x08000a54   0x08000a54   0x00000054   Code   RO         3442    i.ADC_Init          stm32f4xx_adc.o
    0x08000aa8   0x08000aa8   0x000000b8   Code   RO         3447    i.ADC_RegularChannelConfig  stm32f4xx_adc.o
    0x08000b60   0x08000b60   0x0000000a   Code   RO         3449    i.ADC_SoftwareStartConv  stm32f4xx_adc.o
    0x08000b6a   0x08000b6a   0x00000002   PAD
    0x08000b6c   0x08000b6c   0x0000002c   Code   RO         3452    i.ADC_TempSensorVrefintCmd  stm32f4xx_adc.o
    0x08000b98   0x08000b98   0x0000011c   Code   RO          983    i.Adc_Init          adc.o
    0x08000cb4   0x08000cb4   0x00000004   Code   RO          283    i.BusFault_Handler  stm32f4xx_it.o
    0x08000cb8   0x08000cb8   0x0000004c   Code   RO         1073    i.Check_WKUP        wkup.o
    0x08000d04   0x08000d04   0x00000030   Code   RO          405    i.CmdError          sdio_sdcard.o
    0x08000d34   0x08000d34   0x00000064   Code   RO          406    i.CmdResp1Error     sdio_sdcard.o
    0x08000d98   0x08000d98   0x00000054   Code   RO          407    i.CmdResp2Error     sdio_sdcard.o
    0x08000dec   0x08000dec   0x00000038   Code   RO          408    i.CmdResp3Error     sdio_sdcard.o
    0x08000e24   0x08000e24   0x00000094   Code   RO          409    i.CmdResp6Error     sdio_sdcard.o
    0x08000eb8   0x08000eb8   0x0000004c   Code   RO          410    i.CmdResp7Error     sdio_sdcard.o
    0x08000f04   0x08000f04   0x00000090   Code   RO         4605    i.CollectData_thread_entry  app.o
    0x08000f94   0x08000f94   0x00000012   Code   RO          660    i.Creat_NewBatchDir  csv_database.o
    0x08000fa6   0x08000fa6   0x00000002   PAD
    0x08000fa8   0x08000fa8   0x00000028   Code   RO         2748    i.DAC_Cmd           stm32f4xx_dac.o
    0x08000fd0   0x08000fd0   0x00000034   Code   RO         2756    i.DAC_Init          stm32f4xx_dac.o
    0x08001004   0x08001004   0x00000020   Code   RO         2757    i.DAC_SetChannel1Data  stm32f4xx_dac.o
    0x08001024   0x08001024   0x00000020   Code   RO         2758    i.DAC_SetChannel2Data  stm32f4xx_dac.o
    0x08001044   0x08001044   0x00000048   Code   RO         4791    i.DCD_EP_ClrStall   usb_dcd.o
    0x0800108c   0x0800108c   0x00000068   Code   RO         4793    i.DCD_EP_Open       usb_dcd.o
    0x080010f4   0x080010f4   0x00000052   Code   RO         4794    i.DCD_EP_PrepareRx  usb_dcd.o
    0x08001146   0x08001146   0x0000001c   Code   RO         4795    i.DCD_EP_SetAddress  usb_dcd.o
    0x08001162   0x08001162   0x00000048   Code   RO         4796    i.DCD_EP_Stall      usb_dcd.o
    0x080011aa   0x080011aa   0x0000004e   Code   RO         4797    i.DCD_EP_Tx         usb_dcd.o
    0x080011f8   0x080011f8   0x00000066   Code   RO         4700    i.DCD_HandleEnumDone_ISR  usb_dcd_int.o
    0x0800125e   0x0800125e   0x00000002   PAD
    0x08001260   0x08001260   0x00000144   Code   RO         4701    i.DCD_HandleInEP_ISR  usb_dcd_int.o
    0x080013a4   0x080013a4   0x00000100   Code   RO         4702    i.DCD_HandleOutEP_ISR  usb_dcd_int.o
    0x080014a4   0x080014a4   0x00000068   Code   RO         4703    i.DCD_HandleResume_ISR  usb_dcd_int.o
    0x0800150c   0x0800150c   0x000000b0   Code   RO         4704    i.DCD_HandleRxStatusQueueLevel_ISR  usb_dcd_int.o
    0x080015bc   0x080015bc   0x0000002c   Code   RO         4705    i.DCD_HandleSof_ISR  usb_dcd_int.o
    0x080015e8   0x080015e8   0x000000a8   Code   RO         4706    i.DCD_HandleUSBSuspend_ISR  usb_dcd_int.o
    0x08001690   0x08001690   0x00000104   Code   RO         4707    i.DCD_HandleUsbReset_ISR  usb_dcd_int.o
    0x08001794   0x08001794   0x0000002c   Code   RO         4708    i.DCD_IsoINIncomplete_ISR  usb_dcd_int.o
    0x080017c0   0x080017c0   0x0000002c   Code   RO         4709    i.DCD_IsoOUTIncomplete_ISR  usb_dcd_int.o
    0x080017ec   0x080017ec   0x00000028   Code   RO         4710    i.DCD_ReadDevInEP   usb_dcd_int.o
    0x08001814   0x08001814   0x00000090   Code   RO         4711    i.DCD_WriteEmptyTxFifo  usb_dcd_int.o
    0x080018a4   0x080018a4   0x00000016   Code   RO         2418    i.DMA_Cmd           stm32f4xx_dma.o
    0x080018ba   0x080018ba   0x00000002   PAD
    0x080018bc   0x080018bc   0x00000158   Code   RO         2419    i.DMA_DeInit        stm32f4xx_dma.o
    0x08001a14   0x08001a14   0x00000016   Code   RO         2422    i.DMA_FlowControllerConfig  stm32f4xx_dma.o
    0x08001a2a   0x08001a2a   0x00000014   Code   RO         2423    i.DMA_GetCmdStatus  stm32f4xx_dma.o
    0x08001a3e   0x08001a3e   0x00000002   PAD
    0x08001a40   0x08001a40   0x00000058   Code   RO         2430    i.DMA_Init          stm32f4xx_dma.o
    0x08001a98   0x08001a98   0x0000007c   Code   RO          623    i.Dac1_Set_Vol      dac.o
    0x08001b14   0x08001b14   0x0000007c   Code   RO          624    i.Dac2_Set_Vol      dac.o
    0x08001b90   0x08001b90   0x00000088   Code   RO          625    i.Dac_Init          dac.o
    0x08001c18   0x08001c18   0x00000002   Code   RO          284    i.DebugMon_Handler  stm32f4xx_it.o
    0x08001c1a   0x08001c1a   0x00000014   Code   RO         1074    i.EXTI0_IRQHandler  wkup.o
    0x08001c2e   0x08001c2e   0x00000002   PAD
    0x08001c30   0x08001c30   0x0000000c   Code   RO         3225    i.EXTI_ClearITPendingBit  stm32f4xx_exti.o
    0x08001c3c   0x08001c3c   0x00000194   Code   RO          411    i.FindSCR           sdio_sdcard.o
    0x08001dd0   0x08001dd0   0x0000005c   Code   RO          661    i.First_writeTestParameters  csv_database.o
    0x08001e2c   0x08001e2c   0x00000090   Code   RO         1725    i.GPIO_Init         stm32f4xx_gpio.o
    0x08001ebc   0x08001ebc   0x00000046   Code   RO         1726    i.GPIO_PinAFConfig  stm32f4xx_gpio.o
    0x08001f02   0x08001f02   0x00000004   Code   RO         1733    i.GPIO_SetBits      stm32f4xx_gpio.o
    0x08001f06   0x08001f06   0x00000002   PAD
    0x08001f08   0x08001f08   0x00000034   Code   RO          984    i.Get_Adc1          adc.o
    0x08001f3c   0x08001f3c   0x00000030   Code   RO          985    i.Get_Adc2          adc.o
    0x08001f6c   0x08001f6c   0x00000042   Code   RO          986    i.Get_Adc_Average   adc.o
    0x08001fae   0x08001fae   0x00000002   PAD
    0x08001fb0   0x08001fb0   0x0000004c   Code   RO         1118    i.Get_PowerCurrent  data_math.o
    0x08001ffc   0x08001ffc   0x00000048   Code   RO         1119    i.Get_PowerRipple   data_math.o
    0x08002044   0x08002044   0x00000054   Code   RO         1120    i.Get_PowerVoltage  data_math.o
    0x08002098   0x08002098   0x000000a0   Code   RO         1362    i.HLW8032Get_Data   hlw8032.o
    0x08002138   0x08002138   0x0000003c   Code   RO         4606    i.HMIMonitor_thread_entry  app.o
    0x08002174   0x08002174   0x00000054   Code   RO          832    i.HMI_Creat_NewBatch  hmi.o
    0x080021c8   0x080021c8   0x00000160   Code   RO         4607    i.HMI_FastTest_thread_entry  app.o
    0x08002328   0x08002328   0x00000034   Code   RO          833    i.HMI_File_Page     hmi.o
    0x0800235c   0x0800235c   0x000000cc   Code   RO          834    i.HMI_Get           hmi.o
    0x08002428   0x08002428   0x00000018   Code   RO          836    i.HMI_Print         hmi.o
    0x08002440   0x08002440   0x00000048   Code   RO          837    i.HMI_Print_Str     hmi.o
    0x08002488   0x08002488   0x0000003c   Code   RO          838    i.HMI_Print_Val     hmi.o
    0x080024c4   0x080024c4   0x00000114   Code   RO          839    i.HMI_RTC_Atoi      hmi.o
    0x080025d8   0x080025d8   0x00000058   Code   RO          840    i.HMI_RTC_Show      hmi.o
    0x08002630   0x08002630   0x000001ec   Code   RO         4608    i.HMI_SelectBatch_thread_entry  app.o
    0x0800281c   0x0800281c   0x00000094   Code   RO         4609    i.HMI_SelectStandard_thread_entry  app.o
    0x080028b0   0x080028b0   0x0000004c   Code   RO         1484    i.HMI_Send_TXEND    usart1.o
    0x080028fc   0x080028fc   0x000000d8   Code   RO         4610    i.HMI_ShowBatchList_thread_entry  app.o
    0x080029d4   0x080029d4   0x00000104   Code   RO          843    i.HMI_StandardPage_Show  hmi.o
    0x08002ad8   0x08002ad8   0x00000144   Code   RO          844    i.HMI_Standard_Atoi  hmi.o
    0x08002c1c   0x08002c1c   0x00000100   Code   RO          845    i.HMI_TestLimit_Atoi  hmi.o
    0x08002d1c   0x08002d1c   0x000000d4   Code   RO          846    i.HMI_TestLimit_Itoa  hmi.o
    0x08002df0   0x08002df0   0x000000a0   Code   RO          412    i.IsCardProgramming  sdio_sdcard.o
    0x08002e90   0x08002e90   0x0000003c   Code   RO          381    i.LED_Init          led.o
    0x08002ecc   0x08002ecc   0x000000e8   Code   RO         1121    i.MTK_DecreaseVoltage  data_math.o
    0x08002fb4   0x08002fb4   0x000000f0   Code   RO         1122    i.MTK_IncreaseVoltage  data_math.o
    0x080030a4   0x080030a4   0x000001cc   Code   RO         4611    i.Main_entry        app.o
    0x08003270   0x08003270   0x0000055c   Code   RO         4612    i.Master_thread_entry  app.o
    0x080037cc   0x080037cc   0x00000004   Code   RO          285    i.MemManage_Handler  stm32f4xx_it.o
    0x080037d0   0x080037d0   0x000000d8   Code   RO          662    i.Modify_TestParameters  csv_database.o
    0x080038a8   0x080038a8   0x00000090   Code   RO          769    i.My_RTC_Init       rtc.o
    0x08003938   0x08003938   0x00000002   Code   RO          286    i.NMI_Handler       stm32f4xx_it.o
    0x0800393a   0x0800393a   0x00000002   PAD
    0x0800393c   0x0800393c   0x00000078   Code   RO         1676    i.NVIC_Init         misc.o
    0x080039b4   0x080039b4   0x00000010   Code   RO         5808    i.OTG_FS_IRQHandler  usbd_usr.o
    0x080039c4   0x080039c4   0x0000000c   Code   RO         3290    i.PWR_BackupAccessCmd  stm32f4xx_pwr.o
    0x080039d0   0x080039d0   0x00000014   Code   RO         3292    i.PWR_ClearFlag     stm32f4xx_pwr.o
    0x080039e4   0x080039e4   0x00000028   Code   RO         3294    i.PWR_EnterSTANDBYMode  stm32f4xx_pwr.o
    0x08003a0c   0x08003a0c   0x0000000c   Code   RO         3307    i.PWR_WakeUpPinCmd  stm32f4xx_pwr.o
    0x08003a18   0x08003a18   0x000000be   Code   RO         1123    i.QC20_AdjustVoltage  data_math.o
    0x08003ad6   0x08003ad6   0x00000002   PAD
    0x08003ad8   0x08003ad8   0x00000068   Code   RO         4613    i.QuickCharge_thread_entry  app.o
    0x08003b40   0x08003b40   0x00000020   Code   RO         1826    i.RCC_AHB1PeriphClockCmd  stm32f4xx_rcc.o
    0x08003b60   0x08003b60   0x00000020   Code   RO         1828    i.RCC_AHB1PeriphResetCmd  stm32f4xx_rcc.o
    0x08003b80   0x08003b80   0x00000020   Code   RO         1835    i.RCC_APB1PeriphClockCmd  stm32f4xx_rcc.o
    0x08003ba0   0x08003ba0   0x00000020   Code   RO         1838    i.RCC_APB2PeriphClockCmd  stm32f4xx_rcc.o
    0x08003bc0   0x08003bc0   0x00000020   Code   RO         1840    i.RCC_APB2PeriphResetCmd  stm32f4xx_rcc.o
    0x08003be0   0x08003be0   0x000000e8   Code   RO         1847    i.RCC_GetClocksFreq  stm32f4xx_rcc.o
    0x08003cc8   0x08003cc8   0x00000040   Code   RO         1848    i.RCC_GetFlagStatus  stm32f4xx_rcc.o
    0x08003d08   0x08003d08   0x0000002c   Code   RO         1856    i.RCC_LSEConfig     stm32f4xx_rcc.o
    0x08003d34   0x08003d34   0x0000000c   Code   RO         1870    i.RCC_RTCCLKCmd     stm32f4xx_rcc.o
    0x08003d40   0x08003d40   0x0000003c   Code   RO         1871    i.RCC_RTCCLKConfig  stm32f4xx_rcc.o
    0x08003d7c   0x08003d7c   0x00000030   Code   RO          770    i.RTC_Alarm_IRQHandler  rtc.o
    0x08003dac   0x08003dac   0x00000016   Code   RO         2869    i.RTC_Bcd2ToByte    stm32f4xx_rtc.o
    0x08003dc2   0x08003dc2   0x0000001c   Code   RO         2871    i.RTC_ByteToBcd2    stm32f4xx_rtc.o
    0x08003dde   0x08003dde   0x00000002   PAD
    0x08003de0   0x08003de0   0x0000001c   Code   RO         2874    i.RTC_ClearFlag     stm32f4xx_rtc.o
    0x08003dfc   0x08003dfc   0x00000020   Code   RO         2875    i.RTC_ClearITPendingBit  stm32f4xx_rtc.o
    0x08003e1c   0x08003e1c   0x00000050   Code   RO         2881    i.RTC_EnterInitMode  stm32f4xx_rtc.o
    0x08003e6c   0x08003e6c   0x00000014   Code   RO         2882    i.RTC_ExitInitMode  stm32f4xx_rtc.o
    0x08003e80   0x08003e80   0x0000004c   Code   RO         2885    i.RTC_GetDate       stm32f4xx_rtc.o
    0x08003ecc   0x08003ecc   0x00000028   Code   RO         2886    i.RTC_GetFlagStatus  stm32f4xx_rtc.o
    0x08003ef4   0x08003ef4   0x00000050   Code   RO         2890    i.RTC_GetTime       stm32f4xx_rtc.o
    0x08003f44   0x08003f44   0x00000064   Code   RO         2894    i.RTC_ITConfig      stm32f4xx_rtc.o
    0x08003fa8   0x08003fa8   0x00000064   Code   RO         2895    i.RTC_Init          stm32f4xx_rtc.o
    0x0800400c   0x0800400c   0x00000020   Code   RO         2898    i.RTC_ReadBackupRegister  stm32f4xx_rtc.o
    0x0800402c   0x0800402c   0x000000c8   Code   RO         2901    i.RTC_SetDate       stm32f4xx_rtc.o
    0x080040f4   0x080040f4   0x000000d0   Code   RO         2902    i.RTC_SetTime       stm32f4xx_rtc.o
    0x080041c4   0x080041c4   0x00000024   Code   RO          772    i.RTC_Set_Date      rtc.o
    0x080041e8   0x080041e8   0x00000024   Code   RO          773    i.RTC_Set_Time      rtc.o
    0x0800420c   0x0800420c   0x00000034   Code   RO          775    i.RTC_WKUP_IRQHandler  rtc.o
    0x08004240   0x08004240   0x00000060   Code   RO         2918    i.RTC_WaitForSynchro  stm32f4xx_rtc.o
    0x080042a0   0x080042a0   0x0000001c   Code   RO         2921    i.RTC_WriteBackupRegister  stm32f4xx_rtc.o
    0x080042bc   0x080042bc   0x0000006c   Code   RO          663    i.Read_TestParameters  csv_database.o
    0x08004328   0x08004328   0x000000ac   Code   RO          413    i.SDEnWideBus       sdio_sdcard.o
    0x080043d4   0x080043d4   0x0000000c   Code   RO         2549    i.SDIO_ClearFlag    stm32f4xx_sdio.o
    0x080043e0   0x080043e0   0x00000014   Code   RO          414    i.SDIO_Clock_Set    sdio_sdcard.o
    0x080043f4   0x080043f4   0x00000034   Code   RO         2555    i.SDIO_DataConfig   stm32f4xx_sdio.o
    0x08004428   0x08004428   0x00000018   Code   RO         2561    i.SDIO_GetFlagStatus  stm32f4xx_sdio.o
    0x08004440   0x08004440   0x00000010   Code   RO         2563    i.SDIO_GetPowerState  stm32f4xx_sdio.o
    0x08004450   0x08004450   0x00000008   Code   RO          415    i.SDIO_IRQHandler   sdio_sdcard.o
    0x08004458   0x08004458   0x00000030   Code   RO         2566    i.SDIO_Init         stm32f4xx_sdio.o
    0x08004488   0x08004488   0x00000038   Code   RO          416    i.SDIO_Register_Deinit  sdio_sdcard.o
    0x080044c0   0x080044c0   0x0000002c   Code   RO         2569    i.SDIO_SendCommand  stm32f4xx_sdio.o
    0x080044ec   0x080044ec   0x0000000c   Code   RO         2571    i.SDIO_SetPowerState  stm32f4xx_sdio.o
    0x080044f8   0x080044f8   0x00000080   Code   RO          417    i.SD_DMA_Config     sdio_sdcard.o
    0x08004578   0x08004578   0x00000068   Code   RO          418    i.SD_EnableWideBusOperation  sdio_sdcard.o
    0x080045e0   0x080045e0   0x00000314   Code   RO          419    i.SD_GetCardInfo    sdio_sdcard.o
    0x080048f4   0x080048f4   0x00000130   Code   RO          421    i.SD_Init           sdio_sdcard.o
    0x08004a24   0x08004a24   0x00000164   Code   RO          422    i.SD_InitializeCards  sdio_sdcard.o
    0x08004b88   0x08004b88   0x000001e4   Code   RO          424    i.SD_PowerON        sdio_sdcard.o
    0x08004d6c   0x08004d6c   0x00000154   Code   RO          425    i.SD_ProcessIRQSrc  sdio_sdcard.o
    0x08004ec0   0x08004ec0   0x00000268   Code   RO          426    i.SD_ReadBlock      sdio_sdcard.o
    0x08005128   0x08005128   0x00000098   Code   RO          427    i.SD_ReadDisk       sdio_sdcard.o
    0x080051c0   0x080051c0   0x000002f4   Code   RO          428    i.SD_ReadMultiBlocks  sdio_sdcard.o
    0x080054b4   0x080054b4   0x00000030   Code   RO          429    i.SD_SelectDeselect  sdio_sdcard.o
    0x080054e4   0x080054e4   0x00000018   Code   RO          431    i.SD_SetDeviceMode  sdio_sdcard.o
    0x080054fc   0x080054fc   0x00000388   Code   RO          432    i.SD_WriteBlock     sdio_sdcard.o
    0x08005884   0x08005884   0x00000098   Code   RO          433    i.SD_WriteDisk      sdio_sdcard.o
    0x0800591c   0x0800591c   0x000003d0   Code   RO          434    i.SD_WriteMultiBlocks  sdio_sdcard.o
    0x08005cec   0x08005cec   0x00000002   Code   RO          287    i.SVC_Handler       stm32f4xx_it.o
    0x08005cee   0x08005cee   0x00000002   PAD
    0x08005cf0   0x08005cf0   0x000000b8   Code   RO          664    i.Scan_BatchDir     csv_database.o
    0x08005da8   0x08005da8   0x000000ec   Code   RO          340    i.SetSysClock       system_stm32f4xx.o
    0x08005e94   0x08005e94   0x0000003c   Code   RO          956    i.Switch_Init       switch.o
    0x08005ed0   0x08005ed0   0x00000028   Code   RO         1680    i.SysTick_CLKSourceConfig  misc.o
    0x08005ef8   0x08005ef8   0x00000010   Code   RO         7799    i.SysTick_Handler   board.o
    0x08005f08   0x08005f08   0x0000004c   Code   RO         1075    i.Sys_Enter_Standby  wkup.o
    0x08005f54   0x08005f54   0x00000068   Code   RO          342    i.SystemInit        system_stm32f4xx.o
    0x08005fbc   0x08005fbc   0x00000074   Code   RO         1485    i.USART1_IRQHandler  usart1.o
    0x08006030   0x08006030   0x00000010   Code   RO         1543    i.USART2_IRQHandler  usart2.o
    0x08006040   0x08006040   0x00000054   Code   RO         1544    i.USART2_printf     usart2.o
    0x08006094   0x08006094   0x00000070   Code   RO         1639    i.USART3_IRQHandler  usart3.o
    0x08006104   0x08006104   0x00000012   Code   RO         2164    i.USART_ClearFlag   stm32f4xx_usart.o
    0x08006116   0x08006116   0x00000018   Code   RO         2168    i.USART_Cmd         stm32f4xx_usart.o
    0x0800612e   0x0800612e   0x0000001a   Code   RO         2171    i.USART_GetFlagStatus  stm32f4xx_usart.o
    0x08006148   0x08006148   0x00000054   Code   RO         2172    i.USART_GetITStatus  stm32f4xx_usart.o
    0x0800619c   0x0800619c   0x0000004a   Code   RO         2174    i.USART_ITConfig    stm32f4xx_usart.o
    0x080061e6   0x080061e6   0x00000002   PAD
    0x080061e8   0x080061e8   0x000000d4   Code   RO         2175    i.USART_Init        stm32f4xx_usart.o
    0x080062bc   0x080062bc   0x0000000a   Code   RO         2182    i.USART_ReceiveData  stm32f4xx_usart.o
    0x080062c6   0x080062c6   0x00000008   Code   RO         2185    i.USART_SendData    stm32f4xx_usart.o
    0x080062ce   0x080062ce   0x00000002   PAD
    0x080062d0   0x080062d0   0x000000ac   Code   RO          847    i.USART_Solution    hmi.o
    0x0800637c   0x0800637c   0x00000016   Code   RO         5119    i.USBD_ClrCfg       usbd_core.o
    0x08006392   0x08006392   0x00000048   Code   RO         5283    i.USBD_ClrFeature   usbd_req.o
    0x080063da   0x080063da   0x0000001e   Code   RO         5223    i.USBD_CtlContinueRx  usbd_ioreq.o
    0x080063f8   0x080063f8   0x0000001e   Code   RO         5224    i.USBD_CtlContinueSendData  usbd_ioreq.o
    0x08006416   0x08006416   0x0000001e   Code   RO         5284    i.USBD_CtlError     usbd_req.o
    0x08006434   0x08006434   0x00000024   Code   RO         5226    i.USBD_CtlReceiveStatus  usbd_ioreq.o
    0x08006458   0x08006458   0x0000002e   Code   RO         5227    i.USBD_CtlSendData  usbd_ioreq.o
    0x08006486   0x08006486   0x00000024   Code   RO         5228    i.USBD_CtlSendStatus  usbd_ioreq.o
    0x080064aa   0x080064aa   0x000000d0   Code   RO         5120    i.USBD_DataInStage  usbd_core.o
    0x0800657a   0x0800657a   0x00000096   Code   RO         5121    i.USBD_DataOutStage  usbd_core.o
    0x08006610   0x08006610   0x00000054   Code   RO         5285    i.USBD_GetConfig    usbd_req.o
    0x08006664   0x08006664   0x00000122   Code   RO         5286    i.USBD_GetDescriptor  usbd_req.o
    0x08006786   0x08006786   0x00000002   PAD
    0x08006788   0x08006788   0x00000050   Code   RO         5288    i.USBD_GetStatus    usbd_req.o
    0x080067d8   0x080067d8   0x00000012   Code   RO         5124    i.USBD_IsoINIncomplete  usbd_core.o
    0x080067ea   0x080067ea   0x00000012   Code   RO         5125    i.USBD_IsoOUTIncomplete  usbd_core.o
    0x080067fc   0x080067fc   0x000000e0   Code   RO         4712    i.USBD_OTG_ISR_Handler  usb_dcd_int.o
    0x080068dc   0x080068dc   0x00000048   Code   RO         5290    i.USBD_ParseSetupRequest  usbd_req.o
    0x08006924   0x08006924   0x00000032   Code   RO         5126    i.USBD_Reset        usbd_core.o
    0x08006956   0x08006956   0x0000001e   Code   RO         5127    i.USBD_Resume       usbd_core.o
    0x08006974   0x08006974   0x00000014   Code   RO         5128    i.USBD_RunTestMode  usbd_core.o
    0x08006988   0x08006988   0x0000001a   Code   RO         5129    i.USBD_SOF          usbd_core.o
    0x080069a2   0x080069a2   0x0000005c   Code   RO         5291    i.USBD_SetAddress   usbd_req.o
    0x080069fe   0x080069fe   0x0000001e   Code   RO         5130    i.USBD_SetCfg       usbd_core.o
    0x08006a1c   0x08006a1c   0x000000d0   Code   RO         5292    i.USBD_SetConfig    usbd_req.o
    0x08006aec   0x08006aec   0x000000a4   Code   RO         5293    i.USBD_SetFeature   usbd_req.o
    0x08006b90   0x08006b90   0x00000054   Code   RO         5131    i.USBD_SetupStage   usbd_core.o
    0x08006be4   0x08006be4   0x00000072   Code   RO         5294    i.USBD_StdDevReq    usbd_req.o
    0x08006c56   0x08006c56   0x00000002   PAD
    0x08006c58   0x08006c58   0x0000015c   Code   RO         5295    i.USBD_StdEPReq     usbd_req.o
    0x08006db4   0x08006db4   0x0000004c   Code   RO         5296    i.USBD_StdItfReq    usbd_req.o
    0x08006e00   0x08006e00   0x00000020   Code   RO         5132    i.USBD_Suspend      usbd_core.o
    0x08006e20   0x08006e20   0x0000000c   Code   RO         5683    i.USB_OTG_BSP_uDelay  usb_bsp.o
    0x08006e2c   0x08006e2c   0x0000006a   Code   RO         4892    i.USB_OTG_EP0Activate  usb_core.o
    0x08006e96   0x08006e96   0x00000156   Code   RO         4893    i.USB_OTG_EP0StartXfer  usb_core.o
    0x08006fec   0x08006fec   0x00000062   Code   RO         4894    i.USB_OTG_EP0_OutStart  usb_core.o
    0x0800704e   0x0800704e   0x00000098   Code   RO         4895    i.USB_OTG_EPActivate  usb_core.o
    0x080070e6   0x080070e6   0x00000050   Code   RO         4896    i.USB_OTG_EPClearStall  usb_core.o
    0x08007136   0x08007136   0x00000064   Code   RO         4898    i.USB_OTG_EPSetStall  usb_core.o
    0x0800719a   0x0800719a   0x000001f6   Code   RO         4899    i.USB_OTG_EPStartXfer  usb_core.o
    0x08007390   0x08007390   0x00000054   Code   RO         4904    i.USB_OTG_FlushTxFifo  usb_core.o
    0x080073e4   0x080073e4   0x00000034   Code   RO         4905    i.USB_OTG_GetDeviceSpeed  usb_core.o
    0x08007418   0x08007418   0x0000000c   Code   RO         4907    i.USB_OTG_GetMode   usb_core.o
    0x08007424   0x08007424   0x00000016   Code   RO         4909    i.USB_OTG_IsDeviceMode  usb_core.o
    0x0800743a   0x0800743a   0x00000010   Code   RO         4911    i.USB_OTG_ReadCoreItr  usb_core.o
    0x0800744a   0x0800744a   0x00000010   Code   RO         4912    i.USB_OTG_ReadDevAllInEPItr  usb_core.o
    0x0800745a   0x0800745a   0x00000010   Code   RO         4913    i.USB_OTG_ReadDevAllOutEp_itr  usb_core.o
    0x0800746a   0x0800746a   0x00000014   Code   RO         4914    i.USB_OTG_ReadDevOutEP_itr  usb_core.o
    0x0800747e   0x0800747e   0x00000028   Code   RO         4916    i.USB_OTG_ReadPacket  usb_core.o
    0x080074a6   0x080074a6   0x00000040   Code   RO         4922    i.USB_OTG_WritePacket  usb_core.o
    0x080074e6   0x080074e6   0x00000004   Code   RO          288    i.UsageFault_Handler  stm32f4xx_it.o
    0x080074ea   0x080074ea   0x00000002   PAD
    0x080074ec   0x080074ec   0x000000d8   Code   RO         1363    i.UsartToStruct     hlw8032.o
    0x080075c4   0x080075c4   0x00000020   Code   RO         8090    i.__0printf         mc_w.l(printfa.o)
    0x080075e4   0x080075e4   0x00000028   Code   RO         8092    i.__0sprintf        mc_w.l(printfa.o)
    0x0800760c   0x0800760c   0x0000002c   Code   RO         8095    i.__0vsnprintf      mc_w.l(printfa.o)
    0x08007638   0x08007638   0x0000004c   Code   RO         7114    i.__rt_ffs          kservice.o
    0x08007684   0x08007684   0x0000000e   Code   RO         8167    i.__scatterload_copy  mc_w.l(handlers.o)
    0x08007692   0x08007692   0x00000002   Code   RO         8168    i.__scatterload_null  mc_w.l(handlers.o)
    0x08007694   0x08007694   0x0000000e   Code   RO         8169    i.__scatterload_zeroinit  mc_w.l(handlers.o)
    0x080076a2   0x080076a2   0x00000002   PAD
    0x080076a4   0x080076a4   0x00000184   Code   RO         8097    i._fp_digits        mc_w.l(printfa.o)
    0x08007828   0x08007828   0x00000014   Code   RO         6806    i._has_defunct_thread  idle.o
    0x0800783c   0x0800783c   0x000000e8   Code   RO         6243    i._list_device      cmd.o
    0x08007924   0x08007924   0x000000f8   Code   RO         6244    i._list_event       cmd.o
    0x08007a1c   0x08007a1c   0x00000120   Code   RO         6245    i._list_mailbox     cmd.o
    0x08007b3c   0x08007b3c   0x00000114   Code   RO         6246    i._list_mempool     cmd.o
    0x08007c50   0x08007c50   0x000000c0   Code   RO         6247    i._list_mutex       cmd.o
    0x08007d10   0x08007d10   0x000000f0   Code   RO         6248    i._list_sem         cmd.o
    0x08007e00   0x08007e00   0x00000170   Code   RO         6249    i._list_thread      cmd.o
    0x08007f70   0x08007f70   0x00000110   Code   RO         6250    i._list_timer       cmd.o
    0x08008080   0x08008080   0x0000006a   Code   RO         6389    i._msh_exec_cmd     msh_1.o
    0x080080ea   0x080080ea   0x00000002   PAD
    0x080080ec   0x080080ec   0x000006dc   Code   RO         8098    i._printf_core      mc_w.l(printfa.o)
    0x080087c8   0x080087c8   0x00000024   Code   RO         8099    i._printf_post_padding  mc_w.l(printfa.o)
    0x080087ec   0x080087ec   0x0000002e   Code   RO         8100    i._printf_pre_padding  mc_w.l(printfa.o)
    0x0800881a   0x0800881a   0x00000002   PAD
    0x0800881c   0x0800881c   0x0000009c   Code   RO         7547    i._rt_thread_init   thread.o
    0x080088b8   0x080088b8   0x00000042   Code   RO         7682    i._rt_timer_init    timer.o
    0x080088fa   0x080088fa   0x0000002e   Code   RO         7683    i._rt_timer_remove  timer.o
    0x08008928   0x08008928   0x00000016   Code   RO         8101    i._snputc           mc_w.l(printfa.o)
    0x0800893e   0x0800893e   0x0000000a   Code   RO         8102    i._sputc            mc_w.l(printfa.o)
    0x08008948   0x08008948   0x00000090   Code   RO         4208    i.check_fs          ff.o
    0x080089d8   0x080089d8   0x00000014   Code   RO         4209    i.chk_chr           ff.o
    0x080089ec   0x080089ec   0x00000032   Code   RO         4210    i.clmt_clust        ff.o
    0x08008a1e   0x08008a1e   0x0000001a   Code   RO         4211    i.clust2sect        ff.o
    0x08008a38   0x08008a38   0x0000000e   Code   RO         6449    i.cmd_free          msh_cmd.o
    0x08008a46   0x08008a46   0x0000000e   Code   RO         6450    i.cmd_ps            msh_cmd.o
    0x08008a54   0x08008a54   0x00000006   Code   RO         6451    i.cmd_time          msh_cmd.o
    0x08008a5a   0x08008a5a   0x00000012   Code   RO          435    i.convert_from_bytes_to_power_of_two  sdio_sdcard.o
    0x08008a6c   0x08008a6c   0x000000d6   Code   RO         4212    i.create_chain      ff.o
    0x08008b42   0x08008b42   0x00000002   PAD
    0x08008b44   0x08008b44   0x00000158   Code   RO         4213    i.create_name       ff.o
    0x08008c9c   0x08008c9c   0x00000044   Code   RO         4525    i.dac               msh.o
    0x08008ce0   0x08008ce0   0x00000054   Code   RO         1398    i.delay_init        delay.o
    0x08008d34   0x08008d34   0x00000050   Code   RO         1399    i.delay_ms          delay.o
    0x08008d84   0x08008d84   0x00000008   Code   RO         1400    i.delay_osschedlock  delay.o
    0x08008d8c   0x08008d8c   0x00000008   Code   RO         1401    i.delay_osschedunlock  delay.o
    0x08008d94   0x08008d94   0x0000000c   Code   RO         1402    i.delay_ostimedly   delay.o
    0x08008da0   0x08008da0   0x00000058   Code   RO         1403    i.delay_us          delay.o
    0x08008df8   0x08008df8   0x0000005c   Code   RO         4214    i.dir_alloc         ff.o
    0x08008e54   0x08008e54   0x0000005c   Code   RO         4215    i.dir_find          ff.o
    0x08008eb0   0x08008eb0   0x00000110   Code   RO         4216    i.dir_next          ff.o
    0x08008fc0   0x08008fc0   0x0000006e   Code   RO         4217    i.dir_read          ff.o
    0x0800902e   0x0800902e   0x0000003a   Code   RO         4218    i.dir_register      ff.o
    0x08009068   0x08009068   0x0000009e   Code   RO         4220    i.dir_sdi           ff.o
    0x08009106   0x08009106   0x00000020   Code   RO         4142    i.disk_initialize   diskio.o
    0x08009126   0x08009126   0x00000002   PAD
    0x08009128   0x08009128   0x0000006c   Code   RO         4143    i.disk_ioctl        diskio.o
    0x08009194   0x08009194   0x00000056   Code   RO         4144    i.disk_read         diskio.o
    0x080091ea   0x080091ea   0x00000006   Code   RO         4145    i.disk_status       diskio.o
    0x080091f0   0x080091f0   0x00000056   Code   RO         4146    i.disk_write        diskio.o
    0x08009246   0x08009246   0x00000024   Code   RO         4222    i.f_close           ff.o
    0x0800926a   0x0800926a   0x0000028e   Code   RO         4227    i.f_lseek           ff.o
    0x080094f8   0x080094f8   0x00000160   Code   RO         4228    i.f_mkdir           ff.o
    0x08009658   0x08009658   0x0000005c   Code   RO         4230    i.f_mount           ff.o
    0x080096b4   0x080096b4   0x00000164   Code   RO         4231    i.f_open            ff.o
    0x08009818   0x08009818   0x0000006e   Code   RO         4232    i.f_opendir         ff.o
    0x08009886   0x08009886   0x000001b0   Code   RO         4236    i.f_read            ff.o
    0x08009a36   0x08009a36   0x00000058   Code   RO         4237    i.f_readdir         ff.o
    0x08009a8e   0x08009a8e   0x000000b0   Code   RO         4241    i.f_sync            ff.o
    0x08009b3e   0x08009b3e   0x000001ea   Code   RO         4245    i.f_write           ff.o
    0x08009d28   0x08009d28   0x00000388   Code   RO         4246    i.find_volume       ff.o
    0x0800a0b0   0x0800a0b0   0x00000040   Code   RO         6485    i.finsh_get_prompt  shell.o
    0x0800a0f0   0x0800a0f0   0x00000018   Code   RO         6486    i.finsh_rx_ind      shell.o
    0x0800a108   0x0800a108   0x00000014   Code   RO         6489    i.finsh_system_function_init  shell.o
    0x0800a11c   0x0800a11c   0x000000ac   Code   RO         6490    i.finsh_system_init  shell.o
    0x0800a1c8   0x0800a1c8   0x00000578   Code   RO         6492    i.finsh_thread_entry  shell.o
    0x0800a740   0x0800a740   0x00000090   Code   RO         4247    i.follow_path       ff.o
    0x0800a7d0   0x0800a7d0   0x0000001c   Code   RO         1487    i.fputc             usart1.o
    0x0800a7ec   0x0800a7ec   0x000000e8   Code   RO         4248    i.get_fat           ff.o
    0x0800a8d4   0x0800a8d4   0x00000016   Code   RO         4149    i.get_fattime       diskio.o
    0x0800a8ea   0x0800a8ea   0x00000070   Code   RO         4249    i.get_fileinfo      ff.o
    0x0800a95a   0x0800a95a   0x0000004a   Code   RO         4250    i.get_ldnumber      ff.o
    0x0800a9a4   0x0800a9a4   0x00000020   Code   RO         6251    i.hello             cmd.o
    0x0800a9c4   0x0800a9c4   0x00000020   Code   RO         4251    i.ld_clust          ff.o
    0x0800a9e4   0x0800a9e4   0x00000020   Code   RO         4615    i.led1_thread_entry  app.o
    0x0800aa04   0x0800aa04   0x00000058   Code   RO         6252    i.list              cmd.o
    0x0800aa5c   0x0800aa5c   0x00000010   Code   RO         6253    i.list_device       cmd.o
    0x0800aa6c   0x0800aa6c   0x00000010   Code   RO         6254    i.list_event        cmd.o
    0x0800aa7c   0x0800aa7c   0x00000010   Code   RO         6255    i.list_mailbox      cmd.o
    0x0800aa8c   0x0800aa8c   0x00000078   Code   RO         7303    i.list_mem          mem.o
    0x0800ab04   0x0800ab04   0x00000010   Code   RO         6256    i.list_mempool      cmd.o
    0x0800ab14   0x0800ab14   0x00000010   Code   RO         6257    i.list_mutex        cmd.o
    0x0800ab24   0x0800ab24   0x00000010   Code   RO         6258    i.list_sem          cmd.o
    0x0800ab34   0x0800ab34   0x00000010   Code   RO         6259    i.list_thread       cmd.o
    0x0800ab44   0x0800ab44   0x00000010   Code   RO         6260    i.list_timer        cmd.o
    0x0800ab54   0x0800ab54   0x0000000a   Code   RO           13    i.main              main.o
    0x0800ab5e   0x0800ab5e   0x0000000e   Code   RO         6659    i.main_thread_entry  components.o
    0x0800ab6c   0x0800ab6c   0x00000026   Code   RO         4252    i.mem_cmp           ff.o
    0x0800ab92   0x0800ab92   0x0000001a   Code   RO         4253    i.mem_cpy           ff.o
    0x0800abac   0x0800abac   0x00000014   Code   RO         4254    i.mem_set           ff.o
    0x0800abc0   0x0800abc0   0x00000032   Code   RO         4255    i.move_window       ff.o
    0x0800abf2   0x0800abf2   0x00000002   PAD
    0x0800abf4   0x0800abf4   0x000000a0   Code   RO         6390    i.msh_auto_complete  msh_1.o
    0x0800ac94   0x0800ac94   0x0000006c   Code   RO         6391    i.msh_exec          msh_1.o
    0x0800ad00   0x0800ad00   0x0000005c   Code   RO         6392    i.msh_get_cmd       msh_1.o
    0x0800ad5c   0x0800ad5c   0x00000074   Code   RO         6393    i.msh_help          msh_1.o
    0x0800add0   0x0800add0   0x00000004   Code   RO         6394    i.msh_is_used       msh_1.o
    0x0800add4   0x0800add4   0x0000009a   Code   RO         6395    i.msh_split         msh_1.o
    0x0800ae6e   0x0800ae6e   0x00000020   Code   RO         4526    i.mtk               msh.o
    0x0800ae8e   0x0800ae8e   0x0000002e   Code   RO          666    i.my_atoi           csv_database.o
    0x0800aebc   0x0800aebc   0x00000060   Code   RO          667    i.my_itoa           csv_database.o
    0x0800af1c   0x0800af1c   0x00000018   Code   RO          669    i.my_strncpy        csv_database.o
    0x0800af34   0x0800af34   0x0000001c   Code   RO         4527    i.mycmd             msh.o
    0x0800af50   0x0800af50   0x0000003e   Code   RO         6261    i.object_name_maxlen  cmd.o
    0x0800af8e   0x0800af8e   0x00000002   PAD
    0x0800af90   0x0800af90   0x0000001c   Code   RO         6262    i.object_split      cmd.o
    0x0800afac   0x0800afac   0x00000012   Code   RO         4528    i.page              msh.o
    0x0800afbe   0x0800afbe   0x00000002   PAD
    0x0800afc0   0x0800afc0   0x00000078   Code   RO         7304    i.plug_holes        mem.o
    0x0800b038   0x0800b038   0x00000034   Code   RO         4529    i.print             msh.o
    0x0800b06c   0x0800b06c   0x0000018c   Code   RO         7116    i.print_number      kservice.o
    0x0800b1f8   0x0800b1f8   0x00000136   Code   RO         4256    i.put_fat           ff.o
    0x0800b32e   0x0800b32e   0x00000018   Code   RO         4530    i.qc                msh.o
    0x0800b346   0x0800b346   0x000000a4   Code   RO         4258    i.remove_chain      ff.o
    0x0800b3ea   0x0800b3ea   0x00000002   PAD
    0x0800b3ec   0x0800b3ec   0x0000002c   Code   RO         6660    i.rt_application_init  components.o
    0x0800b418   0x0800b418   0x0000004c   Code   RO         6661    i.rt_components_board_init  components.o
    0x0800b464   0x0800b464   0x00000070   Code   RO         6662    i.rt_components_init  components.o
    0x0800b4d4   0x0800b4d4   0x0000000c   Code   RO         7117    i.rt_console_get_device  kservice.o
    0x0800b4e0   0x0800b4e0   0x00000034   Code   RO         7118    i.rt_console_set_device  kservice.o
    0x0800b514   0x0800b514   0x00000036   Code   RO         6727    i.rt_device_close   device.o
    0x0800b54a   0x0800b54a   0x00000002   PAD
    0x0800b54c   0x0800b54c   0x00000050   Code   RO         6729    i.rt_device_find    device.o
    0x0800b59c   0x0800b59c   0x000000a8   Code   RO         6732    i.rt_device_open    device.o
    0x0800b644   0x0800b644   0x0000003e   Code   RO         6733    i.rt_device_read    device.o
    0x0800b682   0x0800b682   0x00000034   Code   RO         6734    i.rt_device_register  device.o
    0x0800b6b6   0x0800b6b6   0x00000008   Code   RO         6735    i.rt_device_set_rx_indicate  device.o
    0x0800b6be   0x0800b6be   0x0000003e   Code   RO         6738    i.rt_device_write   device.o
    0x0800b6fc   0x0800b6fc   0x00000020   Code   RO         7475    i.rt_enter_critical  scheduler.o
    0x0800b71c   0x0800b71c   0x0000003c   Code   RO         7476    i.rt_exit_critical  scheduler.o
    0x0800b758   0x0800b758   0x0000008c   Code   RO         7306    i.rt_free           mem.o
    0x0800b7e4   0x0800b7e4   0x0000010c   Code   RO         7800    i.rt_hw_board_init  board.o
    0x0800b8f0   0x0800b8f0   0x00000050   Code   RO         1545    i.rt_hw_console_output  usart2.o
    0x0800b940   0x0800b940   0x00000110   Code   RO         6589    i.rt_hw_hard_fault_exception  cpuport.o
    0x0800ba50   0x0800ba50   0x00000050   Code   RO         6590    i.rt_hw_stack_init  cpuport.o
    0x0800baa0   0x0800baa0   0x00000070   Code   RO         1546    i.rt_hw_usart_init  usart2.o
    0x0800bb10   0x0800bb10   0x00000034   Code   RO         7075    i.rt_interrupt_enter  irq.o
    0x0800bb44   0x0800bb44   0x0000000c   Code   RO         7077    i.rt_interrupt_get_nest  irq.o
    0x0800bb50   0x0800bb50   0x00000034   Code   RO         7078    i.rt_interrupt_leave  irq.o
    0x0800bb84   0x0800bb84   0x00000014   Code   RO         6860    i.rt_ipc_list_resume  ipc.o
    0x0800bb98   0x0800bb98   0x0000006c   Code   RO         6862    i.rt_ipc_list_suspend  ipc.o
    0x0800bc04   0x0800bc04   0x00000010   Code   RO         6863    i.rt_ipc_object_init  ipc.o
    0x0800bc14   0x0800bc14   0x00000068   Code   RO         7122    i.rt_kprintf        kservice.o
    0x0800bc7c   0x0800bc7c   0x00000006   Code   RO         6864    i.rt_list_init      ipc.o
    0x0800bc82   0x0800bc82   0x00000006   Code   RO         7477    i.rt_list_init      scheduler.o
    0x0800bc88   0x0800bc88   0x00000006   Code   RO         7684    i.rt_list_init      timer.o
    0x0800bc8e   0x0800bc8e   0x0000000e   Code   RO         7374    i.rt_list_insert_after  object.o
    0x0800bc9c   0x0800bc9c   0x0000000e   Code   RO         7548    i.rt_list_insert_after  thread.o
    0x0800bcaa   0x0800bcaa   0x0000000e   Code   RO         7685    i.rt_list_insert_after  timer.o
    0x0800bcb8   0x0800bcb8   0x0000000e   Code   RO         6865    i.rt_list_insert_before  ipc.o
    0x0800bcc6   0x0800bcc6   0x00000010   Code   RO         6263    i.rt_list_isempty   cmd.o
    0x0800bcd6   0x0800bcd6   0x00000010   Code   RO         6866    i.rt_list_isempty   ipc.o
    0x0800bce6   0x0800bce6   0x00000010   Code   RO         7686    i.rt_list_isempty   timer.o
    0x0800bcf6   0x0800bcf6   0x00000014   Code   RO         6264    i.rt_list_len       cmd.o
    0x0800bd0a   0x0800bd0a   0x00000012   Code   RO         7375    i.rt_list_remove    object.o
    0x0800bd1c   0x0800bd1c   0x00000012   Code   RO         7549    i.rt_list_remove    thread.o
    0x0800bd2e   0x0800bd2e   0x00000002   PAD
    0x0800bd30   0x0800bd30   0x00000188   Code   RO         7308    i.rt_malloc         mem.o
    0x0800beb8   0x0800beb8   0x00000052   Code   RO         6868    i.rt_mb_create      ipc.o
    0x0800bf0a   0x0800bf0a   0x0000003e   Code   RO         6871    i.rt_mb_init        ipc.o
    0x0800bf48   0x0800bf48   0x00000134   Code   RO         6872    i.rt_mb_recv        ipc.o
    0x0800c07c   0x0800c07c   0x00000012   Code   RO         6873    i.rt_mb_send        ipc.o
    0x0800c08e   0x0800c08e   0x00000002   PAD
    0x0800c090   0x0800c090   0x00000110   Code   RO         6874    i.rt_mb_send_wait   ipc.o
    0x0800c1a0   0x0800c1a0   0x00000042   Code   RO         7127    i.rt_memmove        kservice.o
    0x0800c1e2   0x0800c1e2   0x00000048   Code   RO         7128    i.rt_memset         kservice.o
    0x0800c22a   0x0800c22a   0x00000002   PAD
    0x0800c22c   0x0800c22c   0x00000064   Code   RO         7376    i.rt_object_allocate  object.o
    0x0800c290   0x0800c290   0x00000038   Code   RO         7378    i.rt_object_delete  object.o
    0x0800c2c8   0x0800c2c8   0x00000030   Code   RO         7379    i.rt_object_detach  object.o
    0x0800c2f8   0x0800c2f8   0x00000054   Code   RO         7383    i.rt_object_init    object.o
    0x0800c34c   0x0800c34c   0x00000012   Code   RO         7384    i.rt_object_is_systemobject  object.o
    0x0800c35e   0x0800c35e   0x0000006e   Code   RO         1547    i.rt_ringbuffer_data_len  usart2.o
    0x0800c3cc   0x0800c3cc   0x0000004e   Code   RO         6122    i.rt_ringbuffer_data_len  ringbuffer.o
    0x0800c41a   0x0800c41a   0x000000a4   Code   RO         6123    i.rt_ringbuffer_get  ringbuffer.o
    0x0800c4be   0x0800c4be   0x00000030   Code   RO         6125    i.rt_ringbuffer_init  ringbuffer.o
    0x0800c4ee   0x0800c4ee   0x0000007e   Code   RO         6129    i.rt_ringbuffer_putchar_force  ringbuffer.o
    0x0800c56c   0x0800c56c   0x0000002a   Code   RO         6130    i.rt_ringbuffer_status  ringbuffer.o
    0x0800c596   0x0800c596   0x00000002   PAD
    0x0800c598   0x0800c598   0x00000094   Code   RO         7478    i.rt_schedule       scheduler.o
    0x0800c62c   0x0800c62c   0x00000048   Code   RO         7479    i.rt_schedule_insert_thread  scheduler.o
    0x0800c674   0x0800c674   0x00000054   Code   RO         7480    i.rt_schedule_remove_thread  scheduler.o
    0x0800c6c8   0x0800c6c8   0x00000026   Code   RO         6886    i.rt_sem_init       ipc.o
    0x0800c6ee   0x0800c6ee   0x00000002   PAD
    0x0800c6f0   0x0800c6f0   0x00000050   Code   RO         6887    i.rt_sem_release    ipc.o
    0x0800c740   0x0800c740   0x000000a0   Code   RO         6888    i.rt_sem_take       ipc.o
    0x0800c7e0   0x0800c7e0   0x00000028   Code   RO         7129    i.rt_set_errno      kservice.o
    0x0800c808   0x0800c808   0x000000b0   Code   RO         7130    i.rt_show_version   kservice.o
    0x0800c8b8   0x0800c8b8   0x00000012   Code   RO         7136    i.rt_strlen         kservice.o
    0x0800c8ca   0x0800c8ca   0x00000028   Code   RO         7137    i.rt_strncmp        kservice.o
    0x0800c8f2   0x0800c8f2   0x00000034   Code   RO         7138    i.rt_strncpy        kservice.o
    0x0800c926   0x0800c926   0x00000002   PAD
    0x0800c928   0x0800c928   0x000000f8   Code   RO         7312    i.rt_system_heap_init  mem.o
    0x0800ca20   0x0800ca20   0x0000004c   Code   RO         7482    i.rt_system_scheduler_init  scheduler.o
    0x0800ca6c   0x0800ca6c   0x00000030   Code   RO         7483    i.rt_system_scheduler_start  scheduler.o
    0x0800ca9c   0x0800ca9c   0x0000001c   Code   RO         7687    i.rt_system_timer_init  timer.o
    0x0800cab8   0x0800cab8   0x00000002   Code   RO         7688    i.rt_system_timer_thread_init  timer.o
    0x0800caba   0x0800caba   0x00000050   Code   RO         7551    i.rt_thread_create  thread.o
    0x0800cb0a   0x0800cb0a   0x0000000c   Code   RO         7552    i.rt_thread_delay   thread.o
    0x0800cb16   0x0800cb16   0x00000002   PAD
    0x0800cb18   0x0800cb18   0x0000003c   Code   RO         7553    i.rt_thread_delete  thread.o
    0x0800cb54   0x0800cb54   0x00000054   Code   RO         7555    i.rt_thread_exit    thread.o
    0x0800cba8   0x0800cba8   0x00000018   Code   RO         6807    i.rt_thread_idle_entry  idle.o
    0x0800cbc0   0x0800cbc0   0x00000078   Code   RO         6808    i.rt_thread_idle_excute  idle.o
    0x0800cc38   0x0800cc38   0x0000003c   Code   RO         6810    i.rt_thread_idle_init  idle.o
    0x0800cc74   0x0800cc74   0x00000034   Code   RO         7557    i.rt_thread_init    thread.o
    0x0800cca8   0x0800cca8   0x00000050   Code   RO         7559    i.rt_thread_resume  thread.o
    0x0800ccf8   0x0800ccf8   0x0000000c   Code   RO         7561    i.rt_thread_self    thread.o
    0x0800cd04   0x0800cd04   0x00000044   Code   RO         7562    i.rt_thread_sleep   thread.o
    0x0800cd48   0x0800cd48   0x0000002c   Code   RO         7563    i.rt_thread_startup  thread.o
    0x0800cd74   0x0800cd74   0x0000004c   Code   RO         7564    i.rt_thread_suspend  thread.o
    0x0800cdc0   0x0800cdc0   0x00000020   Code   RO         7566    i.rt_thread_timeout  thread.o
    0x0800cde0   0x0800cde0   0x00000060   Code   RO         7567    i.rt_thread_yield   thread.o
    0x0800ce40   0x0800ce40   0x0000000c   Code   RO         6622    i.rt_tick_get       clock.o
    0x0800ce4c   0x0800ce4c   0x00000030   Code   RO         6623    i.rt_tick_increase  clock.o
    0x0800ce7c   0x0800ce7c   0x00000090   Code   RO         7689    i.rt_timer_check    timer.o
    0x0800cf0c   0x0800cf0c   0x00000038   Code   RO         7690    i.rt_timer_control  timer.o
    0x0800cf44   0x0800cf44   0x00000020   Code   RO         7693    i.rt_timer_detach   timer.o
    0x0800cf64   0x0800cf64   0x0000002e   Code   RO         7694    i.rt_timer_init     timer.o
    0x0800cf92   0x0800cf92   0x00000002   PAD
    0x0800cf94   0x0800cf94   0x0000010c   Code   RO         7697    i.rt_timer_start    timer.o
    0x0800d0a0   0x0800d0a0   0x00000048   Code   RO         7698    i.rt_timer_stop     timer.o
    0x0800d0e8   0x0800d0e8   0x00000030   Code   RO         1548    i.rt_uart_close     usart2.o
    0x0800d118   0x0800d118   0x00000012   Code   RO         1549    i.rt_uart_init      usart2.o
    0x0800d12a   0x0800d12a   0x00000030   Code   RO         1550    i.rt_uart_open      usart2.o
    0x0800d15a   0x0800d15a   0x0000002e   Code   RO         1551    i.rt_uart_read      usart2.o
    0x0800d188   0x0800d188   0x0000007e   Code   RO         1552    i.rt_uart_write     usart2.o
    0x0800d206   0x0800d206   0x00000002   PAD
    0x0800d208   0x0800d208   0x00000328   Code   RO         7141    i.rt_vsnprintf      kservice.o
    0x0800d530   0x0800d530   0x00000004   Code   RO         6663    i.rti_board_end     components.o
    0x0800d534   0x0800d534   0x00000004   Code   RO         6664    i.rti_board_start   components.o
    0x0800d538   0x0800d538   0x00000004   Code   RO         6665    i.rti_end           components.o
    0x0800d53c   0x0800d53c   0x00000004   Code   RO         6666    i.rti_start         components.o
    0x0800d540   0x0800d540   0x0000002a   Code   RO         6667    i.rtthread_startup  components.o
    0x0800d56a   0x0800d56a   0x00000002   PAD
    0x0800d56c   0x0800d56c   0x00000038   Code   RO         6493    i.shell_auto_complete  shell.o
    0x0800d5a4   0x0800d5a4   0x00000030   Code   RO         6494    i.shell_handle_history  shell.o
    0x0800d5d4   0x0800d5d4   0x0000009e   Code   RO         6495    i.shell_push_history  shell.o
    0x0800d672   0x0800d672   0x00000002   PAD
    0x0800d674   0x0800d674   0x00000030   Code   RO         6265    i.show_wait_queue   cmd.o
    0x0800d6a4   0x0800d6a4   0x00000048   Code   RO         4531    i.showadc           msh.o
    0x0800d6ec   0x0800d6ec   0x0000006c   Code   RO         4532    i.showtime          msh.o
    0x0800d758   0x0800d758   0x00000026   Code   RO         7143    i.skip_atoi         kservice.o
    0x0800d77e   0x0800d77e   0x00000010   Code   RO         4259    i.st_clust          ff.o
    0x0800d78e   0x0800d78e   0x00000020   Code   RO         6396    i.str_common        msh_1.o
    0x0800d7ae   0x0800d7ae   0x00000002   PAD
    0x0800d7b0   0x0800d7b0   0x00000018   Code   RO         4533    i.sw                msh.o
    0x0800d7c8   0x0800d7c8   0x000000c8   Code   RO         4260    i.sync_fs           ff.o
    0x0800d890   0x0800d890   0x0000004c   Code   RO         4261    i.sync_window       ff.o
    0x0800d8dc   0x0800d8dc   0x000000b4   Code   RO         1488    i.uart1_init        usart1.o
    0x0800d990   0x0800d990   0x000000b4   Code   RO         1553    i.uart2_init        usart2.o
    0x0800da44   0x0800da44   0x00000048   Code   RO         1554    i.uart_irq_handler  usart2.o
    0x0800da8c   0x0800da8c   0x00000036   Code   RO         4262    i.validate          ff.o
    0x0800dac2   0x0800dac2   0x0000000a   Code   RO         6266    i.version           cmd.o
    0x0800dacc   0x0800dacc   0x00000011   Data   RO         1556    .constdata          usart2.o
    0x0800dadd   0x0800dadd   0x00000066   Data   RO         4534    .constdata          msh.o
    0x0800db43   0x0800db43   0x00000001   PAD
    0x0800db44   0x0800db44   0x0000015c   Data   RO         6267    .constdata          cmd.o
    0x0800dca0   0x0800dca0   0x0000000b   Data   RO         6397    .constdata          msh_1.o
    0x0800dcab   0x0800dcab   0x0000001f   Data   RO         6452    .constdata          msh_cmd.o
    0x0800dcca   0x0800dcca   0x00000012   Data   RO         6497    .constdata          shell.o
    0x0800dcdc   0x0800dcdc   0x00000030   Data   RO         6668    .constdata          components.o
    0x0800dd0c   0x0800dd0c   0x00000122   Data   RO         7145    .constdata          kservice.o
    0x0800de2e   0x0800de2e   0x00000009   Data   RO         7314    .constdata          mem.o
    0x0800de37   0x0800de37   0x00000001   PAD
    0x0800de38   0x0800de38   0x0000015d   Data   RO         6268    .conststring        cmd.o
    0x0800df95   0x0800df95   0x00000003   PAD
    0x0800df98   0x0800df98   0x00000008   Data   RO         6669    .rti_fn.0           components.o
    0x0800dfa0   0x0800dfa0   0x00000008   Data   RO         6670    .rti_fn.0.end       components.o
    0x0800dfa8   0x0800dfa8   0x00000008   Data   RO         1557    .rti_fn.1           usart2.o
    0x0800dfb0   0x0800dfb0   0x00000008   Data   RO         6671    .rti_fn.1.end       components.o
    0x0800dfb8   0x0800dfb8   0x00000008   Data   RO         6499    .rti_fn.3           shell.o
    0x0800dfc0   0x0800dfc0   0x00000008   Data   RO         6672    .rti_fn.6.end       components.o
    0x0800dfc8   0x0800dfc8   0x00000048   Data   RO         4535    FSymTab             msh.o
    0x0800e010   0x0800e010   0x000000a0   Data   RO         6269    FSymTab             cmd.o
    0x0800e0b0   0x0800e0b0   0x00000008   Data   RO         6398    FSymTab             msh_1.o
    0x0800e0b8   0x0800e0b8   0x00000018   Data   RO         6453    FSymTab             msh_cmd.o
    0x0800e0d0   0x0800e0d0   0x00000008   Data   RO         7316    FSymTab             mem.o
    0x0800e0d8   0x0800e0d8   0x00000020   Data   RO         8165    Region$$Table       anon$$obj.o


    Execution Region RW_IRAM1 (Exec base: 0x20000000, Load base: 0x0800e0f8, Size: 0x00001e38, Max: 0x00020000, ABSOLUTE, COMPRESSED[0x0000008c])

    Exec Addr    Load Addr    Size         Type   Attr      Idx    E Section Name        Object

    0x20000000   COMPRESSED   0x00000014   Data   RW          343    .data               system_stm32f4xx.o
    0x20000014   COMPRESSED   0x00000010   Data   RW          437    .data               sdio_sdcard.o
    0x20000024   COMPRESSED   0x00000035   Data   RW          849    .data               hmi.o
    0x20000059   COMPRESSED   0x00000001   PAD
    0x2000005a   COMPRESSED   0x00000005   Data   RW         1404    .data               delay.o
    0x2000005f   COMPRESSED   0x00000001   PAD
    0x20000060   COMPRESSED   0x00000007   Data   RW         1490    .data               usart1.o
    0x20000067   COMPRESSED   0x00000002   Data   RW         1642    .data               usart3.o
    0x20000069   COMPRESSED   0x00000010   Data   RW         1879    .data               stm32f4xx_rcc.o
    0x20000079   COMPRESSED   0x00000001   PAD
    0x2000007a   COMPRESSED   0x00000002   Data   RW         4265    .data               ff.o
    0x2000007c   COMPRESSED   0x00000037   Data   RW         4617    .data               app.o
    0x200000b3   COMPRESSED   0x00000001   PAD
    0x200000b4   COMPRESSED   0x00000034   Data   RW         5133    .data               usbd_core.o
    0x200000e8   COMPRESSED   0x0000000d   Data   RW         5298    .data               usbd_req.o
    0x200000f5   COMPRESSED   0x00000003   PAD
    0x200000f8   COMPRESSED   0x00000004   Data   RW         6498    .data               shell.o
    0x200000fc   COMPRESSED   0x00000010   Data   RW         6570    .data               symbol.o
    0x2000010c   COMPRESSED   0x00000010   Data   RW         6591    .data               cpuport.o
    0x2000011c   COMPRESSED   0x00000004   Data   RW         6625    .data               clock.o
    0x20000120   COMPRESSED   0x00000004   Data   RW         6813    .data               idle.o
    0x20000124   COMPRESSED   0x00000009   Data   RW         7080    .data               irq.o
    0x2000012d   COMPRESSED   0x00000003   PAD
    0x20000130   COMPRESSED   0x00000008   Data   RW         7146    .data               kservice.o
    0x20000138   COMPRESSED   0x00000020   Data   RW         7315    .data               mem.o
    0x20000158   COMPRESSED   0x00000094   Data   RW         7389    .data               object.o
    0x200001ec   COMPRESSED   0x0000001c   Data   RW         7485    .data               scheduler.o
    0x20000208   COMPRESSED   0x0000000c   Data   RW         7568    .data               thread.o
    0x20000214   COMPRESSED   0x00000010   Data   RW         7700    .data               timer.o
    0x20000224   COMPRESSED   0x00000004   PAD
    0x20000228        -       0x000002c0   Zero   RW          436    .bss                sdio_sdcard.o
    0x200004e8        -       0x00000030   Zero   RW         1364    .bss                hlw8032.o
    0x20000518        -       0x000000c8   Zero   RW         1489    .bss                usart1.o
    0x200005e0        -       0x0000005c   Zero   RW         1555    .bss                usart2.o
    0x2000063c        -       0x00000064   Zero   RW         1641    .bss                usart3.o
    0x200006a0        -       0x000006b4   Zero   RW         4092    .bss                exfuns.o
    0x20000d54        -       0x0000000c   Zero   RW         4263    .bss                ff.o
    0x20000d60        -       0x00000180   Zero   RW         4616    .bss                app.o
    0x20000ee0        -       0x000005f4   Zero   RW         5816    .bss                usbd_usr.o
    0x200014d4        -       0x00000301   Zero   RW         6496    .bss                shell.o
    0x200017d5   COMPRESSED   0x00000003   PAD
    0x200017d8        -       0x00000180   Zero   RW         6812    .bss                idle.o
    0x20001958        -       0x00000080   Zero   RW         7144    .bss                kservice.o
    0x200019d8        -       0x00000020   Zero   RW         7313    .bss                mem.o
    0x200019f8        -       0x00000040   Zero   RW         7484    .bss                scheduler.o
    0x20001a38        -       0x00000400   Zero   RW            1    STACK               startup_stm32f40_41xxx.o


==============================================================================

Image component sizes


      Code (inc. data)   RO Data    RW Data    ZI Data      Debug   Object Name

       450         24          0          0          0       2555   adc.o
      3380        710          0         55        384       9893   app.o
       284         94          0          0          0      27352   board.o
        60         12          0          4          0       1265   clock.o
      2548       1146        857          0          0      19875   cmd.o
       318        118         80          0          0       6736   components.o
       268         24          0          0          0        892   context_rvds.o
       352        166          0         16          0       3766   cpuport.o
       784         86          0          0          0       7876   csv_database.o
       384         56          0          0          0       1817   dac.o
       894         60          0          0          0       4069   data_math.o
       280         26          0          5          0       3443   delay.o
       486         62          0          0          0       5874   device.o
       340          6          0          0          0       5256   diskio.o
         0          0          0          0       1716       3471   exfuns.o
      6818         44          0          2         12      32888   ff.o
       376         46          0          0         48       3071   hlw8032.o
      2084        294          0         53          0      12196   hmi.o
       224         36          0          4        384       4242   idle.o
      1200         26          0          0          0      10745   ipc.o
       116         26          0          9          0       2354   irq.o
      1950        182        290          8        128      12725   kservice.o
        60          4          0          0          0        515   led.o
        10          0          0          0          0     350902   main.o
      1020        242         17         32         32       4950   mem.o
       160         14          0          0          0       1526   misc.o
       426        132        174          0          0      10722   msh.o
       772        116         19          0          0       8047   msh_1.o
        34          0         55          0          0       3096   msh_cmd.o
       338         28          0        148          0       6516   object.o
         0          0          0          0          0        904   pipe.o
       458          0          0          0          0       6335   ringbuffer.o
       316         18          0          0          0       3145   rtc.o
       526         92          0         28         64       7314   scheduler.o
      7482        400          0         16        704      34225   sdio_sdcard.o
      1942        178         26          4        769       7163   shell.o
        36          8        392          0       1024        848   startup_stm32f40_41xxx.o
       418         34          0          0          0       6021   stm32f4xx_adc.o
       156         24          0          0          0       3017   stm32f4xx_dac.o
       496         26          0          0          0       4216   stm32f4xx_dma.o
        12          6          0          0          0        533   stm32f4xx_exti.o
       218          0          0          0          0       2294   stm32f4xx_gpio.o
        18          0          0          0          0       2703   stm32f4xx_it.o
        84         26          0          0          0       2040   stm32f4xx_pwr.o
       572         72          0         16          0       8016   stm32f4xx_rcc.o
      1170         88          0          0          0      10825   stm32f4xx_rtc.o
       208         38          0          0          0       5621   stm32f4xx_sdio.o
       456          8          0          0          0       5971   stm32f4xx_usart.o
        60          6          0          0          0        534   switch.o
         0          0          0         16          0       4281   symbol.o
        16          0          0          0          0        472   sys.o
       340         32          0         20          0       1745   system_stm32f4xx.o
       884         56          0         12          0      12633   thread.o
       796         30          0         16          0      10461   timer.o
       400         40          0          7        200       4295   usart1.o
       940         74         25          0         92      36816   usart2.o
       112         16          0          2        100       1262   usart3.o
        12          0          0          0          0        881   usb_bsp.o
      1722          4          0          0          0      12577   usb_core.o
       436          0          0          0          0       4658   usb_dcd.o
      1930         50          0          0          0       9595   usb_dcd_int.o
       688          6          0         52          0       9298   usbd_core.o
       178          0          0          0          0       3876   usbd_ioreq.o
      1630         54          0         13          0       9422   usbd_req.o
        16          6          0          0       1524        766   usbd_usr.o
       172         12          0          0          0       1612   wkup.o

    ----------------------------------------------------------------------
     51394       5184       1972        548       7188     805010   Object Totals
         0          0         32          0          0          0   (incl. Generated)
        78          0          5         10          7          0   (incl. Padding)

    ----------------------------------------------------------------------

      Code (inc. data)   RO Data    RW Data    ZI Data      Debug   Library Member Name

        86          0          0          0          0          0   __dczerorl2.o
         0          0          0          0          0          0   entry.o
         0          0          0          0          0          0   entry10a.o
         0          0          0          0          0          0   entry11a.o
         8          4          0          0          0          0   entry2.o
         4          0          0          0          0          0   entry5.o
         0          0          0          0          0          0   entry7b.o
         0          0          0          0          0          0   entry8b.o
         8          4          0          0          0          0   entry9a.o
        30          0          0          0          0          0   handlers.o
        36          8          0          0          0         68   init.o
         0          0          0          0          0          0   iusefp.o
        98          0          0          0          0         84   ldiv.o
        30          0          0          0          0         68   llshl.o
        36          0          0          0          0         68   llsshr.o
        32          0          0          0          0         68   llushr.o
        36          0          0          0          0         68   memcpya.o
        36          0          0          0          0        108   memseta.o
      2374        100          0          0          0        752   printfa.o
        24          0          0          0          0         68   strcat.o
        18          0          0          0          0         68   strcpy.o
        14          0          0          0          0         68   strlen.o
        30          0          0          0          0         80   strncmp.o
        44          0          0          0          0         80   uidiv.o
        98          0          0          0          0         92   uldiv.o
        48          0          0          0          0         68   cdrcmple.o
       334          0          0          0          0        148   dadd.o
       222          0          0          0          0        100   ddiv.o
       186          0          0          0          0        176   depilogue.o
        50          0          0          0          0         76   dfixui.o
        48          0          0          0          0         68   dfixul.o
        26          0          0          0          0         76   dfltui.o
       228          0          0          0          0         96   dmul.o
        38          0          0          0          0         68   f2d.o

    ----------------------------------------------------------------------
      4226        116          0          0          0       2616   Library Totals
         4          0          0          0          0          0   (incl. Padding)

    ----------------------------------------------------------------------

      Code (inc. data)   RO Data    RW Data    ZI Data      Debug   Library Name

      3042        116          0          0          0       1740   mc_w.l
      1180          0          0          0          0        876   mf_w.l

    ----------------------------------------------------------------------
      4226        116          0          0          0       2616   Library Totals

    ----------------------------------------------------------------------

==============================================================================


      Code (inc. data)   RO Data    RW Data    ZI Data      Debug   

     55620       5300       1972        548       7188     761254   Grand Totals
     55620       5300       1972        140       7188     761254   ELF Image Totals (compressed)
     55620       5300       1972        140          0          0   ROM Totals

==============================================================================

    Total RO  Size (Code + RO Data)                57592 (  56.24kB)
    Total RW  Size (RW Data + ZI Data)              7736 (   7.55kB)
    Total ROM Size (Code + RO Data + RW Data)      57732 (  56.38kB)

==============================================================================

