Component: ARM Compiler 5.06 update 6 (build 750) Tool: armlink [4d35ed]

==============================================================================

Section Cross References

    startup_stm32f40_41xxx.o(RESET) refers to startup_stm32f40_41xxx.o(STACK) for __initial_sp
    startup_stm32f40_41xxx.o(RESET) refers to startup_stm32f40_41xxx.o(.text) for Reset_Handler
    startup_stm32f40_41xxx.o(RESET) refers to stm32f4xx_it.o(i.NMI_Handler) for NMI_Handler
    startup_stm32f40_41xxx.o(RESET) refers to context_rvds.o(.text) for HardFault_Handler
    startup_stm32f40_41xxx.o(RESET) refers to stm32f4xx_it.o(i.MemManage_Handler) for MemManage_Handler
    startup_stm32f40_41xxx.o(RESET) refers to stm32f4xx_it.o(i.BusFault_Handler) for BusFault_Handler
    startup_stm32f40_41xxx.o(RESET) refers to stm32f4xx_it.o(i.UsageFault_Handler) for UsageFault_Handler
    startup_stm32f40_41xxx.o(RESET) refers to stm32f4xx_it.o(i.SVC_Handler) for SVC_Handler
    startup_stm32f40_41xxx.o(RESET) refers to stm32f4xx_it.o(i.DebugMon_Handler) for DebugMon_Handler
    startup_stm32f40_41xxx.o(RESET) refers to board.o(i.SysTick_Handler) for SysTick_Handler
    startup_stm32f40_41xxx.o(RESET) refers to rtc.o(i.RTC_WKUP_IRQHandler) for RTC_WKUP_IRQHandler
    startup_stm32f40_41xxx.o(RESET) refers to wkup.o(i.EXTI0_IRQHandler) for EXTI0_IRQHandler
    startup_stm32f40_41xxx.o(RESET) refers to usart1.o(i.USART1_IRQHandler) for USART1_IRQHandler
    startup_stm32f40_41xxx.o(RESET) refers to usart2.o(i.USART2_IRQHandler) for USART2_IRQHandler
    startup_stm32f40_41xxx.o(RESET) refers to rtc.o(i.RTC_Alarm_IRQHandler) for RTC_Alarm_IRQHandler
    startup_stm32f40_41xxx.o(RESET) refers to sdio_sdcard.o(i.SDIO_IRQHandler) for SDIO_IRQHandler
    startup_stm32f40_41xxx.o(.text) refers to system_stm32f4xx.o(i.SystemInit) for SystemInit
    startup_stm32f40_41xxx.o(.text) refers to entry.o(.ARM.Collect$$$$00000000) for __main
    main.o(i.main) refers to app.o(i.Main_entry) for Main_entry
    system_stm32f4xx.o(i.SystemCoreClockUpdate) refers to system_stm32f4xx.o(.data) for .data
    system_stm32f4xx.o(i.SystemInit) refers to system_stm32f4xx.o(i.SetSysClock) for SetSysClock
    led.o(i.LED_Init) refers to stm32f4xx_rcc.o(i.RCC_AHB1PeriphClockCmd) for RCC_AHB1PeriphClockCmd
    led.o(i.LED_Init) refers to stm32f4xx_gpio.o(i.GPIO_Init) for GPIO_Init
    led.o(i.LED_Init) refers to stm32f4xx_gpio.o(i.GPIO_SetBits) for GPIO_SetBits
    sdio_sdcard.o(i.CmdError) refers to stm32f4xx_sdio.o(i.SDIO_GetFlagStatus) for SDIO_GetFlagStatus
    sdio_sdcard.o(i.CmdError) refers to stm32f4xx_sdio.o(i.SDIO_ClearFlag) for SDIO_ClearFlag
    sdio_sdcard.o(i.CmdResp1Error) refers to stm32f4xx_sdio.o(i.SDIO_GetFlagStatus) for SDIO_GetFlagStatus
    sdio_sdcard.o(i.CmdResp1Error) refers to stm32f4xx_sdio.o(i.SDIO_ClearFlag) for SDIO_ClearFlag
    sdio_sdcard.o(i.CmdResp2Error) refers to stm32f4xx_sdio.o(i.SDIO_GetFlagStatus) for SDIO_GetFlagStatus
    sdio_sdcard.o(i.CmdResp2Error) refers to stm32f4xx_sdio.o(i.SDIO_ClearFlag) for SDIO_ClearFlag
    sdio_sdcard.o(i.CmdResp3Error) refers to stm32f4xx_sdio.o(i.SDIO_GetFlagStatus) for SDIO_GetFlagStatus
    sdio_sdcard.o(i.CmdResp3Error) refers to stm32f4xx_sdio.o(i.SDIO_ClearFlag) for SDIO_ClearFlag
    sdio_sdcard.o(i.CmdResp6Error) refers to stm32f4xx_sdio.o(i.SDIO_GetFlagStatus) for SDIO_GetFlagStatus
    sdio_sdcard.o(i.CmdResp6Error) refers to stm32f4xx_sdio.o(i.SDIO_ClearFlag) for SDIO_ClearFlag
    sdio_sdcard.o(i.CmdResp7Error) refers to stm32f4xx_sdio.o(i.SDIO_ClearFlag) for SDIO_ClearFlag
    sdio_sdcard.o(i.FindSCR) refers to stm32f4xx_sdio.o(i.SDIO_SendCommand) for SDIO_SendCommand
    sdio_sdcard.o(i.FindSCR) refers to sdio_sdcard.o(i.CmdResp1Error) for CmdResp1Error
    sdio_sdcard.o(i.FindSCR) refers to stm32f4xx_sdio.o(i.SDIO_DataConfig) for SDIO_DataConfig
    sdio_sdcard.o(i.FindSCR) refers to stm32f4xx_sdio.o(i.SDIO_GetFlagStatus) for SDIO_GetFlagStatus
    sdio_sdcard.o(i.FindSCR) refers to stm32f4xx_sdio.o(i.SDIO_ClearFlag) for SDIO_ClearFlag
    sdio_sdcard.o(i.FindSCR) refers to sdio_sdcard.o(.bss) for .bss
    sdio_sdcard.o(i.FindSCR) refers to sdio_sdcard.o(.data) for .data
    sdio_sdcard.o(i.IsCardProgramming) refers to stm32f4xx_sdio.o(i.SDIO_SendCommand) for SDIO_SendCommand
    sdio_sdcard.o(i.IsCardProgramming) refers to stm32f4xx_sdio.o(i.SDIO_GetFlagStatus) for SDIO_GetFlagStatus
    sdio_sdcard.o(i.IsCardProgramming) refers to stm32f4xx_sdio.o(i.SDIO_ClearFlag) for SDIO_ClearFlag
    sdio_sdcard.o(i.IsCardProgramming) refers to sdio_sdcard.o(.data) for .data
    sdio_sdcard.o(i.IsCardProgramming) refers to sdio_sdcard.o(.bss) for .bss
    sdio_sdcard.o(i.SDEnWideBus) refers to sdio_sdcard.o(i.FindSCR) for FindSCR
    sdio_sdcard.o(i.SDEnWideBus) refers to stm32f4xx_sdio.o(i.SDIO_SendCommand) for SDIO_SendCommand
    sdio_sdcard.o(i.SDEnWideBus) refers to sdio_sdcard.o(i.CmdResp1Error) for CmdResp1Error
    sdio_sdcard.o(i.SDEnWideBus) refers to sdio_sdcard.o(.data) for .data
[...]
    printf                                   0x0800473d   Thumb Code     0  printfa.o(i.__0printf)
    __0sprintf                               0x0800475d   Thumb Code    34  printfa.o(i.__0sprintf)
    __1sprintf                               0x0800475d   Thumb Code     0  printfa.o(i.__0sprintf)
    __2sprintf                               0x0800475d   Thumb Code     0  printfa.o(i.__0sprintf)
    __c89sprintf                             0x0800475d   Thumb Code     0  printfa.o(i.__0sprintf)
    sprintf                                  0x0800475d   Thumb Code     0  printfa.o(i.__0sprintf)
    __0vsnprintf                             0x08004785   Thumb Code    40  printfa.o(i.__0vsnprintf)
    __1vsnprintf                             0x08004785   Thumb Code     0  printfa.o(i.__0vsnprintf)
    __2vsnprintf                             0x08004785   Thumb Code     0  printfa.o(i.__0vsnprintf)
    __c89vsnprintf                           0x08004785   Thumb Code     0  printfa.o(i.__0vsnprintf)
    vsnprintf                                0x08004785   Thumb Code     0  printfa.o(i.__0vsnprintf)
    __rt_ffs                                 0x080047b1   Thumb Code    64  kservice.o(i.__rt_ffs)
    __scatterload_copy                       0x080047f5   Thumb Code    14  handlers.o(i.__scatterload_copy)
    __scatterload_null                       0x08004803   Thumb Code     2  handlers.o(i.__scatterload_null)
    __scatterload_zeroinit                   0x08004805   Thumb Code    14  handlers.o(i.__scatterload_zeroinit)
    clust2sect                               0x08005acd   Thumb Code    24  ff.o(i.clust2sect)
    cmd_free                                 0x08005ae5   Thumb Code    10  msh_cmd.o(i.cmd_free)
    cmd_ps                                   0x08005aef   Thumb Code    10  msh_cmd.o(i.cmd_ps)
    cmd_time                                 0x08005af9   Thumb Code     4  msh_cmd.o(i.cmd_time)
    convert_from_bytes_to_power_of_two       0x08005afd   Thumb Code    18  sdio_sdcard.o(i.convert_from_bytes_to_power_of_two)
    dac                                      0x08005cdd   Thumb Code    46  msh.o(i.dac)
    delay_init                               0x08005d19   Thumb Code    54  delay.o(i.delay_init)
    delay_ms                                 0x08005d55   Thumb Code    54  delay.o(i.delay_ms)
    delay_us                                 0x08005d95   Thumb Code    62  delay.o(i.delay_us)
    dir_sdi                                  0x08005f91   Thumb Code   126  ff.o(i.dir_sdi)
    disk_initialize                          0x0800600f   Thumb Code    16  diskio.o(i.disk_initialize)
    disk_ioctl                               0x08006021   Thumb Code    64  diskio.o(i.disk_ioctl)
    disk_read                                0x08006065   Thumb Code    40  diskio.o(i.disk_read)
    disk_status                              0x0800608d   Thumb Code     4  diskio.o(i.disk_status)
    disk_write                               0x08006091   Thumb Code    40  diskio.o(i.disk_write)
    f_close                                  0x080060b9   Thumb Code    28  ff.o(i.f_close)
    f_lseek                                  0x080060d5   Thumb Code   534  ff.o(i.f_lseek)
    f_mkdir                                  0x080062eb   Thumb Code   344  ff.o(i.f_mkdir)
    f_mount                                  0x08006445   Thumb Code    72  ff.o(i.f_mount)
    f_open                                   0x08006491   Thumb Code   314  ff.o(i.f_open)
    f_opendir                                0x080065cb   Thumb Code    96  ff.o(i.f_opendir)
    f_readdir                                0x0800662b   Thumb Code    78  ff.o(i.f_readdir)
    f_sync                                   0x08006679   Thumb Code   152  ff.o(i.f_sync)
    f_write                                  0x08006711   Thumb Code   394  ff.o(i.f_write)
    fan                                      0x0800689d   Thumb Code    16  msh.o(i.fan)
    finsh_get_prompt                         0x08006ae9   Thumb Code    32  shell.o(i.finsh_get_prompt)
    finsh_system_function_init               0x08006b35   Thumb Code    10  shell.o(i.finsh_system_function_init)
    finsh_system_init                        0x08006b49   Thumb Code    94  shell.o(i.finsh_system_init)
    finsh_thread_entry                       0x08006be5   Thumb Code   878  shell.o(i.finsh_thread_entry)
    fputc                                    0x0800702d   Thumb Code    14  usart1.o(i.fputc)
    get_fat                                  0x08007041   Thumb Code   182  ff.o(i.get_fat)
    get_fattime                              0x080070f7   Thumb Code    22  diskio.o(i.get_fattime)
    hello                                    0x08007195   Thumb Code    12  cmd.o(i.hello)
    led1_thread_entry                        0x080071c9   Thumb Code    26  app.o(i.led1_thread_entry)
    list                                     0x080071e9   Thumb Code    48  cmd.o(i.list)
    list_device                              0x0800723d   Thumb Code     6  cmd.o(i.list_device)
    list_event                               0x08007249   Thumb Code     6  cmd.o(i.list_event)
    list_mailbox                             0x08007255   Thumb Code     6  cmd.o(i.list_mailbox)
    list_mem                                 0x08007261   Thumb Code    32  mem.o(i.list_mem)
    list_mempool                             0x080072cd   Thumb Code     6  cmd.o(i.list_mempool)
    list_mutex                               0x080072d9   Thumb Code     6  cmd.o(i.list_mutex)
    list_sem                                 0x080072e5   Thumb Code     6  cmd.o(i.list_sem)
    list_thread                              0x080072f1   Thumb Code     6  cmd.o(i.list_thread)
    list_timer                               0x080072fd   Thumb Code     6  cmd.o(i.list_timer)
    $Super$$main                             0x08007309   Thumb Code    10  main.o(i.main)
    main_thread_entry                        0x08007313   Thumb Code    14  components.o(i.main_thread_entry)
    msh_auto_complete                        0x08007371   Thumb Code   150  msh_1.o(i.msh_auto_complete)
    msh_exec                                 0x0800741d   Thumb Code    74  msh_1.o(i.msh_exec)
    msh_help                                 0x08007481   Thumb Code    56  msh_1.o(i.msh_help)
    msh_is_used                              0x080074ed   Thumb Code     4  msh_1.o(i.msh_is_used)
    mtk                                      0x08007575   Thumb Code    30  msh.o(i.mtk)
    my_atoi                                  0x08007595   Thumb Code    48  csv_database.o(i.my_atoi)
    my_itoa                                  0x080075c5   Thumb Code    72  csv_database.o(i.my_itoa)
    mycmd                                    0x0800760d   Thumb Code    16  msh.o(i.mycmd)
    page                                     0x08007679   Thumb Code    14  msh.o(i.page)
    print                                    0x080076e1   Thumb Code    34  msh.o(i.print)
    put_fat                                  0x08007841   Thumb Code   250  ff.o(i.put_fat)
    rt_application_init                      0x080079d5   Thumb Code    30  components.o(i.rt_application_init)
    rt_components_board_init                 0x08007a01   Thumb Code    36  components.o(i.rt_components_board_init)
    rt_components_init                       0x08007a49   Thumb Code    42  components.o(i.rt_components_init)
    rt_console_get_device                    0x08007ab9   Thumb Code     6  kservice.o(i.rt_console_get_device)
    rt_console_set_device                    0x08007ac5   Thumb Code    36  kservice.o(i.rt_console_set_device)
    rt_device_close                          0x08007aed   Thumb Code    48  device.o(i.rt_device_close)
    rt_device_find                           0x08007b1d   Thumb Code    76  device.o(i.rt_device_find)
    rt_device_open                           0x08007b6d   Thumb Code    98  device.o(i.rt_device_open)
    rt_device_read                           0x08007c09   Thumb Code    36  device.o(i.rt_device_read)
    rt_device_register                       0x08007c2d   Thumb Code    50  device.o(i.rt_device_register)
    rt_device_set_rx_indicate                0x08007c5f   Thumb Code     6  device.o(i.rt_device_set_rx_indicate)
    rt_device_write                          0x08007c65   Thumb Code    36  device.o(i.rt_device_write)
    rt_enter_critical                        0x08007c89   Thumb Code    22  scheduler.o(i.rt_enter_critical)
    rt_exit_critical                         0x08007ca5   Thumb Code    44  scheduler.o(i.rt_exit_critical)
    rt_free                                  0x08007cd5   Thumb Code    88  mem.o(i.rt_free)
    rt_hw_board_init                         0x08007d35   Thumb Code   164  board.o(i.rt_hw_board_init)
    rt_hw_console_output                     0x08007e31   Thumb Code    72  usart2.o(i.rt_hw_console_output)
    rt_hw_hard_fault_exception               0x08007e7d   Thumb Code   102  cpuport.o(i.rt_hw_hard_fault_exception)
    rt_hw_stack_init                         0x08007f85   Thumb Code    54  cpuport.o(i.rt_hw_stack_init)
    rt_hw_usart_init                         0x08007fc1   Thumb Code    72  usart2.o(i.rt_hw_usart_init)
    rt_interrupt_enter                       0x0800802d   Thumb Code    32  irq.o(i.rt_interrupt_enter)
    rt_interrupt_get_nest                    0x08008051   Thumb Code     6  irq.o(i.rt_interrupt_get_nest)
    rt_interrupt_leave                       0x0800805d   Thumb Code    32  irq.o(i.rt_interrupt_leave)
    rt_kprintf                               0x080080e5   Thumb Code    64  kservice.o(i.rt_kprintf)
    rt_malloc                                0x0800819d   Thumb Code   244  mem.o(i.rt_malloc)
    rt_mb_create                             0x08008299   Thumb Code    72  ipc.o(i.rt_mb_create)
    rt_mb_init                               0x080082e1   Thumb Code    52  ipc.o(i.rt_mb_init)
    rt_mb_recv                               0x08008315   Thumb Code   270  ipc.o(i.rt_mb_recv)
    rt_mb_send                               0x0800842d   Thumb Code     6  ipc.o(i.rt_mb_send)
    rt_mb_send_wait                          0x08008435   Thumb Code   244  ipc.o(i.rt_mb_send_wait)
    rt_memmove                               0x0800852d   Thumb Code    50  kservice.o(i.rt_memmove)
    rt_memset                                0x08008561   Thumb Code    70  kservice.o(i.rt_memset)
    rt_object_allocate                       0x080085a9   Thumb Code    84  object.o(i.rt_object_allocate)
    rt_object_delete                         0x08008601   Thumb Code    44  object.o(i.rt_object_delete)
    rt_object_detach                         0x08008631   Thumb Code    38  object.o(i.rt_object_detach)
    rt_object_init                           0x0800865d   Thumb Code    66  object.o(i.rt_object_init)
    rt_object_is_systemobject                0x080086a5   Thumb Code    14  object.o(i.rt_object_is_systemobject)
    rt_ringbuffer_get                        0x080086e7   Thumb Code   110  ringbuffer.o(i.rt_ringbuffer_get)
    rt_ringbuffer_init                       0x08008755   Thumb Code    38  ringbuffer.o(i.rt_ringbuffer_init)
    rt_ringbuffer_putchar_force              0x0800877b   Thumb Code    92  ringbuffer.o(i.rt_ringbuffer_putchar_force)
    rt_schedule                              0x080087f9   Thumb Code    88  scheduler.o(i.rt_schedule)
    rt_schedule_insert_thread                0x0800885d   Thumb Code    62  scheduler.o(i.rt_schedule_insert_thread)
    rt_schedule_remove_thread                0x080088a5   Thumb Code    64  scheduler.o(i.rt_schedule_remove_thread)
    rt_sem_init                              0x080088ed   Thumb Code    36  ipc.o(i.rt_sem_init)
    rt_sem_release                           0x08008911   Thumb Code    62  ipc.o(i.rt_sem_release)
    rt_sem_take                              0x08008955   Thumb Code   134  ipc.o(i.rt_sem_take)
    rt_set_errno                             0x080089e5   Thumb Code    26  kservice.o(i.rt_set_errno)
    rt_show_version                          0x08008a05   Thumb Code    40  kservice.o(i.rt_show_version)
    rt_strlen                                0x08008ab5   Thumb Code    16  kservice.o(i.rt_strlen)
    rt_strncmp                               0x08008ac5   Thumb Code    32  kservice.o(i.rt_strncmp)
    rt_strncpy                               0x08008ae5   Thumb Code    38  kservice.o(i.rt_strncpy)
    rt_system_heap_init                      0x08008b0d   Thumb Code    96  mem.o(i.rt_system_heap_init)
    rt_system_scheduler_init                 0x08008bb9   Thumb Code    44  scheduler.o(i.rt_system_scheduler_init)
    rt_system_scheduler_start                0x08008bed   Thumb Code    32  scheduler.o(i.rt_system_scheduler_start)
    rt_system_timer_init                     0x08008c15   Thumb Code     8  timer.o(i.rt_system_timer_init)
    rt_system_timer_thread_init              0x08008c21   Thumb Code     2  timer.o(i.rt_system_timer_thread_init)
    rt_thread_create                         0x08008c23   Thumb Code    72  thread.o(i.rt_thread_create)
    rt_thread_delay                          0x08008c6b   Thumb Code     4  thread.o(i.rt_thread_delay)
    rt_thread_delete                         0x08008c71   Thumb Code    56  thread.o(i.rt_thread_delete)
    rt_thread_exit                           0x08008cad   Thumb Code    78  thread.o(i.rt_thread_exit)
    rt_thread_idle_excute                    0x08008d19   Thumb Code    96  idle.o(i.rt_thread_idle_excute)
    rt_thread_idle_init                      0x08008d7d   Thumb Code    40  idle.o(i.rt_thread_idle_init)
    rt_thread_init                           0x08008db5   Thumb Code    48  thread.o(i.rt_thread_init)
    rt_thread_resume                         0x08008de5   Thumb Code    66  thread.o(i.rt_thread_resume)
    rt_thread_self                           0x08008e2d   Thumb Code     6  thread.o(i.rt_thread_self)
    rt_thread_sleep                          0x08008e39   Thumb Code    60  thread.o(i.rt_thread_sleep)
    rt_thread_startup                        0x08008e79   Thumb Code    40  thread.o(i.rt_thread_startup)
    rt_thread_suspend                        0x08008ea5   Thumb Code    64  thread.o(i.rt_thread_suspend)
    rt_thread_timeout                        0x08008ee9   Thumb Code    32  thread.o(i.rt_thread_timeout)
    rt_thread_yield                          0x08008f09   Thumb Code    82  thread.o(i.rt_thread_yield)
    rt_tick_get                              0x08008f65   Thumb Code     6  clock.o(i.rt_tick_get)
    rt_tick_increase                         0x08008f71   Thumb Code    38  clock.o(i.rt_tick_increase)
    rt_timer_check                           0x08008f9d   Thumb Code   110  timer.o(i.rt_timer_check)
    rt_timer_control                         0x08009011   Thumb Code    48  timer.o(i.rt_timer_control)
    rt_timer_detach                          0x08009041   Thumb Code    32  timer.o(i.rt_timer_detach)
    rt_timer_init                            0x08009061   Thumb Code    40  timer.o(i.rt_timer_init)
    rt_timer_start                           0x08009089   Thumb Code   146  timer.o(i.rt_timer_start)
    rt_timer_stop                            0x08009125   Thumb Code    56  timer.o(i.rt_timer_stop)
    rt_vsnprintf                             0x0800924d   Thumb Code   618  kservice.o(i.rt_vsnprintf)
    rtthread_startup                         0x080094d1   Thumb Code    42  components.o(i.rtthread_startup)
    showadc                                  0x080095b1   Thumb Code    42  msh.o(i.showadc)
    showtime                                 0x080095f5   Thumb Code    58  msh.o(i.showtime)
    sw                                       0x08009699   Thumb Code    16  msh.o(i.sw)
    uart1_init                               0x080097ad   Thumb Code   172  usart1.o(i.uart1_init)
    uart2_init                               0x08009861   Thumb Code   176  usart2.o(i.uart2_init)
    uart3_init                               0x08009919   Thumb Code   162  usart3.o(i.uart3_init)
    uart_irq_handler                         0x080099cd   Thumb Code   112  usart2.o(i.uart_irq_handler)
    version                                  0x08009a67   Thumb Code    10  cmd.o(i.version)
    __rti_rt_hw_usart_init_name              0x08009a70   Data          17  usart2.o(.constdata)
    __fsym___cmd_mycmd_name                  0x08009a81   Data          12  msh.o(.constdata)
    __fsym___cmd_print_name                  0x08009a8d   Data          12  msh.o(.constdata)
    __fsym___cmd_dac_name                    0x08009a99   Data          10  msh.o(.constdata)
    __fsym___cmd_showadc_name                0x08009aa3   Data          14  msh.o(.constdata)
    __fsym___cmd_fan_name                    0x08009ab1   Data          10  msh.o(.constdata)
    __fsym___cmd_sw_name                     0x08009abb   Data           9  msh.o(.constdata)
    __fsym___cmd_showtime_name               0x08009ac4   Data          15  msh.o(.constdata)
    __fsym___cmd_page_name                   0x08009ad3   Data          11  msh.o(.constdata)
    __fsym___cmd_mtk_name                    0x08009ade   Data          10  msh.o(.constdata)
    __fsym_hello_name                        0x08009ae8   Data           6  cmd.o(.constdata)
    __fsym_version_name                      0x08009aee   Data           8  cmd.o(.constdata)
    __fsym___cmd_version_name                0x08009af6   Data          14  cmd.o(.constdata)
    __fsym_list_thread_name                  0x08009b04   Data          12  cmd.o(.constdata)
    __fsym___cmd_list_thread_name            0x08009b10   Data          18  cmd.o(.constdata)
    __fsym_list_sem_name                     0x08009b22   Data           9  cmd.o(.constdata)
    __fsym___cmd_list_sem_name               0x08009b2b   Data          15  cmd.o(.constdata)
    __fsym_list_event_name                   0x08009b3a   Data          11  cmd.o(.constdata)
    __fsym___cmd_list_event_name             0x08009b45   Data          17  cmd.o(.constdata)
    __fsym_list_mutex_name                   0x08009b56   Data          11  cmd.o(.constdata)
    __fsym___cmd_list_mutex_name             0x08009b61   Data          17  cmd.o(.constdata)
    __fsym_list_mailbox_name                 0x08009b72   Data          13  cmd.o(.constdata)
    __fsym___cmd_list_mailbox_name           0x08009b7f   Data          19  cmd.o(.constdata)
    __fsym_list_mempool_name                 0x08009b92   Data          13  cmd.o(.constdata)
    __fsym___cmd_list_mempool_name           0x08009b9f   Data          19  cmd.o(.constdata)
    __fsym_list_timer_name                   0x08009bb2   Data          11  cmd.o(.constdata)
    __fsym___cmd_list_timer_name             0x08009bbd   Data          17  cmd.o(.constdata)
    __fsym_list_device_name                  0x08009bce   Data          12  cmd.o(.constdata)
    __fsym___cmd_list_device_name            0x08009bda   Data          18  cmd.o(.constdata)
    __fsym_list_name                         0x08009bec   Data           5  cmd.o(.constdata)
    __fsym___cmd_help_name                   0x08009c44   Data          11  msh_1.o(.constdata)
    __fsym___cmd_ps_name                     0x08009c4f   Data           9  msh_cmd.o(.constdata)
    __fsym___cmd_time_name                   0x08009c58   Data          11  msh_cmd.o(.constdata)
    __fsym___cmd_free_name                   0x08009c63   Data          11  msh_cmd.o(.constdata)
    __rti_finsh_system_init_name             0x08009c6e   Data          18  shell.o(.constdata)
    __rti_rti_start_name                     0x08009c80   Data          10  components.o(.constdata)
    __rti_rti_board_start_name               0x08009c8a   Data          16  components.o(.constdata)
    __rti_rti_board_end_name                 0x08009c9a   Data          14  components.o(.constdata)
    __rti_rti_end_name                       0x08009ca8   Data           8  components.o(.constdata)
    __lowest_bit_bitmap                      0x08009cb0   Data         256  kservice.o(.constdata)
    __fsym_list_mem_name                     0x08009dd2   Data           9  mem.o(.constdata)
    __rt_init_desc_rti_start                 0x08009f3c   Data           8  components.o(.rti_fn.0)
    __rt_init_desc_rti_board_start           0x08009f44   Data           8  components.o(.rti_fn.0.end)
    __rt_init_desc_rt_hw_usart_init          0x08009f4c   Data           8  usart2.o(.rti_fn.1)
    __rt_init_desc_rti_board_end             0x08009f54   Data           8  components.o(.rti_fn.1.end)
    __rt_init_desc_finsh_system_init         0x08009f5c   Data           8  shell.o(.rti_fn.3)
    __rt_init_desc_rti_end                   0x08009f64   Data           8  components.o(.rti_fn.6.end)
    FSymTab$$Base                            0x08009f6c   Number         0  msh.o(FSymTab)
    __fsym___cmd_mycmd                       0x08009f6c   Data           8  msh.o(FSymTab)
    __fsym___cmd_print                       0x08009f74   Data           8  msh.o(FSymTab)
    __fsym___cmd_dac                         0x08009f7c   Data           8  msh.o(FSymTab)
    __fsym___cmd_showadc                     0x08009f84   Data           8  msh.o(FSymTab)
    __fsym___cmd_fan                         0x08009f8c   Data           8  msh.o(FSymTab)
    __fsym___cmd_sw                          0x08009f94   Data           8  msh.o(FSymTab)
    __fsym___cmd_showtime                    0x08009f9c   Data           8  msh.o(FSymTab)
    __fsym___cmd_page                        0x08009fa4   Data           8  msh.o(FSymTab)
    __fsym___cmd_mtk                         0x08009fac   Data           8  msh.o(FSymTab)
    __fsym_hello                             0x08009fb4   Data           8  cmd.o(FSymTab)
    __fsym_version                           0x08009fbc   Data           8  cmd.o(FSymTab)
    __fsym___cmd_version                     0x08009fc4   Data           8  cmd.o(FSymTab)
    __fsym_list_thread                       0x08009fcc   Data           8  cmd.o(FSymTab)
    __fsym___cmd_list_thread                 0x08009fd4   Data           8  cmd.o(FSymTab)
    __fsym_list_sem                          0x08009fdc   Data           8  cmd.o(FSymTab)
    __fsym___cmd_list_sem                    0x08009fe4   Data           8  cmd.o(FSymTab)
    __fsym_list_event                        0x08009fec   Data           8  cmd.o(FSymTab)
    __fsym___cmd_list_event                  0x08009ff4   Data           8  cmd.o(FSymTab)
    __fsym_list_mutex                        0x08009ffc   Data           8  cmd.o(FSymTab)
    __fsym___cmd_list_mutex                  0x0800a004   Data           8  cmd.o(FSymTab)
    __fsym_list_mailbox                      0x0800a00c   Data           8  cmd.o(FSymTab)
    __fsym___cmd_list_mailbox                0x0800a014   Data           8  cmd.o(FSymTab)
    __fsym_list_mempool                      0x0800a01c   Data           8  cmd.o(FSymTab)
    __fsym___cmd_list_mempool                0x0800a024   Data           8  cmd.o(FSymTab)
    __fsym_list_timer                        0x0800a02c   Data           8  cmd.o(FSymTab)
    __fsym___cmd_list_timer                  0x0800a034   Data           8  cmd.o(FSymTab)
    __fsym_list_device                       0x0800a03c   Data           8  cmd.o(FSymTab)
    __fsym___cmd_list_device                 0x0800a044   Data           8  cmd.o(FSymTab)
    __fsym_list                              0x0800a04c   Data           8  cmd.o(FSymTab)
    __fsym___cmd_help                        0x0800a054   Data           8  msh_1.o(FSymTab)
    __fsym___cmd_ps                          0x0800a05c   Data           8  msh_cmd.o(FSymTab)
    __fsym___cmd_time                        0x0800a064   Data           8  msh_cmd.o(FSymTab)
    __fsym___cmd_free                        0x0800a06c   Data           8  msh_cmd.o(FSymTab)
    __fsym_list_mem                          0x0800a074   Data           8  mem.o(FSymTab)
    FSymTab$$Limit                           0x0800a07c   Number         0  mem.o(FSymTab)
    Region$$Table$$Base                      0x0800a07c   Number         0  anon$$obj.o(Region$$Table)
    Region$$Table$$Limit                     0x0800a09c   Number         0  anon$$obj.o(Region$$Table)
    SystemCoreClock                          0x20000000   Data           4  system_stm32f4xx.o(.data)
    AHBPrescTable                            0x20000004   Data          16  system_stm32f4xx.o(.data)
    TransferError                            0x20000017   Data           1  sdio_sdcard.o(.data)
    TransferEnd                              0x20000018   Data           1  sdio_sdcard.o(.data)
    tempbuff                                 0x20000020   Data           4  sdio_sdcard.o(.data)
    HMI_TestLimit                            0x20000024   Data           1  hmi.o(.data)
    OSRunning                                0x20000027   Data           1  delay.o(.data)
    HMI_RX_FLAG                              0x2000002a   Data           1  usart1.o(.data)
    UASRT1_RX_BUFFER_LEN                     0x2000002b   Data           1  usart1.o(.data)
    USART1_0XFF_FLAG                         0x2000002c   Data           1  usart1.o(.data)
    __stdout                                 0x20000030   Data           4  usart1.o(.data)
    Standard_val                             0x2000004b   Data           1  app.o(.data)
    shell                                    0x20000074   Data           4  shell.o(.data)
    _syscall_table_begin                     0x20000078   Data           4  symbol.o(.data)
    _syscall_table_end                       0x2000007c   Data           4  symbol.o(.data)
    rt_interrupt_from_thread                 0x20000084   Data           4  cpuport.o(.data)
    rt_interrupt_to_thread                   0x20000088   Data           4  cpuport.o(.data)
    rt_thread_switch_interrupt_flag          0x2000008c   Data           4  cpuport.o(.data)
    rt_interrupt_nest                        0x20000098   Data           1  irq.o(.data)
    rt_object_trytake_hook                   0x200000d4   Data           4  object.o(.data)
    rt_object_take_hook                      0x200000d8   Data           4  object.o(.data)
    rt_object_put_hook                       0x200000dc   Data           4  object.o(.data)
    rt_object_container                      0x200000e0   Data         128  object.o(.data)
    rt_current_priority                      0x20000160   Data           1  scheduler.o(.data)
    rt_current_thread                        0x20000164   Data           4  scheduler.o(.data)
    rt_thread_ready_priority_group           0x20000168   Data           4  scheduler.o(.data)
    rt_thread_defunct                        0x20000170   Data           8  scheduler.o(.data)
    SDIO_InitStructure                       0x20000198   Data          24  sdio_sdcard.o(.bss)
    SDIO_CmdInitStructure                    0x200001b0   Data          20  sdio_sdcard.o(.bss)
    SDIO_DataInitStructure                   0x200001c4   Data          24  sdio_sdcard.o(.bss)
    SDCardInfo                               0x20000200   Data          88  sdio_sdcard.o(.bss)
    SDIO_DATA_BUFFER                         0x20000258   Data         512  sdio_sdcard.o(.bss)
    USART_RX_BUF                             0x20000458   Data         200  usart1.o(.bss)
    uart2_device                             0x20000520   Data          92  usart2.o(.bss)
    USART3_RX_BUF                            0x2000057c   Data         100  usart3.o(.bss)
    fat                                      0x200005e0   Data         560  exfuns.o(.bss)
    Fsrc                                     0x20000810   Data         552  exfuns.o(.bss)
    Global_str                               0x20000b18   Data         100  app.o(.bss)
    TestParameters_Structure                 0x20000b7c   Data          12  app.o(.bss)
    rt_thread_priority_table                 0x200010ac   Data          64  scheduler.o(.bss)
    Image$$RW_IRAM1$$ZI$$Limit               0x200014f0   Number         0  anon$$obj.o ABSOLUTE
    __initial_sp                             0x200014f0   Data           0  startup_stm32f40_41xxx.o(STACK)



==============================================================================

Memory Map of the image

  Image Entry point : 0x08000189

  Load Region LR_IROM1 (Base: 0x08000000, Size: 0x0000a230, Max: 0x00100000, ABSOLUTE, COMPRESSED[0x0000a100])

    Execution Region ER_IROM1 (Exec base: 0x08000000, Load base: 0x08000000, Size: 0x0000a09c, Max: 0x00100000, ABSOLUTE)

    Exec Addr    Load Addr    Size         Type   Attr      Idx    E Section Name        Object

    0x08000000   0x08000000   0x00000188   Data   RO            3    RESET               startup_stm32f40_41xxx.o
    0x08000188   0x08000188   0x00000000   Code   RO         6145  * .ARM.Collect$$$$00000000  mc_w.l(entry.o)
    0x08000188   0x08000188   0x00000004   Code   RO         6443    .ARM.Collect$$$$00000001  mc_w.l(entry2.o)
    0x0800018c   0x0800018c   0x00000004   Code   RO         6446    .ARM.Collect$$$$00000004  mc_w.l(entry5.o)
    0x08000190   0x08000190   0x00000000   Code   RO         6448    .ARM.Collect$$$$00000008  mc_w.l(entry7b.o)
    0x08000190   0x08000190   0x00000000   Code   RO         6450    .ARM.Collect$$$$0000000A  mc_w.l(entry8b.o)
    0x08000190   0x08000190   0x00000008   Code   RO         6451    .ARM.Collect$$$$0000000B  mc_w.l(entry9a.o)
    0x08000198   0x08000198   0x00000000   Code   RO         6453    .ARM.Collect$$$$0000000D  mc_w.l(entry10a.o)
    0x08000198   0x08000198   0x00000000   Code   RO         6455    .ARM.Collect$$$$0000000F  mc_w.l(entry11a.o)
    0x08000198   0x08000198   0x00000004   Code   RO         6444    .ARM.Collect$$$$00002712  mc_w.l(entry2.o)
    0x0800019c   0x0800019c   0x00000010   Code   RO         1305    .emb_text           sys.o
    0x080001ac   0x080001ac   0x00000024   Code   RO            4    .text               startup_stm32f40_41xxx.o
    0x080001d0   0x080001d0   0x0000010c   Code   RO         4932    .text               context_rvds.o
    0x080002dc   0x080002dc   0x00000062   Code   RO         6148    .text               mc_w.l(ldiv.o)
    0x0800033e   0x0800033e   0x00000024   Code   RO         6150    .text               mc_w.l(memcpya.o)
    0x08000362   0x08000362   0x00000024   Code   RO         6152    .text               mc_w.l(memseta.o)
    0x08000386   0x08000386   0x00000018   Code   RO         6154    .text               mc_w.l(strcat.o)
    0x0800039e   0x0800039e   0x0000000e   Code   RO         6156    .text               mc_w.l(strlen.o)
    0x080003ac   0x080003ac   0x00000012   Code   RO         6160    .text               mc_w.l(strcpy.o)
    0x080003be   0x080003be   0x0000001e   Code   RO         6162    .text               mc_w.l(strncmp.o)
    0x080003dc   0x080003dc   0x0000014e   Code   RO         6427    .text               mf_w.l(dadd.o)
    0x0800052a   0x0800052a   0x000000e4   Code   RO         6429    .text               mf_w.l(dmul.o)
    0x0800060e   0x0800060e   0x000000de   Code   RO         6431    .text               mf_w.l(ddiv.o)
    0x080006ec   0x080006ec   0x0000001a   Code   RO         6435    .text               mf_w.l(dfltui.o)
    0x08000706   0x08000706   0x00000032   Code   RO         6439    .text               mf_w.l(dfixui.o)
    0x08000738   0x08000738   0x00000026   Code   RO         6441    .text               mf_w.l(f2d.o)
    0x0800075e   0x0800075e   0x0000002c   Code   RO         6457    .text               mc_w.l(uidiv.o)
    0x0800078a   0x0800078a   0x00000062   Code   RO         6459    .text               mc_w.l(uldiv.o)
    0x080007ec   0x080007ec   0x0000001e   Code   RO         6461    .text               mc_w.l(llshl.o)
    0x0800080a   0x0800080a   0x00000020   Code   RO         6463    .text               mc_w.l(llushr.o)
    0x0800082a   0x0800082a   0x00000024   Code   RO         6465    .text               mc_w.l(llsshr.o)
    0x0800084e   0x0800084e   0x00000000   Code   RO         6467    .text               mc_w.l(iusefp.o)
    0x0800084e   0x0800084e   0x000000ba   Code   RO         6468    .text               mf_w.l(depilogue.o)
    0x08000908   0x08000908   0x00000030   Code   RO         6470    .text               mf_w.l(dfixul.o)
    0x08000938   0x08000938   0x00000030   Code   RO         6472    .text               mf_w.l(cdrcmple.o)
    0x08000968   0x08000968   0x00000024   Code   RO         6474    .text               mc_w.l(init.o)
    0x0800098c   0x0800098c   0x00000056   Code   RO         6484    .text               mc_w.l(__dczerorl2.o)
    0x080009e2   0x080009e2   0x0000000e   Code   RO         5010    i.$Sub$$main        components.o
    0x080009f0   0x080009f0   0x00000014   Code   RO         3264    i.ADC_Cmd           stm32f4xx_adc.o
    0x08000a04   0x08000a04   0x0000002c   Code   RO         3265    i.ADC_CommonInit    stm32f4xx_adc.o
    0x08000a30   0x08000a30   0x00000006   Code   RO         3276    i.ADC_GetConversionValue  stm32f4xx_adc.o
    0x08000a36   0x08000a36   0x0000000e   Code   RO         3277    i.ADC_GetFlagStatus  stm32f4xx_adc.o
    0x08000a44   0x08000a44   0x0000004c   Code   RO         3284    i.ADC_Init          stm32f4xx_adc.o
    0x08000a90   0x08000a90   0x00000074   Code   RO         3289    i.ADC_RegularChannelConfig  stm32f4xx_adc.o
    0x08000b04   0x08000b04   0x0000000a   Code   RO         3291    i.ADC_SoftwareStartConv  stm32f4xx_adc.o
    0x08000b0e   0x08000b0e   0x00000002   PAD
    0x08000b10   0x08000b10   0x00000020   Code   RO         3294    i.ADC_TempSensorVrefintCmd  stm32f4xx_adc.o
    0x08000b30   0x08000b30   0x00000124   Code   RO          923    i.Adc_Init          adc.o
    0x08000c54   0x08000c54   0x00000002   Code   RO          237    i.BusFault_Handler  stm32f4xx_it.o
    0x08000c56   0x08000c56   0x00000002   PAD
    0x08000c58   0x08000c58   0x00000050   Code   RO         1013    i.Check_WKUP        wkup.o
    0x08000ca8   0x08000ca8   0x0000002a   Code   RO          359    i.CmdError          sdio_sdcard.o
    0x08000cd2   0x08000cd2   0x00000002   PAD
    0x08000cd4   0x08000cd4   0x00000058   Code   RO          360    i.CmdResp1Error     sdio_sdcard.o
    0x08000d2c   0x08000d2c   0x00000048   Code   RO          361    i.CmdResp2Error     sdio_sdcard.o
    0x08000d74   0x08000d74   0x00000030   Code   RO          362    i.CmdResp3Error     sdio_sdcard.o
    0x08000da4   0x08000da4   0x0000007c   Code   RO          363    i.CmdResp6Error     sdio_sdcard.o
    0x08000e20   0x08000e20   0x0000003c   Code   RO          364    i.CmdResp7Error     sdio_sdcard.o
    0x08000e5c   0x08000e5c   0x0000003c   Code   RO         4201    i.CollectData_thread_entry  app.o
    0x08000e98   0x08000e98   0x00000004   Code   RO          610    i.Creat_NewBatchDir  csv_database.o
    0x08000e9c   0x08000e9c   0x00000018   Code   RO         2590    i.DAC_Cmd           stm32f4xx_dac.o
    0x08000eb4   0x08000eb4   0x00000028   Code   RO         2598    i.DAC_Init          stm32f4xx_dac.o
    0x08000edc   0x08000edc   0x00000014   Code   RO         2599    i.DAC_SetChannel1Data  stm32f4xx_dac.o
    0x08000ef0   0x08000ef0   0x00000014   Code   RO         2600    i.DAC_SetChannel2Data  stm32f4xx_dac.o
    0x08000f04   0x08000f04   0x00000014   Code   RO         2260    i.DMA_Cmd           stm32f4xx_dma.o
    0x08000f18   0x08000f18   0x00000124   Code   RO         2261    i.DMA_DeInit        stm32f4xx_dma.o
    0x0800103c   0x0800103c   0x00000014   Code   RO         2264    i.DMA_FlowControllerConfig  stm32f4xx_dma.o
    0x08001050   0x08001050   0x0000000e   Code   RO         2265    i.DMA_GetCmdStatus  stm32f4xx_dma.o
    0x0800105e   0x0800105e   0x00000002   PAD
    0x08001060   0x08001060   0x00000054   Code   RO         2272    i.DMA_Init          stm32f4xx_dma.o
    0x080010b4   0x080010b4   0x00000054   Code   RO          573    i.Dac1_Set_Vol      dac.o
    0x08001108   0x08001108   0x00000054   Code   RO          574    i.Dac2_Set_Vol      dac.o
    0x0800115c   0x0800115c   0x00000084   Code   RO          575    i.Dac_Init          dac.o
    0x080011e0   0x080011e0   0x00000002   Code   RO          238    i.DebugMon_Handler  stm32f4xx_it.o
    0x080011e2   0x080011e2   0x0000001a   Code   RO         1014    i.EXTI0_IRQHandler  wkup.o
    0x080011fc   0x080011fc   0x0000000c   Code   RO         3067    i.EXTI_ClearITPendingBit  stm32f4xx_exti.o
    0x08001208   0x08001208   0x0000013c   Code   RO          365    i.FindSCR           sdio_sdcard.o
    0x08001344   0x08001344   0x00000050   Code   RO          611    i.First_writeTestParameters  csv_database.o
    0x08001394   0x08001394   0x000000a2   Code   RO         1567    i.GPIO_Init         stm32f4xx_gpio.o
    0x08001436   0x08001436   0x00000020   Code   RO         1568    i.GPIO_PinAFConfig  stm32f4xx_gpio.o
    0x08001456   0x08001456   0x00000004   Code   RO         1575    i.GPIO_SetBits      stm32f4xx_gpio.o
    0x0800145a   0x0800145a   0x00000002   PAD
    0x0800145c   0x0800145c   0x00000030   Code   RO          924    i.Get_Adc1          adc.o
    0x0800148c   0x0800148c   0x00000030   Code   RO          925    i.Get_Adc2          adc.o
    0x080014bc   0x080014bc   0x0000003a   Code   RO          926    i.Get_Adc_Average   adc.o
    0x080014f6   0x080014f6   0x00000002   PAD
    0x080014f8   0x080014f8   0x00000030   Code   RO         1058    i.Get_PowerCurrent  data_math.o
    0x08001528   0x08001528   0x00000040   Code   RO         1059    i.Get_PowerRipple   data_math.o
    0x08001568   0x08001568   0x00000038   Code   RO         1060    i.Get_PowerVoltage  data_math.o
    0x080015a0   0x080015a0   0x00000024   Code   RO         4202    i.HMIMonitor_thread_entry  app.o
    0x080015c4   0x080015c4   0x00000050   Code   RO          774    i.HMI_Creat_NewBatch  hmi.o
    0x08001614   0x08001614   0x000000d0   Code   RO         4203    i.HMI_FastTest_thread_entry  app.o
    0x080016e4   0x080016e4   0x00000030   Code   RO          775    i.HMI_File_Page     hmi.o
    0x08001714   0x08001714   0x000000bc   Code   RO          776    i.HMI_Get           hmi.o
    0x080017d0   0x080017d0   0x00000018   Code   RO          778    i.HMI_Print         hmi.o
    0x080017e8   0x080017e8   0x00000040   Code   RO          779    i.HMI_Print_Str     hmi.o
    0x08001828   0x08001828   0x0000003c   Code   RO          780    i.HMI_Print_Val     hmi.o
    0x08001864   0x08001864   0x000000f8   Code   RO          781    i.HMI_RTC_Atoi      hmi.o
    0x0800195c   0x0800195c   0x00000058   Code   RO          782    i.HMI_RTC_Show      hmi.o
    0x080019b4   0x080019b4   0x00000158   Code   RO         4204    i.HMI_SelectBatch_thread_entry  app.o
    0x08001b0c   0x08001b0c   0x00000070   Code   RO         4205    i.HMI_SelectStandard_thread_entry  app.o
    0x08001b7c   0x08001b7c   0x00000048   Code   RO         1333    i.HMI_Send_TXEND    usart1.o
    0x08001bc4   0x08001bc4   0x000000cc   Code   RO         4206    i.HMI_ShowBatchList_thread_entry  app.o
    0x08001c90   0x08001c90   0x000000b4   Code   RO          785    i.HMI_StandardPage_Show  hmi.o
    0x08001d44   0x08001d44   0x00000104   Code   RO          786    i.HMI_Standard_Atoi  hmi.o
    0x08001e48   0x08001e48   0x000000cc   Code   RO          787    i.HMI_TestLimit_Atoi  hmi.o
    0x08001f14   0x08001f14   0x000000b0   Code   RO          788    i.HMI_TestLimit_Itoa  hmi.o
    0x08001fc4   0x08001fc4   0x0000008c   Code   RO          366    i.IsCardProgramming  sdio_sdcard.o
    0x08002050   0x08002050   0x0000003c   Code   RO          335    i.LED_Init          led.o
    0x0800208c   0x0800208c   0x000000a0   Code   RO         1061    i.MTK_DecreaseVoltage  data_math.o
    0x0800212c   0x0800212c   0x000000b8   Code   RO         1062    i.MTK_IncreaseVoltage  data_math.o
    0x080021e4   0x080021e4   0x00000074   Code   RO         1119    i.MYDMA_Config      dma.o
    0x08002258   0x08002258   0x0000010c   Code   RO         4207    i.Main_entry        app.o
    0x08002364   0x08002364   0x000002e8   Code   RO         4208    i.Master_thread_entry  app.o
    0x0800264c   0x0800264c   0x00000002   Code   RO          239    i.MemManage_Handler  stm32f4xx_it.o
    0x0800264e   0x0800264e   0x00000002   PAD
    0x08002650   0x08002650   0x00000060   Code   RO          612    i.Modify_TestParameters  csv_database.o
    0x080026b0   0x080026b0   0x0000008a   Code   RO          712    i.My_RTC_Init       rtc.o
    0x0800273a   0x0800273a   0x00000002   Code   RO          240    i.NMI_Handler       stm32f4xx_it.o
    0x0800273c   0x0800273c   0x00000064   Code   RO         1518    i.NVIC_Init         misc.o
    0x080027a0   0x080027a0   0x0000000c   Code   RO         3132    i.PWR_BackupAccessCmd  stm32f4xx_pwr.o
    0x080027ac   0x080027ac   0x00000010   Code   RO         3134    i.PWR_ClearFlag     stm32f4xx_pwr.o
    0x080027bc   0x080027bc   0x00000020   Code   RO         3136    i.PWR_EnterSTANDBYMode  stm32f4xx_pwr.o
    0x080027dc   0x080027dc   0x0000000c   Code   RO         3149    i.PWR_WakeUpPinCmd  stm32f4xx_pwr.o
    0x080027e8   0x080027e8   0x00000008   Code   RO         1063    i.QC20_Induced      data_math.o
    0x080027f0   0x080027f0   0x00000018   Code   RO         1668    i.RCC_AHB1PeriphClockCmd  stm32f4xx_rcc.o
    0x08002808   0x08002808   0x00000018   Code   RO         1670    i.RCC_AHB1PeriphResetCmd  stm32f4xx_rcc.o
    0x08002820   0x08002820   0x00000018   Code   RO         1677    i.RCC_APB1PeriphClockCmd  stm32f4xx_rcc.o
    0x08002838   0x08002838   0x00000018   Code   RO         1680    i.RCC_APB2PeriphClockCmd  stm32f4xx_rcc.o
    0x08002850   0x08002850   0x00000018   Code   RO         1682    i.RCC_APB2PeriphResetCmd  stm32f4xx_rcc.o
    0x08002868   0x08002868   0x00000090   Code   RO         1689    i.RCC_GetClocksFreq  stm32f4xx_rcc.o
    0x080028f8   0x080028f8   0x00000034   Code   RO         1690    i.RCC_GetFlagStatus  stm32f4xx_rcc.o
    0x0800292c   0x0800292c   0x0000001c   Code   RO         1698    i.RCC_LSEConfig     stm32f4xx_rcc.o
    0x08002948   0x08002948   0x0000000c   Code   RO         1712    i.RCC_RTCCLKCmd     stm32f4xx_rcc.o
    0x08002954   0x08002954   0x00000030   Code   RO         1713    i.RCC_RTCCLKConfig  stm32f4xx_rcc.o
    0x08002984   0x08002984   0x00000034   Code   RO          713    i.RTC_Alarm_IRQHandler  rtc.o
    0x080029b8   0x080029b8   0x00000012   Code   RO         2711    i.RTC_Bcd2ToByte    stm32f4xx_rtc.o
    0x080029ca   0x080029ca   0x00000018   Code   RO         2713    i.RTC_ByteToBcd2    stm32f4xx_rtc.o
    0x080029e2   0x080029e2   0x00000002   PAD
    0x080029e4   0x080029e4   0x0000001c   Code   RO         2716    i.RTC_ClearFlag     stm32f4xx_rtc.o
    0x08002a00   0x08002a00   0x0000001c   Code   RO         2717    i.RTC_ClearITPendingBit  stm32f4xx_rtc.o
    0x08002a1c   0x08002a1c   0x0000003c   Code   RO         2723    i.RTC_EnterInitMode  stm32f4xx_rtc.o
    0x08002a58   0x08002a58   0x00000010   Code   RO         2724    i.RTC_ExitInitMode  stm32f4xx_rtc.o
    0x08002a68   0x08002a68   0x00000048   Code   RO         2727    i.RTC_GetDate       stm32f4xx_rtc.o
    0x08002ab0   0x08002ab0   0x0000001c   Code   RO         2728    i.RTC_GetFlagStatus  stm32f4xx_rtc.o
    0x08002acc   0x08002acc   0x0000004c   Code   RO         2732    i.RTC_GetTime       stm32f4xx_rtc.o
    0x08002b18   0x08002b18   0x00000040   Code   RO         2736    i.RTC_ITConfig      stm32f4xx_rtc.o
    0x08002b58   0x08002b58   0x00000050   Code   RO         2737    i.RTC_Init          stm32f4xx_rtc.o
    0x08002ba8   0x08002ba8   0x00000014   Code   RO         2740    i.RTC_ReadBackupRegister  stm32f4xx_rtc.o
    0x08002bbc   0x08002bbc   0x0000009c   Code   RO         2743    i.RTC_SetDate       stm32f4xx_rtc.o
    0x08002c58   0x08002c58   0x000000a0   Code   RO         2744    i.RTC_SetTime       stm32f4xx_rtc.o
    0x08002cf8   0x08002cf8   0x0000001c   Code   RO          715    i.RTC_Set_Date      rtc.o
    0x08002d14   0x08002d14   0x0000001c   Code   RO          716    i.RTC_Set_Time      rtc.o
    0x08002d30   0x08002d30   0x00000038   Code   RO          718    i.RTC_WKUP_IRQHandler  rtc.o
    0x08002d68   0x08002d68   0x0000004c   Code   RO         2760    i.RTC_WaitForSynchro  stm32f4xx_rtc.o
    0x08002db4   0x08002db4   0x00000014   Code   RO         2763    i.RTC_WriteBackupRegister  stm32f4xx_rtc.o
    0x08002dc8   0x08002dc8   0x0000008c   Code   RO          367    i.SDEnWideBus       sdio_sdcard.o
    0x08002e54   0x08002e54   0x0000000c   Code   RO         2391    i.SDIO_ClearFlag    stm32f4xx_sdio.o
    0x08002e60   0x08002e60   0x00000014   Code   RO          368    i.SDIO_Clock_Set    sdio_sdcard.o
    0x08002e74   0x08002e74   0x00000030   Code   RO         2397    i.SDIO_DataConfig   stm32f4xx_sdio.o
    0x08002ea4   0x08002ea4   0x00000014   Code   RO         2403    i.SDIO_GetFlagStatus  stm32f4xx_sdio.o
    0x08002eb8   0x08002eb8   0x00000010   Code   RO         2405    i.SDIO_GetPowerState  stm32f4xx_sdio.o
    0x08002ec8   0x08002ec8   0x00000004   Code   RO          369    i.SDIO_IRQHandler   sdio_sdcard.o
    0x08002ecc   0x08002ecc   0x0000002c   Code   RO         2408    i.SDIO_Init         stm32f4xx_sdio.o
    0x08002ef8   0x08002ef8   0x00000038   Code   RO          370    i.SDIO_Register_Deinit  sdio_sdcard.o
    0x08002f30   0x08002f30   0x00000028   Code   RO         2411    i.SDIO_SendCommand  stm32f4xx_sdio.o
    0x08002f58   0x08002f58   0x0000000c   Code   RO         2413    i.SDIO_SetPowerState  stm32f4xx_sdio.o
    0x08002f64   0x08002f64   0x00000078   Code   RO          371    i.SD_DMA_Config     sdio_sdcard.o
    0x08002fdc   0x08002fdc   0x0000004c   Code   RO          372    i.SD_EnableWideBusOperation  sdio_sdcard.o
    0x08003028   0x08003028   0x00000210   Code   RO          373    i.SD_GetCardInfo    sdio_sdcard.o
    0x08003238   0x08003238   0x0000011c   Code   RO          375    i.SD_Init           sdio_sdcard.o
    0x08003354   0x08003354   0x0000011c   Code   RO          376    i.SD_InitializeCards  sdio_sdcard.o
    0x08003470   0x08003470   0x00000184   Code   RO          378    i.SD_PowerON        sdio_sdcard.o
    0x080035f4   0x080035f4   0x000000f0   Code   RO          379    i.SD_ProcessIRQSrc  sdio_sdcard.o
    0x080036e4   0x080036e4   0x00000208   Code   RO          380    i.SD_ReadBlock      sdio_sdcard.o
    0x080038ec   0x080038ec   0x00000078   Code   RO          381    i.SD_ReadDisk       sdio_sdcard.o
    0x08003964   0x08003964   0x0000026c   Code   RO          382    i.SD_ReadMultiBlocks  sdio_sdcard.o
    0x08003bd0   0x08003bd0   0x0000002c   Code   RO          383    i.SD_SelectDeselect  sdio_sdcard.o
    0x08003bfc   0x08003bfc   0x00000018   Code   RO          385    i.SD_SetDeviceMode  sdio_sdcard.o
    0x08003c14   0x08003c14   0x000002e0   Code   RO          386    i.SD_WriteBlock     sdio_sdcard.o
    0x08003ef4   0x08003ef4   0x00000070   Code   RO          387    i.SD_WriteDisk      sdio_sdcard.o
    0x08003f64   0x08003f64   0x0000030c   Code   RO          388    i.SD_WriteMultiBlocks  sdio_sdcard.o
    0x08004270   0x08004270   0x00000002   Code   RO          241    i.SVC_Handler       stm32f4xx_it.o
    0x08004272   0x08004272   0x00000002   PAD
    0x08004274   0x08004274   0x0000009c   Code   RO          614    i.Scan_BatchDir     csv_database.o
    0x08004310   0x08004310   0x000000b4   Code   RO          294    i.SetSysClock       system_stm32f4xx.o
    0x080043c4   0x080043c4   0x0000003c   Code   RO          896    i.Switch_Init       switch.o
    0x08004400   0x08004400   0x00000018   Code   RO         1522    i.SysTick_CLKSourceConfig  misc.o
    0x08004418   0x08004418   0x00000012   Code   RO         6113    i.SysTick_Handler   board.o
    0x0800442a   0x0800442a   0x00000002   PAD
    0x0800442c   0x0800442c   0x00000050   Code   RO         1015    i.Sys_Enter_Standby  wkup.o
    0x0800447c   0x0800447c   0x0000005c   Code   RO          296    i.SystemInit        system_stm32f4xx.o
    0x080044d8   0x080044d8   0x0000005c   Code   RO         1334    i.USART1_IRQHandler  usart1.o
    0x08004534   0x08004534   0x0000000c   Code   RO         1393    i.USART2_IRQHandler  usart2.o
    0x08004540   0x08004540   0x00000044   Code   RO         1394    i.USART2_printf     usart2.o
    0x08004584   0x08004584   0x00000006   Code   RO         2006    i.USART_ClearFlag   stm32f4xx_usart.o
    0x0800458a   0x0800458a   0x00000014   Code   RO         2010    i.USART_Cmd         stm32f4xx_usart.o
    0x0800459e   0x0800459e   0x00000010   Code   RO         2011    i.USART_DMACmd      stm32f4xx_usart.o
    0x080045ae   0x080045ae   0x0000000e   Code   RO         2013    i.USART_GetFlagStatus  stm32f4xx_usart.o
    0x080045bc   0x080045bc   0x0000003e   Code   RO         2014    i.USART_GetITStatus  stm32f4xx_usart.o
    0x080045fa   0x080045fa   0x00000030   Code   RO         2016    i.USART_ITConfig    stm32f4xx_usart.o
    0x0800462a   0x0800462a   0x00000002   PAD
    0x0800462c   0x0800462c   0x000000ac   Code   RO         2017    i.USART_Init        stm32f4xx_usart.o
    0x080046d8   0x080046d8   0x00000008   Code   RO         2024    i.USART_ReceiveData  stm32f4xx_usart.o
    0x080046e0   0x080046e0   0x00000008   Code   RO         2027    i.USART_SendData    stm32f4xx_usart.o
    0x080046e8   0x080046e8   0x00000050   Code   RO          789    i.USART_Solution    hmi.o
    0x08004738   0x08004738   0x00000002   Code   RO          242    i.UsageFault_Handler  stm32f4xx_it.o
    0x0800473a   0x0800473a   0x00000002   PAD
    0x0800473c   0x0800473c   0x00000020   Code   RO         6399    i.__0printf         mc_w.l(printfa.o)
    0x0800475c   0x0800475c   0x00000028   Code   RO         6401    i.__0sprintf        mc_w.l(printfa.o)
    0x08004784   0x08004784   0x0000002c   Code   RO         6404    i.__0vsnprintf      mc_w.l(printfa.o)
    0x080047b0   0x080047b0   0x00000044   Code   RO         5454    i.__rt_ffs          kservice.o
    0x080047f4   0x080047f4   0x0000000e   Code   RO         6478    i.__scatterload_copy  mc_w.l(handlers.o)
    0x08004802   0x08004802   0x00000002   Code   RO         6479    i.__scatterload_null  mc_w.l(handlers.o)
    0x08004804   0x08004804   0x0000000e   Code   RO         6480    i.__scatterload_zeroinit  mc_w.l(handlers.o)
    0x08004812   0x08004812   0x00000002   PAD
    0x08004814   0x08004814   0x00000184   Code   RO         6406    i._fp_digits        mc_w.l(printfa.o)
    0x08004998   0x08004998   0x00000014   Code   RO         5161    i._has_defunct_thread  idle.o
    0x080049ac   0x080049ac   0x000000e0   Code   RO         4570    i._list_device      cmd.o
    0x08004a8c   0x08004a8c   0x000000f8   Code   RO         4571    i._list_event       cmd.o
    0x08004b84   0x08004b84   0x00000118   Code   RO         4572    i._list_mailbox     cmd.o
    0x08004c9c   0x08004c9c   0x000000fc   Code   RO         4573    i._list_mempool     cmd.o
    0x08004d98   0x08004d98   0x000000c0   Code   RO         4574    i._list_mutex       cmd.o
    0x08004e58   0x08004e58   0x000000e8   Code   RO         4575    i._list_sem         cmd.o
    0x08004f40   0x08004f40   0x00000154   Code   RO         4576    i._list_thread      cmd.o
    0x08005094   0x08005094   0x00000108   Code   RO         4577    i._list_timer       cmd.o
    0x0800519c   0x0800519c   0x0000009c   Code   RO         4747    i._msh_exec_cmd     msh_1.o
    0x08005238   0x08005238   0x000006dc   Code   RO         6407    i._printf_core      mc_w.l(printfa.o)
    0x08005914   0x08005914   0x00000024   Code   RO         6408    i._printf_post_padding  mc_w.l(printfa.o)
    0x08005938   0x08005938   0x0000002e   Code   RO         6409    i._printf_pre_padding  mc_w.l(printfa.o)
    0x08005966   0x08005966   0x00000002   PAD
    0x08005968   0x08005968   0x00000084   Code   RO         5880    i._rt_thread_init   thread.o
    0x080059ec   0x080059ec   0x0000001c   Code   RO         6014    i._rt_timer_init    timer.o
    0x08005a08   0x08005a08   0x00000012   Code   RO         6015    i._rt_timer_remove  timer.o
    0x08005a1a   0x08005a1a   0x00000016   Code   RO         6410    i._snputc           mc_w.l(printfa.o)
    0x08005a30   0x08005a30   0x0000000a   Code   RO         6411    i._sputc            mc_w.l(printfa.o)
    0x08005a3a   0x08005a3a   0x00000002   PAD
    0x08005a3c   0x08005a3c   0x0000005c   Code   RO         3798    i.check_fs          ff.o
    0x08005a98   0x08005a98   0x00000010   Code   RO         3799    i.chk_chr           ff.o
    0x08005aa8   0x08005aa8   0x00000024   Code   RO         3800    i.clmt_clust        ff.o
    0x08005acc   0x08005acc   0x00000018   Code   RO         3801    i.clust2sect        ff.o
    0x08005ae4   0x08005ae4   0x0000000a   Code   RO         4797    i.cmd_free          msh_cmd.o
    0x08005aee   0x08005aee   0x0000000a   Code   RO         4798    i.cmd_ps            msh_cmd.o
    0x08005af8   0x08005af8   0x00000004   Code   RO         4799    i.cmd_time          msh_cmd.o
    0x08005afc   0x08005afc   0x00000012   Code   RO          389    i.convert_from_bytes_to_power_of_two  sdio_sdcard.o
    0x08005b0e   0x08005b0e   0x0000009e   Code   RO         3802    i.create_chain      ff.o
    0x08005bac   0x08005bac   0x00000130   Code   RO         3803    i.create_name       ff.o
    0x08005cdc   0x08005cdc   0x0000003c   Code   RO         4105    i.dac               msh.o
    0x08005d18   0x08005d18   0x0000003c   Code   RO         1250    i.delay_init        delay.o
    0x08005d54   0x08005d54   0x00000040   Code   RO         1251    i.delay_ms          delay.o
    0x08005d94   0x08005d94   0x00000044   Code   RO         1255    i.delay_us          delay.o
    0x08005dd8   0x08005dd8   0x00000042   Code   RO         3804    i.dir_alloc         ff.o
    0x08005e1a   0x08005e1a   0x000000e6   Code   RO         3805    i.dir_next          ff.o
    0x08005f00   0x08005f00   0x00000058   Code   RO         3806    i.dir_read          ff.o
    0x08005f58   0x08005f58   0x00000038   Code   RO         3807    i.dir_register      ff.o
    0x08005f90   0x08005f90   0x0000007e   Code   RO         3809    i.dir_sdi           ff.o
    0x0800600e   0x0800600e   0x00000010   Code   RO         3732    i.disk_initialize   diskio.o
    0x0800601e   0x0800601e   0x00000002   PAD
    0x08006020   0x08006020   0x00000044   Code   RO         3733    i.disk_ioctl        diskio.o
    0x08006064   0x08006064   0x00000028   Code   RO         3734    i.disk_read         diskio.o
    0x0800608c   0x0800608c   0x00000004   Code   RO         3735    i.disk_status       diskio.o
    0x08006090   0x08006090   0x00000028   Code   RO         3736    i.disk_write        diskio.o
    0x080060b8   0x080060b8   0x0000001c   Code   RO         3811    i.f_close           ff.o
    0x080060d4   0x080060d4   0x00000216   Code   RO         3816    i.f_lseek           ff.o
    0x080062ea   0x080062ea   0x00000158   Code   RO         3817    i.f_mkdir           ff.o
    0x08006442   0x08006442   0x00000002   PAD
    0x08006444   0x08006444   0x0000004c   Code   RO         3819    i.f_mount           ff.o
    0x08006490   0x08006490   0x0000013a   Code   RO         3820    i.f_open            ff.o
    0x080065ca   0x080065ca   0x00000060   Code   RO         3821    i.f_opendir         ff.o
    0x0800662a   0x0800662a   0x0000004e   Code   RO         3826    i.f_readdir         ff.o
    0x08006678   0x08006678   0x00000098   Code   RO         3830    i.f_sync            ff.o
    0x08006710   0x08006710   0x0000018a   Code   RO         3834    i.f_write           ff.o
    0x0800689a   0x0800689a   0x00000002   PAD
    0x0800689c   0x0800689c   0x00000014   Code   RO         4106    i.fan               msh.o
    0x080068b0   0x080068b0   0x00000238   Code   RO         3835    i.find_volume       ff.o
    0x08006ae8   0x08006ae8   0x00000038   Code   RO         4837    i.finsh_get_prompt  shell.o
    0x08006b20   0x08006b20   0x00000014   Code   RO         4838    i.finsh_rx_ind      shell.o
    0x08006b34   0x08006b34   0x00000014   Code   RO         4841    i.finsh_system_function_init  shell.o
    0x08006b48   0x08006b48   0x0000009c   Code   RO         4842    i.finsh_system_init  shell.o
    0x08006be4   0x08006be4   0x0000039c   Code   RO         4844    i.finsh_thread_entry  shell.o
    0x08006f80   0x08006f80   0x000000aa   Code   RO         3836    i.follow_path       ff.o
    0x0800702a   0x0800702a   0x00000002   PAD
    0x0800702c   0x0800702c   0x00000014   Code   RO         1336    i.fputc             usart1.o
    0x08007040   0x08007040   0x000000b6   Code   RO         3837    i.get_fat           ff.o
    0x080070f6   0x080070f6   0x00000016   Code   RO         3739    i.get_fattime       diskio.o
    0x0800710c   0x0800710c   0x0000004c   Code   RO         3838    i.get_fileinfo      ff.o
    0x08007158   0x08007158   0x0000003c   Code   RO         3839    i.get_ldnumber      ff.o
    0x08007194   0x08007194   0x00000020   Code   RO         4578    i.hello             cmd.o
    0x080071b4   0x080071b4   0x00000012   Code   RO         3840    i.ld_clust          ff.o
    0x080071c6   0x080071c6   0x00000002   PAD
    0x080071c8   0x080071c8   0x00000020   Code   RO         4210    i.led1_thread_entry  app.o
    0x080071e8   0x080071e8   0x00000054   Code   RO         4579    i.list              cmd.o
    0x0800723c   0x0800723c   0x0000000c   Code   RO         4580    i.list_device       cmd.o
    0x08007248   0x08007248   0x0000000c   Code   RO         4581    i.list_event        cmd.o
    0x08007254   0x08007254   0x0000000c   Code   RO         4582    i.list_mailbox      cmd.o
    0x08007260   0x08007260   0x0000006c   Code   RO         5641    i.list_mem          mem.o
    0x080072cc   0x080072cc   0x0000000c   Code   RO         4583    i.list_mempool      cmd.o
    0x080072d8   0x080072d8   0x0000000c   Code   RO         4584    i.list_mutex        cmd.o
    0x080072e4   0x080072e4   0x0000000c   Code   RO         4585    i.list_sem          cmd.o
    0x080072f0   0x080072f0   0x0000000c   Code   RO         4586    i.list_thread       cmd.o
    0x080072fc   0x080072fc   0x0000000c   Code   RO         4587    i.list_timer        cmd.o
    0x08007308   0x08007308   0x0000000a   Code   RO           13    i.main              main.o
    0x08007312   0x08007312   0x0000000e   Code   RO         5011    i.main_thread_entry  components.o
    0x08007320   0x08007320   0x00000012   Code   RO         3841    i.mem_cpy           ff.o
    0x08007332   0x08007332   0x0000000e   Code   RO         3842    i.mem_set           ff.o
    0x08007340   0x08007340   0x0000002e   Code   RO         3843    i.move_window       ff.o
    0x0800736e   0x0800736e   0x00000002   PAD
    0x08007370   0x08007370   0x000000ac   Code   RO         4748    i.msh_auto_complete  msh_1.o
    0x0800741c   0x0800741c   0x00000064   Code   RO         4749    i.msh_exec          msh_1.o
    0x08007480   0x08007480   0x0000006c   Code   RO         4750    i.msh_help          msh_1.o
    0x080074ec   0x080074ec   0x00000004   Code   RO         4751    i.msh_is_used       msh_1.o
    0x080074f0   0x080074f0   0x00000084   Code   RO         4752    i.msh_split         msh_1.o
    0x08007574   0x08007574   0x0000001e   Code   RO         4107    i.mtk               msh.o
    0x08007592   0x08007592   0x00000002   PAD
    0x08007594   0x08007594   0x00000030   Code   RO          616    i.my_atoi           csv_database.o
    0x080075c4   0x080075c4   0x00000048   Code   RO          617    i.my_itoa           csv_database.o
    0x0800760c   0x0800760c   0x00000020   Code   RO         4108    i.mycmd             msh.o
    0x0800762c   0x0800762c   0x00000034   Code   RO         4588    i.object_name_maxlen  cmd.o
    0x08007660   0x08007660   0x00000018   Code   RO         4589    i.object_split      cmd.o
    0x08007678   0x08007678   0x0000000e   Code   RO         4109    i.page              msh.o
    0x08007686   0x08007686   0x00000002   PAD
    0x08007688   0x08007688   0x00000058   Code   RO         5642    i.plug_holes        mem.o
    0x080076e0   0x080076e0   0x00000034   Code   RO         4110    i.print             msh.o
    0x08007714   0x08007714   0x0000012c   Code   RO         5456    i.print_number      kservice.o
    0x08007840   0x08007840   0x000000fa   Code   RO         3844    i.put_fat           ff.o
    0x0800793a   0x0800793a   0x0000009a   Code   RO         3846    i.remove_chain      ff.o
    0x080079d4   0x080079d4   0x0000002c   Code   RO         5012    i.rt_application_init  components.o
    0x08007a00   0x08007a00   0x00000048   Code   RO         5013    i.rt_components_board_init  components.o
    0x08007a48   0x08007a48   0x00000070   Code   RO         5014    i.rt_components_init  components.o
    0x08007ab8   0x08007ab8   0x0000000c   Code   RO         5457    i.rt_console_get_device  kservice.o
    0x08007ac4   0x08007ac4   0x00000028   Code   RO         5458    i.rt_console_set_device  kservice.o
    0x08007aec   0x08007aec   0x00000030   Code   RO         5082    i.rt_device_close   device.o
    0x08007b1c   0x08007b1c   0x00000050   Code   RO         5084    i.rt_device_find    device.o
    0x08007b6c   0x08007b6c   0x0000009c   Code   RO         5087    i.rt_device_open    device.o
    0x08007c08   0x08007c08   0x00000024   Code   RO         5088    i.rt_device_read    device.o
    0x08007c2c   0x08007c2c   0x00000032   Code   RO         5089    i.rt_device_register  device.o
    0x08007c5e   0x08007c5e   0x00000006   Code   RO         5090    i.rt_device_set_rx_indicate  device.o
    0x08007c64   0x08007c64   0x00000024   Code   RO         5093    i.rt_device_write   device.o
    0x08007c88   0x08007c88   0x0000001c   Code   RO         5813    i.rt_enter_critical  scheduler.o
    0x08007ca4   0x08007ca4   0x00000030   Code   RO         5814    i.rt_exit_critical  scheduler.o
    0x08007cd4   0x08007cd4   0x00000060   Code   RO         5644    i.rt_free           mem.o
    0x08007d34   0x08007d34   0x000000fc   Code   RO         6114    i.rt_hw_board_init  board.o
    0x08007e30   0x08007e30   0x0000004c   Code   RO         1395    i.rt_hw_console_output  usart2.o
    0x08007e7c   0x08007e7c   0x00000108   Code   RO         4938    i.rt_hw_hard_fault_exception  cpuport.o
    0x08007f84   0x08007f84   0x0000003c   Code   RO         4939    i.rt_hw_stack_init  cpuport.o
    0x08007fc0   0x08007fc0   0x0000006c   Code   RO         1396    i.rt_hw_usart_init  usart2.o
    0x0800802c   0x0800802c   0x00000024   Code   RO         5415    i.rt_interrupt_enter  irq.o
    0x08008050   0x08008050   0x0000000c   Code   RO         5417    i.rt_interrupt_get_nest  irq.o
    0x0800805c   0x0800805c   0x00000024   Code   RO         5418    i.rt_interrupt_leave  irq.o
    0x08008080   0x08008080   0x0000000e   Code   RO         5215    i.rt_ipc_list_resume  ipc.o
    0x0800808e   0x0800808e   0x00000002   PAD
    0x08008090   0x08008090   0x00000052   Code   RO         5217    i.rt_ipc_list_suspend  ipc.o
    0x080080e2   0x080080e2   0x00000002   PAD
    0x080080e4   0x080080e4   0x00000048   Code   RO         5462    i.rt_kprintf        kservice.o
    0x0800812c   0x0800812c   0x0000000e   Code   RO         5712    i.rt_list_insert_after  object.o
    0x0800813a   0x0800813a   0x0000000e   Code   RO         5881    i.rt_list_insert_after  thread.o
    0x08008148   0x08008148   0x0000000e   Code   RO         6016    i.rt_list_insert_after  timer.o
    0x08008156   0x08008156   0x0000000e   Code   RO         5218    i.rt_list_insert_before  ipc.o
    0x08008164   0x08008164   0x00000012   Code   RO         4590    i.rt_list_len       cmd.o
    0x08008176   0x08008176   0x00000012   Code   RO         5713    i.rt_list_remove    object.o
    0x08008188   0x08008188   0x00000012   Code   RO         5882    i.rt_list_remove    thread.o
    0x0800819a   0x0800819a   0x00000002   PAD
    0x0800819c   0x0800819c   0x000000fc   Code   RO         5646    i.rt_malloc         mem.o
    0x08008298   0x08008298   0x00000048   Code   RO         5220    i.rt_mb_create      ipc.o
    0x080082e0   0x080082e0   0x00000034   Code   RO         5223    i.rt_mb_init        ipc.o
    0x08008314   0x08008314   0x00000118   Code   RO         5224    i.rt_mb_recv        ipc.o
    0x0800842c   0x0800842c   0x00000006   Code   RO         5225    i.rt_mb_send        ipc.o
    0x08008432   0x08008432   0x00000002   PAD
    0x08008434   0x08008434   0x000000f8   Code   RO         5226    i.rt_mb_send_wait   ipc.o
    0x0800852c   0x0800852c   0x00000032   Code   RO         5467    i.rt_memmove        kservice.o
    0x0800855e   0x0800855e   0x00000002   PAD
    0x08008560   0x08008560   0x00000046   Code   RO         5468    i.rt_memset         kservice.o
    0x080085a6   0x080085a6   0x00000002   PAD
    0x080085a8   0x080085a8   0x00000058   Code   RO         5714    i.rt_object_allocate  object.o
    0x08008600   0x08008600   0x00000030   Code   RO         5716    i.rt_object_delete  object.o
    0x08008630   0x08008630   0x0000002c   Code   RO         5717    i.rt_object_detach  object.o
    0x0800865c   0x0800865c   0x00000048   Code   RO         5721    i.rt_object_init    object.o
    0x080086a4   0x080086a4   0x0000000e   Code   RO         5722    i.rt_object_is_systemobject  object.o
    0x080086b2   0x080086b2   0x00000034   Code   RO         4452    i.rt_ringbuffer_data_len  ringbuffer.o
    0x080086e6   0x080086e6   0x0000006e   Code   RO         4453    i.rt_ringbuffer_get  ringbuffer.o
    0x08008754   0x08008754   0x00000026   Code   RO         4455    i.rt_ringbuffer_init  ringbuffer.o
    0x0800877a   0x0800877a   0x0000005c   Code   RO         4459    i.rt_ringbuffer_putchar_force  ringbuffer.o
    0x080087d6   0x080087d6   0x00000020   Code   RO         4460    i.rt_ringbuffer_status  ringbuffer.o
    0x080087f6   0x080087f6   0x00000002   PAD
    0x080087f8   0x080087f8   0x00000064   Code   RO         5815    i.rt_schedule       scheduler.o
    0x0800885c   0x0800885c   0x00000048   Code   RO         5816    i.rt_schedule_insert_thread  scheduler.o
    0x080088a4   0x080088a4   0x00000048   Code   RO         5817    i.rt_schedule_remove_thread  scheduler.o
    0x080088ec   0x080088ec   0x00000024   Code   RO         5238    i.rt_sem_init       ipc.o
    0x08008910   0x08008910   0x00000044   Code   RO         5239    i.rt_sem_release    ipc.o
    0x08008954   0x08008954   0x00000090   Code   RO         5240    i.rt_sem_take       ipc.o
    0x080089e4   0x080089e4   0x00000020   Code   RO         5469    i.rt_set_errno      kservice.o
    0x08008a04   0x08008a04   0x000000b0   Code   RO         5470    i.rt_show_version   kservice.o
    0x08008ab4   0x08008ab4   0x00000010   Code   RO         5476    i.rt_strlen         kservice.o
    0x08008ac4   0x08008ac4   0x00000020   Code   RO         5477    i.rt_strncmp        kservice.o
    0x08008ae4   0x08008ae4   0x00000026   Code   RO         5478    i.rt_strncpy        kservice.o
    0x08008b0a   0x08008b0a   0x00000002   PAD
    0x08008b0c   0x08008b0c   0x000000ac   Code   RO         5650    i.rt_system_heap_init  mem.o
    0x08008bb8   0x08008bb8   0x00000034   Code   RO         5819    i.rt_system_scheduler_init  scheduler.o
    0x08008bec   0x08008bec   0x00000028   Code   RO         5820    i.rt_system_scheduler_start  scheduler.o
    0x08008c14   0x08008c14   0x0000000c   Code   RO         6017    i.rt_system_timer_init  timer.o
    0x08008c20   0x08008c20   0x00000002   Code   RO         6018    i.rt_system_timer_thread_init  timer.o
    0x08008c22   0x08008c22   0x00000048   Code   RO         5884    i.rt_thread_create  thread.o
    0x08008c6a   0x08008c6a   0x00000004   Code   RO         5885    i.rt_thread_delay   thread.o
    0x08008c6e   0x08008c6e   0x00000002   PAD
    0x08008c70   0x08008c70   0x0000003c   Code   RO         5886    i.rt_thread_delete  thread.o
    0x08008cac   0x08008cac   0x00000058   Code   RO         5888    i.rt_thread_exit    thread.o
    0x08008d04   0x08008d04   0x00000014   Code   RO         5162    i.rt_thread_idle_entry  idle.o
    0x08008d18   0x08008d18   0x00000064   Code   RO         5163    i.rt_thread_idle_excute  idle.o
    0x08008d7c   0x08008d7c   0x00000038   Code   RO         5165    i.rt_thread_idle_init  idle.o
    0x08008db4   0x08008db4   0x00000030   Code   RO         5890    i.rt_thread_init    thread.o
    0x08008de4   0x08008de4   0x00000048   Code   RO         5892    i.rt_thread_resume  thread.o
    0x08008e2c   0x08008e2c   0x0000000c   Code   RO         5894    i.rt_thread_self    thread.o
    0x08008e38   0x08008e38   0x00000040   Code   RO         5895    i.rt_thread_sleep   thread.o
    0x08008e78   0x08008e78   0x0000002c   Code   RO         5896    i.rt_thread_startup  thread.o
    0x08008ea4   0x08008ea4   0x00000044   Code   RO         5897    i.rt_thread_suspend  thread.o
    0x08008ee8   0x08008ee8   0x00000020   Code   RO         5899    i.rt_thread_timeout  thread.o
    0x08008f08   0x08008f08   0x0000005c   Code   RO         5900    i.rt_thread_yield   thread.o
    0x08008f64   0x08008f64   0x0000000c   Code   RO         4974    i.rt_tick_get       clock.o
    0x08008f70   0x08008f70   0x0000002c   Code   RO         4975    i.rt_tick_increase  clock.o
    0x08008f9c   0x08008f9c   0x00000074   Code   RO         6019    i.rt_timer_check    timer.o
    0x08009010   0x08009010   0x00000030   Code   RO         6020    i.rt_timer_control  timer.o
    0x08009040   0x08009040   0x00000020   Code   RO         6023    i.rt_timer_detach   timer.o
    0x08009060   0x08009060   0x00000028   Code   RO         6024    i.rt_timer_init     timer.o
    0x08009088   0x08009088   0x0000009c   Code   RO         6026    i.rt_timer_start    timer.o
    0x08009124   0x08009124   0x0000003c   Code   RO         6027    i.rt_timer_stop     timer.o
    0x08009160   0x08009160   0x00000022   Code   RO         1397    i.rt_uart_close     usart2.o
    0x08009182   0x08009182   0x0000000e   Code   RO         1398    i.rt_uart_init      usart2.o
    0x08009190   0x08009190   0x00000022   Code   RO         1399    i.rt_uart_open      usart2.o
    0x080091b2   0x080091b2   0x0000002a   Code   RO         1400    i.rt_uart_read      usart2.o
    0x080091dc   0x080091dc   0x0000006e   Code   RO         1401    i.rt_uart_write     usart2.o
    0x0800924a   0x0800924a   0x00000002   PAD
    0x0800924c   0x0800924c   0x00000274   Code   RO         5481    i.rt_vsnprintf      kservice.o
    0x080094c0   0x080094c0   0x00000004   Code   RO         5015    i.rti_board_end     components.o
    0x080094c4   0x080094c4   0x00000004   Code   RO         5016    i.rti_board_start   components.o
    0x080094c8   0x080094c8   0x00000004   Code   RO         5017    i.rti_end           components.o
    0x080094cc   0x080094cc   0x00000004   Code   RO         5018    i.rti_start         components.o
    0x080094d0   0x080094d0   0x0000002a   Code   RO         5019    i.rtthread_startup  components.o
    0x080094fa   0x080094fa   0x00000002   PAD
    0x080094fc   0x080094fc   0x0000002c   Code   RO         4845    i.shell_handle_history  shell.o
    0x08009528   0x08009528   0x00000058   Code   RO         4846    i.shell_push_history  shell.o
    0x08009580   0x08009580   0x00000030   Code   RO         4591    i.show_wait_queue   cmd.o
    0x080095b0   0x080095b0   0x00000044   Code   RO         4111    i.showadc           msh.o
    0x080095f4   0x080095f4   0x0000006c   Code   RO         4112    i.showtime          msh.o
    0x08009660   0x08009660   0x00000028   Code   RO         5483    i.skip_atoi         kservice.o
    0x08009688   0x08009688   0x00000010   Code   RO         3847    i.st_clust          ff.o
    0x08009698   0x08009698   0x00000014   Code   RO         4113    i.sw                msh.o
    0x080096ac   0x080096ac   0x000000b0   Code   RO         3848    i.sync_fs           ff.o
    0x0800975c   0x0800975c   0x00000050   Code   RO         3849    i.sync_window       ff.o
    0x080097ac   0x080097ac   0x000000b4   Code   RO         1337    i.uart1_init        usart1.o
    0x08009860   0x08009860   0x000000b8   Code   RO         1402    i.uart2_init        usart2.o
    0x08009918   0x08009918   0x000000b4   Code   RO         1484    i.uart3_init        usart3.o
    0x080099cc   0x080099cc   0x00000074   Code   RO         1403    i.uart_irq_handler  usart2.o
    0x08009a40   0x08009a40   0x00000026   Code   RO         3850    i.validate          ff.o
    0x08009a66   0x08009a66   0x0000000a   Code   RO         4592    i.version           cmd.o
    0x08009a70   0x08009a70   0x00000011   Data   RO         1405    .constdata          usart2.o
    0x08009a81   0x08009a81   0x0000000c   Data   RO         4114    .constdata          msh.o
    0x08009a8d   0x08009a8d   0x0000000c   Data   RO         4115    .constdata          msh.o
    0x08009a99   0x08009a99   0x0000000a   Data   RO         4116    .constdata          msh.o
    0x08009aa3   0x08009aa3   0x0000000e   Data   RO         4117    .constdata          msh.o
    0x08009ab1   0x08009ab1   0x0000000a   Data   RO         4118    .constdata          msh.o
    0x08009abb   0x08009abb   0x00000009   Data   RO         4119    .constdata          msh.o
    0x08009ac4   0x08009ac4   0x0000000f   Data   RO         4120    .constdata          msh.o
    0x08009ad3   0x08009ad3   0x0000000b   Data   RO         4121    .constdata          msh.o
    0x08009ade   0x08009ade   0x0000000a   Data   RO         4122    .constdata          msh.o
    0x08009ae8   0x08009ae8   0x00000006   Data   RO         4593    .constdata          cmd.o
    0x08009aee   0x08009aee   0x00000008   Data   RO         4594    .constdata          cmd.o
    0x08009af6   0x08009af6   0x0000000e   Data   RO         4595    .constdata          cmd.o
    0x08009b04   0x08009b04   0x0000000c   Data   RO         4596    .constdata          cmd.o
    0x08009b10   0x08009b10   0x00000012   Data   RO         4597    .constdata          cmd.o
    0x08009b22   0x08009b22   0x00000009   Data   RO         4598    .constdata          cmd.o
    0x08009b2b   0x08009b2b   0x0000000f   Data   RO         4599    .constdata          cmd.o
    0x08009b3a   0x08009b3a   0x0000000b   Data   RO         4600    .constdata          cmd.o
    0x08009b45   0x08009b45   0x00000011   Data   RO         4601    .constdata          cmd.o
    0x08009b56   0x08009b56   0x0000000b   Data   RO         4602    .constdata          cmd.o
    0x08009b61   0x08009b61   0x00000011   Data   RO         4603    .constdata          cmd.o
    0x08009b72   0x08009b72   0x0000000d   Data   RO         4604    .constdata          cmd.o
    0x08009b7f   0x08009b7f   0x00000013   Data   RO         4605    .constdata          cmd.o
    0x08009b92   0x08009b92   0x0000000d   Data   RO         4606    .constdata          cmd.o
    0x08009b9f   0x08009b9f   0x00000013   Data   RO         4607    .constdata          cmd.o
    0x08009bb2   0x08009bb2   0x0000000b   Data   RO         4608    .constdata          cmd.o
    0x08009bbd   0x08009bbd   0x00000011   Data   RO         4609    .constdata          cmd.o
    0x08009bce   0x08009bce   0x0000000c   Data   RO         4610    .constdata          cmd.o
    0x08009bda   0x08009bda   0x00000012   Data   RO         4611    .constdata          cmd.o
    0x08009bec   0x08009bec   0x00000005   Data   RO         4612    .constdata          cmd.o
    0x08009bf1   0x08009bf1   0x00000003   PAD
    0x08009bf4   0x08009bf4   0x00000050   Data   RO         4613    .constdata          cmd.o
    0x08009c44   0x08009c44   0x0000000b   Data   RO         4753    .constdata          msh_1.o
    0x08009c4f   0x08009c4f   0x00000009   Data   RO         4800    .constdata          msh_cmd.o
    0x08009c58   0x08009c58   0x0000000b   Data   RO         4801    .constdata          msh_cmd.o
    0x08009c63   0x08009c63   0x0000000b   Data   RO         4802    .constdata          msh_cmd.o
    0x08009c6e   0x08009c6e   0x00000012   Data   RO         4848    .constdata          shell.o
    0x08009c80   0x08009c80   0x0000000a   Data   RO         5020    .constdata          components.o
    0x08009c8a   0x08009c8a   0x00000010   Data   RO         5021    .constdata          components.o
    0x08009c9a   0x08009c9a   0x0000000e   Data   RO         5022    .constdata          components.o
    0x08009ca8   0x08009ca8   0x00000008   Data   RO         5023    .constdata          components.o
    0x08009cb0   0x08009cb0   0x00000122   Data   RO         5485    .constdata          kservice.o
    0x08009dd2   0x08009dd2   0x00000009   Data   RO         5652    .constdata          mem.o
    0x08009ddb   0x08009ddb   0x00000001   PAD
    0x08009ddc   0x08009ddc   0x0000015d   Data   RO         4614    .conststring        cmd.o
    0x08009f39   0x08009f39   0x00000003   PAD
    0x08009f3c   0x08009f3c   0x00000008   Data   RO         5024    .rti_fn.0           components.o
    0x08009f44   0x08009f44   0x00000008   Data   RO         5025    .rti_fn.0.end       components.o
    0x08009f4c   0x08009f4c   0x00000008   Data   RO         1406    .rti_fn.1           usart2.o
    0x08009f54   0x08009f54   0x00000008   Data   RO         5026    .rti_fn.1.end       components.o
    0x08009f5c   0x08009f5c   0x00000008   Data   RO         4850    .rti_fn.3           shell.o
    0x08009f64   0x08009f64   0x00000008   Data   RO         5027    .rti_fn.6.end       components.o
    0x08009f6c   0x08009f6c   0x00000008   Data   RO         4123    FSymTab             msh.o
    0x08009f74   0x08009f74   0x00000008   Data   RO         4124    FSymTab             msh.o
    0x08009f7c   0x08009f7c   0x00000008   Data   RO         4125    FSymTab             msh.o
    0x08009f84   0x08009f84   0x00000008   Data   RO         4126    FSymTab             msh.o
    0x08009f8c   0x08009f8c   0x00000008   Data   RO         4127    FSymTab             msh.o
    0x08009f94   0x08009f94   0x00000008   Data   RO         4128    FSymTab             msh.o
    0x08009f9c   0x08009f9c   0x00000008   Data   RO         4129    FSymTab             msh.o
    0x08009fa4   0x08009fa4   0x00000008   Data   RO         4130    FSymTab             msh.o
    0x08009fac   0x08009fac   0x00000008   Data   RO         4131    FSymTab             msh.o
    0x08009fb4   0x08009fb4   0x00000008   Data   RO         4615    FSymTab             cmd.o
    0x08009fbc   0x08009fbc   0x00000008   Data   RO         4616    FSymTab             cmd.o
    0x08009fc4   0x08009fc4   0x00000008   Data   RO         4617    FSymTab             cmd.o
    0x08009fcc   0x08009fcc   0x00000008   Data   RO         4618    FSymTab             cmd.o
    0x08009fd4   0x08009fd4   0x00000008   Data   RO         4619    FSymTab             cmd.o
    0x08009fdc   0x08009fdc   0x00000008   Data   RO         4620    FSymTab             cmd.o
    0x08009fe4   0x08009fe4   0x00000008   Data   RO         4621    FSymTab             cmd.o
    0x08009fec   0x08009fec   0x00000008   Data   RO         4622    FSymTab             cmd.o
    0x08009ff4   0x08009ff4   0x00000008   Data   RO         4623    FSymTab             cmd.o
    0x08009ffc   0x08009ffc   0x00000008   Data   RO         4624    FSymTab             cmd.o
    0x0800a004   0x0800a004   0x00000008   Data   RO         4625    FSymTab             cmd.o
    0x0800a00c   0x0800a00c   0x00000008   Data   RO         4626    FSymTab             cmd.o
    0x0800a014   0x0800a014   0x00000008   Data   RO         4627    FSymTab             cmd.o
    0x0800a01c   0x0800a01c   0x00000008   Data   RO         4628    FSymTab             cmd.o
    0x0800a024   0x0800a024   0x00000008   Data   RO         4629    FSymTab             cmd.o
    0x0800a02c   0x0800a02c   0x00000008   Data   RO         4630    FSymTab             cmd.o
    0x0800a034   0x0800a034   0x00000008   Data   RO         4631    FSymTab             cmd.o
    0x0800a03c   0x0800a03c   0x00000008   Data   RO         4632    FSymTab             cmd.o
    0x0800a044   0x0800a044   0x00000008   Data   RO         4633    FSymTab             cmd.o
    0x0800a04c   0x0800a04c   0x00000008   Data   RO         4634    FSymTab             cmd.o
    0x0800a054   0x0800a054   0x00000008   Data   RO         4754    FSymTab             msh_1.o
    0x0800a05c   0x0800a05c   0x00000008   Data   RO         4803    FSymTab             msh_cmd.o
    0x0800a064   0x0800a064   0x00000008   Data   RO         4804    FSymTab             msh_cmd.o
    0x0800a06c   0x0800a06c   0x00000008   Data   RO         4805    FSymTab             msh_cmd.o
    0x0800a074   0x0800a074   0x00000008   Data   RO         5654    FSymTab             mem.o
    0x0800a07c   0x0800a07c   0x00000020   Data   RO         6476    Region$$Table       anon$$obj.o


    Execution Region RW_IRAM1 (Exec base: 0x20000000, Load base: 0x0800a09c, Size: 0x000014f0, Max: 0x00020000, ABSOLUTE, COMPRESSED[0x00000064])

    Exec Addr    Load Addr    Size         Type   Attr      Idx    E Section Name        Object

    0x20000000   COMPRESSED   0x00000014   Data   RW          297    .data               system_stm32f4xx.o
    0x20000014   COMPRESSED   0x00000010   Data   RW          391    .data               sdio_sdcard.o
    0x20000024   COMPRESSED   0x00000001   Data   RW          790    .data               hmi.o
    0x20000025   COMPRESSED   0x00000001   PAD
    0x20000026   COMPRESSED   0x00000004   Data   RW         1256    .data               delay.o
    0x2000002a   COMPRESSED   0x00000003   Data   RW         1339    .data               usart1.o
    0x2000002d   COMPRESSED   0x00000003   PAD
    0x20000030   COMPRESSED   0x00000004   Data   RW         1340    .data               usart1.o
    0x20000034   COMPRESSED   0x00000010   Data   RW         1721    .data               stm32f4xx_rcc.o
    0x20000044   COMPRESSED   0x00000002   Data   RW         3853    .data               ff.o
    0x20000046   COMPRESSED   0x00000002   PAD
    0x20000048   COMPRESSED   0x0000002c   Data   RW         4212    .data               app.o
    0x20000074   COMPRESSED   0x00000004   Data   RW         4849    .data               shell.o
    0x20000078   COMPRESSED   0x00000004   Data   RW         4916    .data               symbol.o
    0x2000007c   COMPRESSED   0x00000004   Data   RW         4917    .data               symbol.o
    0x20000080   COMPRESSED   0x00000004   Data   RW         4940    .data               cpuport.o
    0x20000084   COMPRESSED   0x00000004   Data   RW         4941    .data               cpuport.o
    0x20000088   COMPRESSED   0x00000004   Data   RW         4942    .data               cpuport.o
    0x2000008c   COMPRESSED   0x00000004   Data   RW         4943    .data               cpuport.o
    0x20000090   COMPRESSED   0x00000004   Data   RW         4977    .data               clock.o
    0x20000094   COMPRESSED   0x00000004   Data   RW         5168    .data               idle.o
    0x20000098   COMPRESSED   0x0000000c   Data   RW         5420    .data               irq.o
    0x200000a4   COMPRESSED   0x00000008   Data   RW         5486    .data               kservice.o
    0x200000ac   COMPRESSED   0x00000020   Data   RW         5653    .data               mem.o
    0x200000cc   COMPRESSED   0x00000094   Data   RW         5727    .data               object.o
    0x20000160   COMPRESSED   0x00000018   Data   RW         5822    .data               scheduler.o
    0x20000178   COMPRESSED   0x0000000c   Data   RW         5901    .data               thread.o
    0x20000184   COMPRESSED   0x00000010   Data   RW         6029    .data               timer.o
    0x20000194   COMPRESSED   0x00000004   PAD
    0x20000198        -       0x000002c0   Zero   RW          390    .bss                sdio_sdcard.o
    0x20000458        -       0x000000c8   Zero   RW         1338    .bss                usart1.o
    0x20000520        -       0x0000005c   Zero   RW         1404    .bss                usart2.o
    0x2000057c        -       0x00000064   Zero   RW         1485    .bss                usart3.o
    0x200005e0        -       0x00000230   Zero   RW         3676    .bss                exfuns.o
    0x20000810        -       0x00000228   Zero   RW         3678    .bss                exfuns.o
    0x20000a38        -       0x0000000c   Zero   RW         3851    .bss                ff.o
    0x20000a44        -       0x00000144   Zero   RW         4211    .bss                app.o
    0x20000b88        -       0x00000304   Zero   RW         4847    .bss                shell.o
    0x20000e8c        -       0x00000180   Zero   RW         5167    .bss                idle.o
    0x2000100c        -       0x00000080   Zero   RW         5484    .bss                kservice.o
    0x2000108c        -       0x00000020   Zero   RW         5651    .bss                mem.o
    0x200010ac        -       0x00000040   Zero   RW         5821    .bss                scheduler.o
    0x200010ec   COMPRESSED   0x00000004   PAD
    0x200010f0        -       0x00000400   Zero   RW            1    STACK               startup_stm32f40_41xxx.o


==============================================================================

Image component sizes


      Code (inc. data)   RO Data    RW Data    ZI Data      Debug   Object Name

       446         26          0          0          0       2607   adc.o
      2008        398          0         44        324       8694   app.o
       270         88          0          0          0      27324   board.o
        56         12          0          4          0       1305   clock.o
      2396       1158        854          0          0      18987   cmd.o
         0          0          0          0          0        948   completion.o
       314        120         80          0          0       6812   components.o
       268         24          0          0          0        892   context_rvds.o
       324        168          0         16          0       3718   cpuport.o
       456         30          0          0          0       6261   csv_database.o
       300         58          0          0          0       1717   dac.o
       520         38          0          0          0       3631   data_math.o
       192         22          0          4          0       2781   delay.o
       412         62          0          0          0       5898   device.o
       190          4          0          0          0       4976   diskio.o
       116          4          0          0          0       1127   dma.o
         0          0          0          0       1112       3564   exfuns.o
      5078         42          0          2         12      31523   ff.o
      1700        300          0          1          0      11538   hmi.o
       196         30          0          4        384       4238   idle.o
      1016         30          0          0          0       9873   ipc.o
        84         14          0         12          0       2378   irq.o
      1574        180        290          8        128      14111   kservice.o
        60          4          0          0          0        519   led.o
        10          0          0          0          0     329575   main.o
       716        174         17         32         32       5002   mem.o
       124          4          0          0          0       1510   misc.o
       404        132        175          0          0      10449   msh.o
       672        116         19          0          0       7191   msh_1.o
        24          0         55          0          0       2884   msh_cmd.o
       298         20          0        148          0       6660   object.o
         0          0          0          0          0       2144   pipe.o
       324          0          0          0          0       4243   ringbuffer.o
       302         16          0          0          0       3571   rtc.o
       412         56          0         24         64       7006   scheduler.o
      6004        274          0         16        704      34805   sdio_sdcard.o
      1308        162         26          4        772       6593   shell.o
        36          8        392          0       1024        848   startup_stm32f40_41xxx.o
       318         26          0          0          0       6057   stm32f4xx_adc.o
       104         20          0          0          0       3001   stm32f4xx_dac.o
       430         24          0          0          0       4504   stm32f4xx_dma.o
        12          6          0          0          0        533   stm32f4xx_exti.o
       198          0          0          0          0       2294   stm32f4xx_gpio.o
        12          0          0          0          0       2703   stm32f4xx_it.o
        72         22          0          0          0       2036   stm32f4xx_pwr.o
       404         68          0         16          0       8208   stm32f4xx_rcc.o
       926         88          0          0          0      11077   stm32f4xx_rtc.o
       192         36          0          0          0       5689   stm32f4xx_sdio.o
       354          8          0          0          0       6630   stm32f4xx_usart.o
        60          6          0          0          0        534   switch.o
         0          0          0          8          0       4281   symbol.o
        16          0          0          0          0        472   sys.o
       272         36          0         20          0       1769   system_stm32f4xx.o
       820         62          0         12          0      12123   thread.o
       526         24          0         16          0       8621   timer.o
       364         34          0          7        200       4299   usart1.o
       798         62         25          0         92      36276   usart2.o
       180         18          0          0        100       1205   usart3.o
       186         14          0          0          0       1716   wkup.o
         0          0          0          0          0        948   workqueue.o

    ----------------------------------------------------------------------
     34916       4328       1972        404       4956     722879   Object Totals
         0          0         32          0          0          0   (incl. Generated)
        62          0          7          6          8          0   (incl. Padding)

    ----------------------------------------------------------------------

      Code (inc. data)   RO Data    RW Data    ZI Data      Debug   Library Member Name

        86          0          0          0          0          0   __dczerorl2.o
         0          0          0          0          0          0   entry.o
         0          0          0          0          0          0   entry10a.o
         0          0          0          0          0          0   entry11a.o
         8          4          0          0          0          0   entry2.o
         4          0          0          0          0          0   entry5.o
         0          0          0          0          0          0   entry7b.o
         0          0          0          0          0          0   entry8b.o
         8          4          0          0          0          0   entry9a.o
        30          0          0          0          0          0   handlers.o
        36          8          0          0          0         68   init.o
         0          0          0          0          0          0   iusefp.o
        98          0          0          0          0         84   ldiv.o
        30          0          0          0          0         68   llshl.o
        36          0          0          0          0         68   llsshr.o
        32          0          0          0          0         68   llushr.o
        36          0          0          0          0         68   memcpya.o
        36          0          0          0          0        108   memseta.o
      2374        100          0          0          0        752   printfa.o
        24          0          0          0          0         68   strcat.o
        18          0          0          0          0         68   strcpy.o
        14          0          0          0          0         68   strlen.o
        30          0          0          0          0         80   strncmp.o
        44          0          0          0          0         80   uidiv.o
        98          0          0          0          0         92   uldiv.o
        48          0          0          0          0         68   cdrcmple.o
       334          0          0          0          0        148   dadd.o
       222          0          0          0          0        100   ddiv.o
       186          0          0          0          0        176   depilogue.o
        50          0          0          0          0         76   dfixui.o
        48          0          0          0          0         68   dfixul.o
        26          0          0          0          0         76   dfltui.o
       228          0          0          0          0         96   dmul.o
        38          0          0          0          0         68   f2d.o

    ----------------------------------------------------------------------
      4228        116          0          0          0       2616   Library Totals
         6          0          0          0          0          0   (incl. Padding)

    ----------------------------------------------------------------------

      Code (inc. data)   RO Data    RW Data    ZI Data      Debug   Library Name

      3042        116          0          0          0       1740   mc_w.l
      1180          0          0          0          0        876   mf_w.l

    ----------------------------------------------------------------------
      4228        116          0          0          0       2616   Library Totals

    ----------------------------------------------------------------------

==============================================================================


      Code (inc. data)   RO Data    RW Data    ZI Data      Debug   

     39144       4444       1972        404       4956     687823   Grand Totals
     39144       4444       1972        100       4956     687823   ELF Image Totals (compressed)
     39144       4444       1972        100          0          0   ROM Totals

==============================================================================

    Total RO  Size (Code + RO Data)                41116 (  40.15kB)
    Total RW  Size (RW Data + ZI Data)              5360 (   5.23kB)
    Total ROM Size (Code + RO Data + RW Data)      41216 (  40.25kB)

==============================================================================

